<?xml version="1.0" encoding="utf-8"?>
<test-run id="2" testcasecount="698" result="Failed(Child)" total="698" passed="687" failed="11" inconclusive="0" skipped="0" asserts="0" engine-version="3.5.0.0" clr-version="4.0.30319.42000" start-time="2026-08-20 08:11:00Z" end-time="2026-08-20 08:11:02Z" duration="1.4761615">
  <test-suite type="TestSuite" id="1000" name="Lattirune" fullname="Lattirune" runstate="Runnable" testcasecount="698" result="Failed" site="Child" start-time="2026-08-20 08:11:00Z" end-time="2026-08-20 08:11:02Z" duration="1.476162" total="698" passed="687" failed="11" inconclusive="0" skipped="0" asserts="0">
    <properties>
      <property name="platform" value="EditMode" />
    </properties>
    <failure>
      <message><![CDATA[One or more child tests had errors]]></message>
    </failure>
    <test-suite type="Assembly" id="1780" name="Lattirune.Tests.dll" fullname="C:/GAME PLAN/Library/ScriptAssemblies/Lattirune.Tests.dll" runstate="Runnable" testcasecount="698" result="Failed" site="Child" start-time="2026-08-20 08:11:00Z" end-time="2026-08-20 08:11:02Z" duration="1.468476" total="698" passed="687" failed="11" inconclusive="0" skipped="0" asserts="0">
      <properties>
        <property name="_PID" value="22852" />
        <property name="_APPDOMAIN" value="Unity Child Domain" />
        <property name="platform" value="EditMode" />
        <property name="EditorOnly" value="True" />
      </properties>
      <failure>
        <message><![CDATA[One or more child tests had errors]]></message>
      </failure>
      <test-suite type="TestSuite" id="1781" name="Lattirune" fullname="Lattirune" runstate="Runnable" testcasecount="698" result="Failed" site="Child" start-time="2026-08-20 08:11:00Z" end-time="2026-08-20 08:11:02Z" duration="1.463547" total="698" passed="687" failed="11" inconclusive="0" skipped="0" asserts="0">
        <properties />
        <failure>
          <message><![CDATA[One or more child tests had errors]]></message>
        </failure>
        <test-suite type="TestSuite" id="1782" name="Tests" fullname="Lattirune.Tests" runstate="Runnable" testcasecount="698" result="Failed" site="Child" start-time="2026-08-20 08:11:00Z" end-time="2026-08-20 08:11:02Z" duration="1.458118" total="698" passed="687" failed="11" inconclusive="0" skipped="0" asserts="0">
          <properties />
          <failure>
            <message><![CDATA[One or more child tests had errors]]></message>
          </failure>
          <test-suite type="TestFixture" id="1001" name="AabReleaseConfigurationTests" fullname="Lattirune.Tests.AabReleaseConfigurationTests" classname="Lattirune.Tests.AabReleaseConfigurationTests" runstate="Runnable" testcasecount="13" result="Passed" start-time="2026-08-20 08:11:00Z" end-time="2026-08-20 08:11:00Z" duration="0.032580" total="13" passed="13" failed="0" inconclusive="0" skipped="0" asserts="0">
            <properties />
            <test-case id="1011" name="AabRelease_BuildArtifactsIgnored_ByGit" fullname="Lattirune.Tests.AabReleaseConfigurationTests.AabRelease_BuildArtifactsIgnored_ByGit" methodname="AabRelease_BuildArtifactsIgnored_ByGit" classname="Lattirune.Tests.AabReleaseConfigurationTests" runstate="Runnable" seed="1046814909" result="Passed" start-time="2026-08-20 08:11:00Z" end-time="2026-08-20 08:11:00Z" duration="0.013674" asserts="0">
              <properties>
                <property name="retryIteration" value="0" />
                <property name="repeatIteration" value="0" />
              </properties>
            </test-case>
            <test-case id="1010" name="AabRelease_NoHardcodedSecretsInSource" fullname="Lattirune.Tests.AabReleaseConfigurationTests.AabRelease_NoHardcodedSecretsInSource" methodname="AabRelease_NoHardcodedSecretsInSource" classname="Lattirune.Tests.AabReleaseConfigurationTests" runstate="Runnable" seed="1399058598" result="Passed" start-time="2026-08-20 08:11:00Z" end-time="2026-08-20 08:11:00Z" duration="0.000500" asserts="0">
              <properties>
                <property name="retryIteration" value="0" />
                <property name="repeatIteration" value="0" />
              </properties>
            </test-case>
            <test-case id="1002" name="AabRelease_PackageIdentifier_Matches" fullname="Lattirune.Tests.AabReleaseConfigurationTests.AabRelease_PackageIdentifier_Matches" methodname="AabRelease_PackageIdentifier_Matches" classname="Lattirune.Tests.AabReleaseConfigurationTests" runstate="Runnable" seed="1281145486" result="Passed" start-time="2026-08-20 08:11:00Z" end-time="2026-08-20 08:11:00Z" duration="0.000181" asserts="0">
              <properties>
                <property name="retryIteration" value="0" />
                <property name="repeatIteration" value="0" />
              </properties>
            </test-case>
            <test-case id="1012" name="AabRelease_PhysicalQAStatus_RemainsNotCompleted" fullname="Lattirune.Tests.AabReleaseConfigurationTests.AabRelease_PhysicalQAStatus_RemainsNotCompleted" methodname="AabRelease_PhysicalQAStatus_RemainsNotCompleted" classname="Lattirune.Tests.AabReleaseConfigurationTests" runstate="Runnable" seed="2045742687" result="Passed" start-time="2026-08-20 08:11:00Z" end-time="2026-08-20 08:11:00Z" duration="0.000208" asserts="0">
              <properties>
                <property name="retryIteration" value="0" />
                <property name="repeatIteration" value="0" />
              </properties>
            </test-case>
            <test-case id="1008" name="AabRelease_PrivacyPolicyDoc_Exists" fullname="Lattirune.Tests.AabReleaseConfigurationTests.AabRelease_PrivacyPolicyDoc_Exists" methodname="AabRelease_PrivacyPolicyDoc_Exists" classname="Lattirune.Tests.AabReleaseConfigurationTests" runstate="Runnable" seed="968867264" result="Passed" start-time="2026-08-20 08:11:00Z" end-time="2026-08-20 08:11:00Z" duration="0.001371" asserts="0">
              <properties>
                <property name="retryIteration" value="0" />
                <property name="repeatIteration" value="0" />
              </properties>
            </test-case>
            <test-case id="1014" name="AabRelease_PrivacyPolicyUrlStatus_IsNotHosted" fullname="Lattirune.Tests.AabReleaseConfigurationTests.AabRelease_PrivacyPolicyUrlStatus_IsNotHosted" methodname="AabRelease_PrivacyPolicyUrlStatus_IsNotHosted" classname="Lattirune.Tests.AabReleaseConfigurationTests" runstate="Runnable" seed="1394014574" result="Passed" start-time="2026-08-20 08:11:00Z" end-time="2026-08-20 08:11:00Z" duration="0.000178" asserts="0">
              <properties>
                <property name="retryIteration" value="0" />
                <property name="repeatIteration" value="0" />
              </properties>
            </test-case>
            <test-case id="1005" name="AabRelease_SaveVersion_IsOne" fullname="Lattirune.Tests.AabReleaseConfigurationTests.AabRelease_SaveVersion_IsOne" methodname="AabRelease_SaveVersion_IsOne" classname="Lattirune.Tests.AabReleaseConfigurationTests" runstate="Runnable" seed="1551812152" result="Passed" start-time="2026-08-20 08:11:00Z" end-time="2026-08-20 08:11:00Z" duration="0.002993" asserts="0">
              <properties>
                <property name="retryIteration" value="0" />
                <property name="repeatIteration" value="0" />
              </properties>
            </test-case>
            <test-case id="1009" name="AabRelease_SubmissionChecklistDoc_Exists" fullname="Lattirune.Tests.AabReleaseConfigurationTests.AabRelease_SubmissionChecklistDoc_Exists" methodname="AabRelease_SubmissionChecklistDoc_Exists" classname="Lattirune.Tests.AabReleaseConfigurationTests" runstate="Runnable" seed="608819732" result="Passed" start-time="2026-08-20 08:11:00Z" end-time="2026-08-20 08:11:00Z" duration="0.000171" asserts="0">
              <properties>
                <property name="retryIteration" value="0" />
                <property name="repeatIteration" value="0" />
              </properties>
            </test-case>
            <test-case id="1006" name="AabRelease_TargetAabOutputPath_IsLattirune100Aab" fullname="Lattirune.Tests.AabReleaseConfigurationTests.AabRelease_TargetAabOutputPath_IsLattirune100Aab" methodname="AabRelease_TargetAabOutputPath_IsLattirune100Aab" classname="Lattirune.Tests.AabReleaseConfigurationTests" runstate="Runnable" seed="1487674166" result="Passed" start-time="2026-08-20 08:11:00Z" end-time="2026-08-20 08:11:00Z" duration="0.000158" asserts="0">
              <properties>
                <property name="retryIteration" value="0" />
                <property name="repeatIteration" value="0" />
              </properties>
            </test-case>
            <test-case id="1007" name="AabRelease_TargetApkOutputPath_IsLattirune100Apk" fullname="Lattirune.Tests.AabReleaseConfigurationTests.AabRelease_TargetApkOutputPath_IsLattirune100Apk" methodname="AabRelease_TargetApkOutputPath_IsLattirune100Apk" classname="Lattirune.Tests.AabReleaseConfigurationTests" runstate="Runnable" seed="157621196" result="Passed" start-time="2026-08-20 08:11:00Z" end-time="2026-08-20 08:11:00Z" duration="0.000133" asserts="0">
              <properties>
                <property name="retryIteration" value="0" />
                <property name="repeatIteration" value="0" />
              </properties>
            </test-case>
            <test-case id="1004" name="AabRelease_VersionCode_IsOne" fullname="Lattirune.Tests.AabReleaseConfigurationTests.AabRelease_VersionCode_IsOne" methodname="AabRelease_VersionCode_IsOne" classname="Lattirune.Tests.AabReleaseConfigurationTests" runstate="Runnable" seed="602068087" result="Passed" start-time="2026-08-20 08:11:00Z" end-time="2026-08-20 08:11:00Z" duration="0.000148" asserts="0">
              <properties>
                <property name="retryIteration" value="0" />
                <property name="repeatIteration" value="0" />
              </properties>
            </test-case>
            <test-case id="1003" name="AabRelease_VersionName_IsOnePointZeroPointZero" fullname="Lattirune.Tests.AabReleaseConfigurationTests.AabRelease_VersionName_IsOnePointZeroPointZero" methodname="AabRelease_VersionName_IsOnePointZeroPointZero" classname="Lattirune.Tests.AabReleaseConfigurationTests" runstate="Runnable" seed="1402830824" result="Passed" start-time="2026-08-20 08:11:00Z" end-time="2026-08-20 08:11:00Z" duration="0.000133" asserts="0">
              <properties>
                <property name="retryIteration" value="0" />
                <property name="repeatIteration" value="0" />
              </properties>
            </test-case>
            <test-case id="1013" name="AabRelease_ZeroTelemetryAndZeroAds" fullname="Lattirune.Tests.AabReleaseConfigurationTests.AabRelease_ZeroTelemetryAndZeroAds" methodname="AabRelease_ZeroTelemetryAndZeroAds" classname="Lattirune.Tests.AabReleaseConfigurationTests" runstate="Runnable" seed="1449088607" result="Passed" start-time="2026-08-20 08:11:00Z" end-time="2026-08-20 08:11:00Z" duration="0.000168" asserts="0">
              <properties>
                <property name="retryIteration" value="0" />
                <property name="repeatIteration" value="0" />
              </properties>
            </test-case>
          </test-suite>
          <test-suite type="TestFixture" id="1015" name="AndroidDeviceQARecordTests" fullname="Lattirune.Tests.AndroidDeviceQARecordTests" classname="Lattirune.Tests.AndroidDeviceQARecordTests" runstate="Runnable" testcasecount="12" result="Passed" start-time="2026-08-20 08:11:00Z" end-time="2026-08-20 08:11:00Z" duration="0.011139" total="12" passed="12" failed="0" inconclusive="0" skipped="0" asserts="0">
            <properties />
            <test-case id="1024" name="DeviceQARecord_CanonicalItemCatalogue_Has20Items" fullname="Lattirune.Tests.AndroidDeviceQARecordTests.DeviceQARecord_CanonicalItemCatalogue_Has20Items" methodname="DeviceQARecord_CanonicalItemCatalogue_Has20Items" classname="Lattirune.Tests.AndroidDeviceQARecordTests" runstate="Runnable" seed="769653363" result="Passed" start-time="2026-08-20 08:11:00Z" end-time="2026-08-20 08:11:00Z" duration="0.003141" asserts="0">
              <properties>
                <property name="retryIteration" value="0" />
                <property name="repeatIteration" value="0" />
              </properties>
            </test-case>
            <test-case id="1025" name="DeviceQARecord_CanonicalRuneCatalogue_Has10Runes" fullname="Lattirune.Tests.AndroidDeviceQARecordTests.DeviceQARecord_CanonicalRuneCatalogue_Has10Runes" methodname="DeviceQARecord_CanonicalRuneCatalogue_Has10Runes" classname="Lattirune.Tests.AndroidDeviceQARecordTests" runstate="Runnable" seed="333142410" result="Passed" start-time="2026-08-20 08:11:00Z" end-time="2026-08-20 08:11:00Z" duration="0.001482" asserts="0">
              <properties>
                <property name="retryIteration" value="0" />
                <property name="repeatIteration" value="0" />
              </properties>
            </test-case>
            <test-case id="1027" name="DeviceQARecord_LichLordBoss_HasThreePhases" fullname="Lattirune.Tests.AndroidDeviceQARecordTests.DeviceQARecord_LichLordBoss_HasThreePhases" methodname="DeviceQARecord_LichLordBoss_HasThreePhases" classname="Lattirune.Tests.AndroidDeviceQARecordTests" runstate="Runnable" seed="558981305" result="Passed" start-time="2026-08-20 08:11:00Z" end-time="2026-08-20 08:11:00Z" duration="0.000803" asserts="0">
              <properties>
                <property name="retryIteration" value="0" />
                <property name="repeatIteration" value="0" />
              </properties>
            </test-case>
            <test-case id="1016" name="DeviceQARecord_ManualChecklistDocument_Exists" fullname="Lattirune.Tests.AndroidDeviceQARecordTests.DeviceQARecord_ManualChecklistDocument_Exists" methodname="DeviceQARecord_ManualChecklistDocument_Exists" classname="Lattirune.Tests.AndroidDeviceQARecordTests" runstate="Runnable" seed="439084769" result="Passed" start-time="2026-08-20 08:11:00Z" end-time="2026-08-20 08:11:00Z" duration="0.000152" asserts="0">
              <properties>
                <property name="retryIteration" value="0" />
                <property name="repeatIteration" value="0" />
              </properties>
            </test-case>
            <test-case id="1019" name="DeviceQARecord_PackageIdentifier_Matches" fullname="Lattirune.Tests.AndroidDeviceQARecordTests.DeviceQARecord_PackageIdentifier_Matches" methodname="DeviceQARecord_PackageIdentifier_Matches" classname="Lattirune.Tests.AndroidDeviceQARecordTests" runstate="Runnable" seed="807574206" result="Passed" start-time="2026-08-20 08:11:00Z" end-time="2026-08-20 08:11:00Z" duration="0.000129" asserts="0">
              <properties>
                <property name="retryIteration" value="0" />
                <property name="repeatIteration" value="0" />
              </properties>
            </test-case>
            <test-case id="1023" name="DeviceQARecord_PhysicalQAStatus_IsExplicitlyNotTested" fullname="Lattirune.Tests.AndroidDeviceQARecordTests.DeviceQARecord_PhysicalQAStatus_IsExplicitlyNotTested" methodname="DeviceQARecord_PhysicalQAStatus_IsExplicitlyNotTested" classname="Lattirune.Tests.AndroidDeviceQARecordTests" runstate="Runnable" seed="2117573641" result="Passed" start-time="2026-08-20 08:11:00Z" end-time="2026-08-20 08:11:00Z" duration="0.000146" asserts="0">
              <properties>
                <property name="retryIteration" value="0" />
                <property name="repeatIteration" value="0" />
              </properties>
            </test-case>
            <test-case id="1018" name="DeviceQARecord_ReleaseApkPath_IsLattirune100" fullname="Lattirune.Tests.AndroidDeviceQARecordTests.DeviceQARecord_ReleaseApkPath_IsLattirune100" methodname="DeviceQARecord_ReleaseApkPath_IsLattirune100" classname="Lattirune.Tests.AndroidDeviceQARecordTests" runstate="Runnable" seed="1045213372" result="Passed" start-time="2026-08-20 08:11:00Z" end-time="2026-08-20 08:11:00Z" duration="0.000149" asserts="0">
              <properties>
                <property name="retryIteration" value="0" />
                <property name="repeatIteration" value="0" />
              </properties>
            </test-case>
            <test-case id="1017" name="DeviceQARecord_ReleaseNotesDocument_Exists" fullname="Lattirune.Tests.AndroidDeviceQARecordTests.DeviceQARecord_ReleaseNotesDocument_Exists" methodname="DeviceQARecord_ReleaseNotesDocument_Exists" classname="Lattirune.Tests.AndroidDeviceQARecordTests" runstate="Runnable" seed="1971659315" result="Passed" start-time="2026-08-20 08:11:00Z" end-time="2026-08-20 08:11:00Z" duration="0.000124" asserts="0">
              <properties>
                <property name="retryIteration" value="0" />
                <property name="repeatIteration" value="0" />
              </properties>
            </test-case>
            <test-case id="1022" name="DeviceQARecord_SaveVersion_MatchesOne" fullname="Lattirune.Tests.AndroidDeviceQARecordTests.DeviceQARecord_SaveVersion_MatchesOne" methodname="DeviceQARecord_SaveVersion_MatchesOne" classname="Lattirune.Tests.AndroidDeviceQARecordTests" runstate="Runnable" seed="1400448504" result="Passed" start-time="2026-08-20 08:11:00Z" end-time="2026-08-20 08:11:00Z" duration="0.000151" asserts="0">
              <properties>
                <property name="retryIteration" value="0" />
                <property name="repeatIteration" value="0" />
              </properties>
            </test-case>
            <test-case id="1026" name="DeviceQARecord_TenFloorDungeon_Has10Floors" fullname="Lattirune.Tests.AndroidDeviceQARecordTests.DeviceQARecord_TenFloorDungeon_Has10Floors" methodname="DeviceQARecord_TenFloorDungeon_Has10Floors" classname="Lattirune.Tests.AndroidDeviceQARecordTests" runstate="Runnable" seed="1055051566" result="Passed" start-time="2026-08-20 08:11:00Z" end-time="2026-08-20 08:11:00Z" duration="0.002392" asserts="0">
              <properties>
                <property name="retryIteration" value="0" />
                <property name="repeatIteration" value="0" />
              </properties>
            </test-case>
            <test-case id="1020" name="DeviceQARecord_Version_Matches100" fullname="Lattirune.Tests.AndroidDeviceQARecordTests.DeviceQARecord_Version_Matches100" methodname="DeviceQARecord_Version_Matches100" classname="Lattirune.Tests.AndroidDeviceQARecordTests" runstate="Runnable" seed="850810456" result="Passed" start-time="2026-08-20 08:11:00Z" end-time="2026-08-20 08:11:00Z" duration="0.000146" asserts="0">
              <properties>
                <property name="retryIteration" value="0" />
                <property name="repeatIteration" value="0" />
              </properties>
            </test-case>
            <test-case id="1021" name="DeviceQARecord_VersionCode_MatchesOne" fullname="Lattirune.Tests.AndroidDeviceQARecordTests.DeviceQARecord_VersionCode_MatchesOne" methodname="DeviceQARecord_VersionCode_MatchesOne" classname="Lattirune.Tests.AndroidDeviceQARecordTests" runstate="Runnable" seed="1075461759" result="Passed" start-time="2026-08-20 08:11:00Z" end-time="2026-08-20 08:11:00Z" duration="0.000139" asserts="0">
              <properties>
                <property name="retryIteration" value="0" />
                <property name="repeatIteration" value="0" />
              </properties>
            </test-case>
          </test-suite>
          <test-suite type="TestFixture" id="1028" name="AndroidReleaseArtifactTests" fullname="Lattirune.Tests.AndroidReleaseArtifactTests" classname="Lattirune.Tests.AndroidReleaseArtifactTests" runstate="Runnable" testcasecount="12" result="Passed" start-time="2026-08-20 08:11:00Z" end-time="2026-08-20 08:11:00Z" duration="0.009528" total="12" passed="12" failed="0" inconclusive="0" skipped="0" asserts="0">
            <properties />
            <test-case id="1036" name="ArtifactTests_CanonicalItemCatalogue_HasExact20Items" fullname="Lattirune.Tests.AndroidReleaseArtifactTests.ArtifactTests_CanonicalItemCatalogue_HasExact20Items" methodname="ArtifactTests_CanonicalItemCatalogue_HasExact20Items" classname="Lattirune.Tests.AndroidReleaseArtifactTests" runstate="Runnable" seed="1980559126" result="Passed" start-time="2026-08-20 08:11:00Z" end-time="2026-08-20 08:11:00Z" duration="0.000776" asserts="0">
              <properties>
                <property name="retryIteration" value="0" />
                <property name="repeatIteration" value="0" />
              </properties>
            </test-case>
            <test-case id="1037" name="ArtifactTests_CanonicalRuneCatalogue_HasExact10Runes" fullname="Lattirune.Tests.AndroidReleaseArtifactTests.ArtifactTests_CanonicalRuneCatalogue_HasExact10Runes" methodname="ArtifactTests_CanonicalRuneCatalogue_HasExact10Runes" classname="Lattirune.Tests.AndroidReleaseArtifactTests" runstate="Runnable" seed="1000091355" result="Passed" start-time="2026-08-20 08:11:00Z" end-time="2026-08-20 08:11:00Z" duration="0.000349" asserts="0">
              <properties>
                <property name="retryIteration" value="0" />
                <property name="repeatIteration" value="0" />
              </properties>
            </test-case>
            <test-case id="1033" name="ArtifactTests_CoreBootstrapScene_IsSpecified" fullname="Lattirune.Tests.AndroidReleaseArtifactTests.ArtifactTests_CoreBootstrapScene_IsSpecified" methodname="ArtifactTests_CoreBootstrapScene_IsSpecified" classname="Lattirune.Tests.AndroidReleaseArtifactTests" runstate="Runnable" seed="667678481" result="Passed" start-time="2026-08-20 08:11:00Z" end-time="2026-08-20 08:11:00Z" duration="0.000137" asserts="0">
              <properties>
                <property name="retryIteration" value="0" />
                <property name="repeatIteration" value="0" />
              </properties>
            </test-case>
            <test-case id="1034" name="ArtifactTests_DungeonTopology_HasExact10Floors" fullname="Lattirune.Tests.AndroidReleaseArtifactTests.ArtifactTests_DungeonTopology_HasExact10Floors" methodname="ArtifactTests_DungeonTopology_HasExact10Floors" classname="Lattirune.Tests.AndroidReleaseArtifactTests" runstate="Runnable" seed="1572489634" result="Passed" start-time="2026-08-20 08:11:00Z" end-time="2026-08-20 08:11:00Z" duration="0.000734" asserts="0">
              <properties>
                <property name="retryIteration" value="0" />
                <property name="repeatIteration" value="0" />
              </properties>
            </test-case>
            <test-case id="1039" name="ArtifactTests_ElementalReactions_HasAll5Reactions" fullname="Lattirune.Tests.AndroidReleaseArtifactTests.ArtifactTests_ElementalReactions_HasAll5Reactions" methodname="ArtifactTests_ElementalReactions_HasAll5Reactions" classname="Lattirune.Tests.AndroidReleaseArtifactTests" runstate="Runnable" seed="440167178" result="Passed" start-time="2026-08-20 08:11:00Z" end-time="2026-08-20 08:11:00Z" duration="0.000861" asserts="0">
              <properties>
                <property name="retryIteration" value="0" />
                <property name="repeatIteration" value="0" />
              </properties>
            </test-case>
            <test-case id="1035" name="ArtifactTests_LichLordBoss_IsLocatedAtFloor10" fullname="Lattirune.Tests.AndroidReleaseArtifactTests.ArtifactTests_LichLordBoss_IsLocatedAtFloor10" methodname="ArtifactTests_LichLordBoss_IsLocatedAtFloor10" classname="Lattirune.Tests.AndroidReleaseArtifactTests" runstate="Runnable" seed="1574155634" result="Passed" start-time="2026-08-20 08:11:00Z" end-time="2026-08-20 08:11:00Z" duration="0.000739" asserts="0">
              <properties>
                <property name="retryIteration" value="0" />
                <property name="repeatIteration" value="0" />
              </properties>
            </test-case>
            <test-case id="1038" name="ArtifactTests_MasterSynergies_HasAll5Combinations" fullname="Lattirune.Tests.AndroidReleaseArtifactTests.ArtifactTests_MasterSynergies_HasAll5Combinations" methodname="ArtifactTests_MasterSynergies_HasAll5Combinations" classname="Lattirune.Tests.AndroidReleaseArtifactTests" runstate="Runnable" seed="176179633" result="Passed" start-time="2026-08-20 08:11:00Z" end-time="2026-08-20 08:11:00Z" duration="0.002959" asserts="0">
              <properties>
                <property name="retryIteration" value="0" />
                <property name="repeatIteration" value="0" />
              </properties>
            </test-case>
            <test-case id="1030" name="ArtifactTests_Orientation_IsConfiguredAsPortrait" fullname="Lattirune.Tests.AndroidReleaseArtifactTests.ArtifactTests_Orientation_IsConfiguredAsPortrait" methodname="ArtifactTests_Orientation_IsConfiguredAsPortrait" classname="Lattirune.Tests.AndroidReleaseArtifactTests" runstate="Runnable" seed="56194728" result="Passed" start-time="2026-08-20 08:11:00Z" end-time="2026-08-20 08:11:00Z" duration="0.000255" asserts="0">
              <properties>
                <property name="retryIteration" value="0" />
                <property name="repeatIteration" value="0" />
              </properties>
            </test-case>
            <test-case id="1029" name="ArtifactTests_PackageIdentifier_MatchesSpecification" fullname="Lattirune.Tests.AndroidReleaseArtifactTests.ArtifactTests_PackageIdentifier_MatchesSpecification" methodname="ArtifactTests_PackageIdentifier_MatchesSpecification" classname="Lattirune.Tests.AndroidReleaseArtifactTests" runstate="Runnable" seed="532760858" result="Passed" start-time="2026-08-20 08:11:00Z" end-time="2026-08-20 08:11:00Z" duration="0.000141" asserts="0">
              <properties>
                <property name="retryIteration" value="0" />
                <property name="repeatIteration" value="0" />
              </properties>
            </test-case>
            <test-case id="1031" name="ArtifactTests_ReleaseArtifactPath_IsConfiguredProperly" fullname="Lattirune.Tests.AndroidReleaseArtifactTests.ArtifactTests_ReleaseArtifactPath_IsConfiguredProperly" methodname="ArtifactTests_ReleaseArtifactPath_IsConfiguredProperly" classname="Lattirune.Tests.AndroidReleaseArtifactTests" runstate="Runnable" seed="879187883" result="Passed" start-time="2026-08-20 08:11:00Z" end-time="2026-08-20 08:11:00Z" duration="0.000147" asserts="0">
              <properties>
                <property name="retryIteration" value="0" />
                <property name="repeatIteration" value="0" />
              </properties>
            </test-case>
            <test-case id="1032" name="ArtifactTests_SaveVersion_MatchesConstantOne" fullname="Lattirune.Tests.AndroidReleaseArtifactTests.ArtifactTests_SaveVersion_MatchesConstantOne" methodname="ArtifactTests_SaveVersion_MatchesConstantOne" classname="Lattirune.Tests.AndroidReleaseArtifactTests" runstate="Runnable" seed="1046893111" result="Passed" start-time="2026-08-20 08:11:00Z" end-time="2026-08-20 08:11:00Z" duration="0.000152" asserts="0">
              <properties>
                <property name="retryIteration" value="0" />
                <property name="repeatIteration" value="0" />
              </properties>
            </test-case>
            <test-case id="1040" name="ArtifactTests_TouchTargetHeight_ConformsTo52dpMinimum" fullname="Lattirune.Tests.AndroidReleaseArtifactTests.ArtifactTests_TouchTargetHeight_ConformsTo52dpMinimum" methodname="ArtifactTests_TouchTargetHeight_ConformsTo52dpMinimum" classname="Lattirune.Tests.AndroidReleaseArtifactTests" runstate="Runnable" seed="67943138" result="Passed" start-time="2026-08-20 08:11:00Z" end-time="2026-08-20 08:11:00Z" duration="0.000675" asserts="0">
              <properties>
                <property name="retryIteration" value="0" />
                <property name="repeatIteration" value="0" />
              </properties>
            </test-case>
          </test-suite>
          <test-suite type="TestFixture" id="1041" name="AudioControllerTests" fullname="Lattirune.Tests.AudioControllerTests" classname="Lattirune.Tests.AudioControllerTests" runstate="Runnable" testcasecount="6" result="Failed" site="Child" start-time="2026-08-20 08:11:00Z" end-time="2026-08-20 08:11:00Z" duration="0.025012" total="6" passed="5" failed="1" inconclusive="0" skipped="0" asserts="0">
            <properties />
            <failure>
              <message><![CDATA[One or more child tests had errors]]></message>
            </failure>
            <test-case id="1046" name="AudioController_AllFifteenCues_PlaySafelyWithoutExceptions" fullname="Lattirune.Tests.AudioControllerTests.AudioController_AllFifteenCues_PlaySafelyWithoutExceptions" methodname="AudioController_AllFifteenCues_PlaySafelyWithoutExceptions" classname="Lattirune.Tests.AudioControllerTests" runstate="Runnable" seed="775178535" result="Passed" start-time="2026-08-20 08:11:00Z" end-time="2026-08-20 08:11:00Z" duration="0.016977" asserts="0">
              <properties>
                <property name="retryIteration" value="0" />
                <property name="repeatIteration" value="0" />
              </properties>
            </test-case>
            <test-case id="1047" name="AudioController_BgmPlaybackAndMusicVolume_ControlsTrack" fullname="Lattirune.Tests.AudioControllerTests.AudioController_BgmPlaybackAndMusicVolume_ControlsTrack" methodname="AudioController_BgmPlaybackAndMusicVolume_ControlsTrack" classname="Lattirune.Tests.AudioControllerTests" runstate="Runnable" seed="1548441142" result="Failed" start-time="2026-08-20 08:11:00Z" end-time="2026-08-20 08:11:00Z" duration="0.003690" asserts="0">
              <properties>
                <property name="retryIteration" value="0" />
                <property name="repeatIteration" value="0" />
              </properties>
              <failure>
                <message><![CDATA[  Expected: True
  But was:  False
]]></message>
                <stack-trace><![CDATA[at Lattirune.Tests.AudioControllerTests.AudioController_BgmPlaybackAndMusicVolume_ControlsTrack () [0x0007a] in C:\GAME PLAN\Assets\_Project\Tests\AudioControllerTests.cs:105
]]></stack-trace>
              </failure>
            </test-case>
            <test-case id="1042" name="AudioController_Initializes_WithDefaultVolumes" fullname="Lattirune.Tests.AudioControllerTests.AudioController_Initializes_WithDefaultVolumes" methodname="AudioController_Initializes_WithDefaultVolumes" classname="Lattirune.Tests.AudioControllerTests" runstate="Runnable" seed="83285063" result="Passed" start-time="2026-08-20 08:11:00Z" end-time="2026-08-20 08:11:00Z" duration="0.000298" asserts="0">
              <properties>
                <property name="retryIteration" value="0" />
                <property name="repeatIteration" value="0" />
              </properties>
            </test-case>
            <test-case id="1044" name="AudioController_Mute_SetsEffectiveVolumeToZero" fullname="Lattirune.Tests.AudioControllerTests.AudioController_Mute_SetsEffectiveVolumeToZero" methodname="AudioController_Mute_SetsEffectiveVolumeToZero" classname="Lattirune.Tests.AudioControllerTests" runstate="Runnable" seed="2110454740" result="Passed" start-time="2026-08-20 08:11:00Z" end-time="2026-08-20 08:11:00Z" duration="0.000716" asserts="0">
              <properties>
                <property name="retryIteration" value="0" />
                <property name="repeatIteration" value="0" />
              </properties>
            </test-case>
            <test-case id="1045" name="AudioController_PlaySfx_UpdatesTelemetryAndLastCue" fullname="Lattirune.Tests.AudioControllerTests.AudioController_PlaySfx_UpdatesTelemetryAndLastCue" methodname="AudioController_PlaySfx_UpdatesTelemetryAndLastCue" classname="Lattirune.Tests.AudioControllerTests" runstate="Runnable" seed="1396989091" result="Passed" start-time="2026-08-20 08:11:00Z" end-time="2026-08-20 08:11:00Z" duration="0.001908" asserts="0">
              <properties>
                <property name="retryIteration" value="0" />
                <property name="repeatIteration" value="0" />
              </properties>
            </test-case>
            <test-case id="1043" name="AudioController_VolumeClamping_RestrictsValuesToZeroOne" fullname="Lattirune.Tests.AudioControllerTests.AudioController_VolumeClamping_RestrictsValuesToZeroOne" methodname="AudioController_VolumeClamping_RestrictsValuesToZeroOne" classname="Lattirune.Tests.AudioControllerTests" runstate="Runnable" seed="2045747061" result="Passed" start-time="2026-08-20 08:11:00Z" end-time="2026-08-20 08:11:00Z" duration="0.000275" asserts="0">
              <properties>
                <property name="retryIteration" value="0" />
                <property name="repeatIteration" value="0" />
              </properties>
            </test-case>
          </test-suite>
          <test-suite type="TestFixture" id="1048" name="BossCombatIntegrationTests" fullname="Lattirune.Tests.BossCombatIntegrationTests" classname="Lattirune.Tests.BossCombatIntegrationTests" runstate="Runnable" testcasecount="1" result="Passed" start-time="2026-08-20 08:11:00Z" end-time="2026-08-20 08:11:00Z" duration="0.005774" total="1" passed="1" failed="0" inconclusive="0" skipped="0" asserts="0">
            <properties />
            <test-case id="1049" name="BossCombat_Victory_TriggersRewardAndRunCompletion" fullname="Lattirune.Tests.BossCombatIntegrationTests.BossCombat_Victory_TriggersRewardAndRunCompletion" methodname="BossCombat_Victory_TriggersRewardAndRunCompletion" classname="Lattirune.Tests.BossCombatIntegrationTests" runstate="Runnable" seed="1308695715" result="Passed" start-time="2026-08-20 08:11:00Z" end-time="2026-08-20 08:11:00Z" duration="0.005156" asserts="0">
              <properties>
                <property name="retryIteration" value="0" />
                <property name="repeatIteration" value="0" />
              </properties>
            </test-case>
          </test-suite>
          <test-suite type="TestFixture" id="1050" name="BossPhaseTests" fullname="Lattirune.Tests.BossPhaseTests" classname="Lattirune.Tests.BossPhaseTests" runstate="Runnable" testcasecount="6" result="Passed" start-time="2026-08-20 08:11:00Z" end-time="2026-08-20 08:11:00Z" duration="0.002674" total="6" passed="6" failed="0" inconclusive="0" skipped="0" asserts="0">
            <properties />
            <test-case id="1052" name="BossDefinition_ValidatesCorrectly" fullname="Lattirune.Tests.BossPhaseTests.BossDefinition_ValidatesCorrectly" methodname="BossDefinition_ValidatesCorrectly" classname="Lattirune.Tests.BossPhaseTests" runstate="Runnable" seed="1309385962" result="Passed" start-time="2026-08-20 08:11:00Z" end-time="2026-08-20 08:11:00Z" duration="0.000542" asserts="0">
              <properties>
                <property name="retryIteration" value="0" />
                <property name="repeatIteration" value="0" />
              </properties>
            </test-case>
            <test-case id="1056" name="BossPhase_ScriptableObjects_RemainImmutable" fullname="Lattirune.Tests.BossPhaseTests.BossPhase_ScriptableObjects_RemainImmutable" methodname="BossPhase_ScriptableObjects_RemainImmutable" classname="Lattirune.Tests.BossPhaseTests" runstate="Runnable" seed="852360149" result="Passed" start-time="2026-08-20 08:11:00Z" end-time="2026-08-20 08:11:00Z" duration="0.000199" asserts="0">
              <properties>
                <property name="retryIteration" value="0" />
                <property name="repeatIteration" value="0" />
              </properties>
            </test-case>
            <test-case id="1051" name="BossPhase_ValidatesCorrectly" fullname="Lattirune.Tests.BossPhaseTests.BossPhase_ValidatesCorrectly" methodname="BossPhase_ValidatesCorrectly" classname="Lattirune.Tests.BossPhaseTests" runstate="Runnable" seed="1616900795" result="Passed" start-time="2026-08-20 08:11:00Z" end-time="2026-08-20 08:11:00Z" duration="0.000254" asserts="0">
              <properties>
                <property name="retryIteration" value="0" />
                <property name="repeatIteration" value="0" />
              </properties>
            </test-case>
            <test-case id="1053" name="LichLord_BaseStats_MatchPlan" fullname="Lattirune.Tests.BossPhaseTests.LichLord_BaseStats_MatchPlan" methodname="LichLord_BaseStats_MatchPlan" classname="Lattirune.Tests.BossPhaseTests" runstate="Runnable" seed="513939840" result="Passed" start-time="2026-08-20 08:11:00Z" end-time="2026-08-20 08:11:00Z" duration="0.000212" asserts="0">
              <properties>
                <property name="retryIteration" value="0" />
                <property name="repeatIteration" value="0" />
              </properties>
            </test-case>
            <test-case id="1054" name="LichLord_PhaseCount_IsThree" fullname="Lattirune.Tests.BossPhaseTests.LichLord_PhaseCount_IsThree" methodname="LichLord_PhaseCount_IsThree" classname="Lattirune.Tests.BossPhaseTests" runstate="Runnable" seed="1772804086" result="Passed" start-time="2026-08-20 08:11:00Z" end-time="2026-08-20 08:11:00Z" duration="0.000189" asserts="0">
              <properties>
                <property name="retryIteration" value="0" />
                <property name="repeatIteration" value="0" />
              </properties>
            </test-case>
            <test-case id="1055" name="LichLord_PhaseThresholds_AreDescending" fullname="Lattirune.Tests.BossPhaseTests.LichLord_PhaseThresholds_AreDescending" methodname="LichLord_PhaseThresholds_AreDescending" classname="Lattirune.Tests.BossPhaseTests" runstate="Runnable" seed="602773633" result="Passed" start-time="2026-08-20 08:11:00Z" end-time="2026-08-20 08:11:00Z" duration="0.000187" asserts="0">
              <properties>
                <property name="retryIteration" value="0" />
                <property name="repeatIteration" value="0" />
              </properties>
            </test-case>
          </test-suite>
          <test-suite type="TestFixture" id="1057" name="BossSystemTests" fullname="Lattirune.Tests.BossSystemTests" classname="Lattirune.Tests.BossSystemTests" runstate="Runnable" testcasecount="7" result="Passed" start-time="2026-08-20 08:11:00Z" end-time="2026-08-20 08:11:00Z" duration="0.003941" total="7" passed="7" failed="0" inconclusive="0" skipped="0" asserts="0">
            <properties />
            <test-case id="1061" name="BossSystem_DeadBoss_CannotTransitionPhases" fullname="Lattirune.Tests.BossSystemTests.BossSystem_DeadBoss_CannotTransitionPhases" methodname="BossSystem_DeadBoss_CannotTransitionPhases" classname="Lattirune.Tests.BossSystemTests" runstate="Runnable" seed="689880102" result="Passed" start-time="2026-08-20 08:11:00Z" end-time="2026-08-20 08:11:00Z" duration="0.000507" asserts="0">
              <properties>
                <property name="retryIteration" value="0" />
                <property name="repeatIteration" value="0" />
              </properties>
            </test-case>
            <test-case id="1064" name="BossSystem_GraveGoliathMidBoss_TransitionsAtHalfHp" fullname="Lattirune.Tests.BossSystemTests.BossSystem_GraveGoliathMidBoss_TransitionsAtHalfHp" methodname="BossSystem_GraveGoliathMidBoss_TransitionsAtHalfHp" classname="Lattirune.Tests.BossSystemTests" runstate="Runnable" seed="135598242" result="Passed" start-time="2026-08-20 08:11:00Z" end-time="2026-08-20 08:11:00Z" duration="0.000500" asserts="0">
              <properties>
                <property name="retryIteration" value="0" />
                <property name="repeatIteration" value="0" />
              </properties>
            </test-case>
            <test-case id="1062" name="BossSystem_ResetBoss_RestoresInitialState" fullname="Lattirune.Tests.BossSystemTests.BossSystem_ResetBoss_RestoresInitialState" methodname="BossSystem_ResetBoss_RestoresInitialState" classname="Lattirune.Tests.BossSystemTests" runstate="Runnable" seed="1719849528" result="Passed" start-time="2026-08-20 08:11:00Z" end-time="2026-08-20 08:11:00Z" duration="0.000322" asserts="0">
              <properties>
                <property name="retryIteration" value="0" />
                <property name="repeatIteration" value="0" />
              </properties>
            </test-case>
            <test-case id="1058" name="BossSystem_StartsInPhase1" fullname="Lattirune.Tests.BossSystemTests.BossSystem_StartsInPhase1" methodname="BossSystem_StartsInPhase1" classname="Lattirune.Tests.BossSystemTests" runstate="Runnable" seed="2130565689" result="Passed" start-time="2026-08-20 08:11:00Z" end-time="2026-08-20 08:11:00Z" duration="0.000310" asserts="0">
              <properties>
                <property name="retryIteration" value="0" />
                <property name="repeatIteration" value="0" />
              </properties>
            </test-case>
            <test-case id="1063" name="BossSystem_Telemetry_MatchesRuntimeState" fullname="Lattirune.Tests.BossSystemTests.BossSystem_Telemetry_MatchesRuntimeState" methodname="BossSystem_Telemetry_MatchesRuntimeState" classname="Lattirune.Tests.BossSystemTests" runstate="Runnable" seed="867365159" result="Passed" start-time="2026-08-20 08:11:00Z" end-time="2026-08-20 08:11:00Z" duration="0.000548" asserts="0">
              <properties>
                <property name="retryIteration" value="0" />
                <property name="repeatIteration" value="0" />
              </properties>
            </test-case>
            <test-case id="1059" name="BossSystem_ThresholdTransition_MovesToPhase2" fullname="Lattirune.Tests.BossSystemTests.BossSystem_ThresholdTransition_MovesToPhase2" methodname="BossSystem_ThresholdTransition_MovesToPhase2" classname="Lattirune.Tests.BossSystemTests" runstate="Runnable" seed="149163245" result="Passed" start-time="2026-08-20 08:11:00Z" end-time="2026-08-20 08:11:00Z" duration="0.000422" asserts="0">
              <properties>
                <property name="retryIteration" value="0" />
                <property name="repeatIteration" value="0" />
              </properties>
            </test-case>
            <test-case id="1060" name="BossSystem_ThresholdTransition_MovesToPhase3" fullname="Lattirune.Tests.BossSystemTests.BossSystem_ThresholdTransition_MovesToPhase3" methodname="BossSystem_ThresholdTransition_MovesToPhase3" classname="Lattirune.Tests.BossSystemTests" runstate="Runnable" seed="1249374842" result="Passed" start-time="2026-08-20 08:11:00Z" end-time="2026-08-20 08:11:00Z" duration="0.000344" asserts="0">
              <properties>
                <property name="retryIteration" value="0" />
                <property name="repeatIteration" value="0" />
              </properties>
            </test-case>
          </test-suite>
          <test-suite type="TestFixture" id="1065" name="CampfireRestAndTutorialTests" fullname="Lattirune.Tests.CampfireRestAndTutorialTests" classname="Lattirune.Tests.CampfireRestAndTutorialTests" runstate="Runnable" testcasecount="4" result="Passed" start-time="2026-08-20 08:11:00Z" end-time="2026-08-20 08:11:00Z" duration="0.006360" total="4" passed="4" failed="0" inconclusive="0" skipped="0" asserts="0">
            <properties />
            <test-case id="1067" name="CampfireRest_CleanseCurse_RemovesVulnerabilityModifier" fullname="Lattirune.Tests.CampfireRestAndTutorialTests.CampfireRest_CleanseCurse_RemovesVulnerabilityModifier" methodname="CampfireRest_CleanseCurse_RemovesVulnerabilityModifier" classname="Lattirune.Tests.CampfireRestAndTutorialTests" runstate="Runnable" seed="720650468" result="Passed" start-time="2026-08-20 08:11:00Z" end-time="2026-08-20 08:11:00Z" duration="0.003329" asserts="0">
              <properties>
                <property name="retryIteration" value="0" />
                <property name="repeatIteration" value="0" />
              </properties>
            </test-case>
            <test-case id="1066" name="CampfireRest_Heal40Percent_RestoresPlayerHealth" fullname="Lattirune.Tests.CampfireRestAndTutorialTests.CampfireRest_Heal40Percent_RestoresPlayerHealth" methodname="CampfireRest_Heal40Percent_RestoresPlayerHealth" classname="Lattirune.Tests.CampfireRestAndTutorialTests" runstate="Runnable" seed="980427194" result="Passed" start-time="2026-08-20 08:11:00Z" end-time="2026-08-20 08:11:00Z" duration="0.000568" asserts="0">
              <properties>
                <property name="retryIteration" value="0" />
                <property name="repeatIteration" value="0" />
              </properties>
            </test-case>
            <test-case id="1068" name="TutorialManager_StepProgressionAndSkip" fullname="Lattirune.Tests.CampfireRestAndTutorialTests.TutorialManager_StepProgressionAndSkip" methodname="TutorialManager_StepProgressionAndSkip" classname="Lattirune.Tests.CampfireRestAndTutorialTests" runstate="Runnable" seed="1148056600" result="Passed" start-time="2026-08-20 08:11:00Z" end-time="2026-08-20 08:11:00Z" duration="0.000651" asserts="0">
              <properties>
                <property name="retryIteration" value="0" />
                <property name="repeatIteration" value="0" />
              </properties>
            </test-case>
            <test-case id="1069" name="TutorialSavePersistence_PreservesCompletedFlag" fullname="Lattirune.Tests.CampfireRestAndTutorialTests.TutorialSavePersistence_PreservesCompletedFlag" methodname="TutorialSavePersistence_PreservesCompletedFlag" classname="Lattirune.Tests.CampfireRestAndTutorialTests" runstate="Runnable" seed="220979893" result="Passed" start-time="2026-08-20 08:11:00Z" end-time="2026-08-20 08:11:00Z" duration="0.001080" asserts="0">
              <properties>
                <property name="retryIteration" value="0" />
                <property name="repeatIteration" value="0" />
              </properties>
            </test-case>
          </test-suite>
          <test-suite type="TestFixture" id="1070" name="CodexSystemTests" fullname="Lattirune.Tests.CodexSystemTests" classname="Lattirune.Tests.CodexSystemTests" runstate="Runnable" testcasecount="4" result="Passed" start-time="2026-08-20 08:11:00Z" end-time="2026-08-20 08:11:00Z" duration="0.006788" total="4" passed="4" failed="0" inconclusive="0" skipped="0" asserts="0">
            <properties />
            <test-case id="1071" name="CanonicalBestiaryDatabase_ContainsAll7CanonicalEnemies" fullname="Lattirune.Tests.CodexSystemTests.CanonicalBestiaryDatabase_ContainsAll7CanonicalEnemies" methodname="CanonicalBestiaryDatabase_ContainsAll7CanonicalEnemies" classname="Lattirune.Tests.CodexSystemTests" runstate="Runnable" seed="1472489077" result="Passed" start-time="2026-08-20 08:11:00Z" end-time="2026-08-20 08:11:00Z" duration="0.002483" asserts="0">
              <properties>
                <property name="retryIteration" value="0" />
                <property name="repeatIteration" value="0" />
              </properties>
            </test-case>
            <test-case id="1072" name="RecordEnemyEncounterAndDefeat_IncrementsTelemetryAccurately" fullname="Lattirune.Tests.CodexSystemTests.RecordEnemyEncounterAndDefeat_IncrementsTelemetryAccurately" methodname="RecordEnemyEncounterAndDefeat_IncrementsTelemetryAccurately" classname="Lattirune.Tests.CodexSystemTests" runstate="Runnable" seed="692106167" result="Passed" start-time="2026-08-20 08:11:00Z" end-time="2026-08-20 08:11:00Z" duration="0.000747" asserts="0">
              <properties>
                <property name="retryIteration" value="0" />
                <property name="repeatIteration" value="0" />
              </properties>
            </test-case>
            <test-case id="1073" name="RecordSynergiesAndReactions_TracksUniqueDiscoveries" fullname="Lattirune.Tests.CodexSystemTests.RecordSynergiesAndReactions_TracksUniqueDiscoveries" methodname="RecordSynergiesAndReactions_TracksUniqueDiscoveries" classname="Lattirune.Tests.CodexSystemTests" runstate="Runnable" seed="1650396353" result="Passed" start-time="2026-08-20 08:11:00Z" end-time="2026-08-20 08:11:00Z" duration="0.001197" asserts="0">
              <properties>
                <property name="retryIteration" value="0" />
                <property name="repeatIteration" value="0" />
              </properties>
            </test-case>
            <test-case id="1074" name="SaveLoadPersistence_PreservesCompleteCodexState" fullname="Lattirune.Tests.CodexSystemTests.SaveLoadPersistence_PreservesCompleteCodexState" methodname="SaveLoadPersistence_PreservesCompleteCodexState" classname="Lattirune.Tests.CodexSystemTests" runstate="Runnable" seed="302977156" result="Passed" start-time="2026-08-20 08:11:00Z" end-time="2026-08-20 08:11:00Z" duration="0.001544" asserts="0">
              <properties>
                <property name="retryIteration" value="0" />
                <property name="repeatIteration" value="0" />
              </properties>
            </test-case>
          </test-suite>
          <test-suite type="TestFixture" id="1075" name="CombatAgencyAndEconomyTests" fullname="Lattirune.Tests.CombatAgencyAndEconomyTests" classname="Lattirune.Tests.CombatAgencyAndEconomyTests" runstate="Runnable" testcasecount="22" result="Failed" site="Child" start-time="2026-08-20 08:11:00Z" end-time="2026-08-20 08:11:00Z" duration="0.033924" total="22" passed="21" failed="1" inconclusive="0" skipped="0" asserts="0">
            <properties />
            <failure>
              <message><![CDATA[One or more child tests had errors]]></message>
            </failure>
            <test-case id="1095" name="Campfire_Heal_Restores40PercentMaxHp" fullname="Lattirune.Tests.CombatAgencyAndEconomyTests.Campfire_Heal_Restores40PercentMaxHp" methodname="Campfire_Heal_Restores40PercentMaxHp" classname="Lattirune.Tests.CombatAgencyAndEconomyTests" runstate="Runnable" seed="1139715233" result="Passed" start-time="2026-08-20 08:11:00Z" end-time="2026-08-20 08:11:00Z" duration="0.001616" asserts="0">
              <properties>
                <property name="retryIteration" value="0" />
                <property name="repeatIteration" value="0" />
              </properties>
            </test-case>
            <test-case id="1096" name="Campfire_RuneUpgrade_StoresRuntimeBonus_LeavesAssetImmutable" fullname="Lattirune.Tests.CombatAgencyAndEconomyTests.Campfire_RuneUpgrade_StoresRuntimeBonus_LeavesAssetImmutable" methodname="Campfire_RuneUpgrade_StoresRuntimeBonus_LeavesAssetImmutable" classname="Lattirune.Tests.CombatAgencyAndEconomyTests" runstate="Runnable" seed="1185434120" result="Passed" start-time="2026-08-20 08:11:00Z" end-time="2026-08-20 08:11:00Z" duration="0.001497" asserts="0">
              <properties>
                <property name="retryIteration" value="0" />
                <property name="repeatIteration" value="0" />
              </properties>
            </test-case>
            <test-case id="1076" name="CombatSpeed_1x_2x_3x_AreAccepted" fullname="Lattirune.Tests.CombatAgencyAndEconomyTests.CombatSpeed_1x_2x_3x_AreAccepted" methodname="CombatSpeed_1x_2x_3x_AreAccepted" classname="Lattirune.Tests.CombatAgencyAndEconomyTests" runstate="Runnable" seed="1828543194" result="Passed" start-time="2026-08-20 08:11:00Z" end-time="2026-08-20 08:11:00Z" duration="0.001414" asserts="0">
              <properties>
                <property name="retryIteration" value="0" />
                <property name="repeatIteration" value="0" />
              </properties>
            </test-case>
            <test-case id="1078" name="CombatSpeed_AffectsCooldownProgressionDeterministically" fullname="Lattirune.Tests.CombatAgencyAndEconomyTests.CombatSpeed_AffectsCooldownProgressionDeterministically" methodname="CombatSpeed_AffectsCooldownProgressionDeterministically" classname="Lattirune.Tests.CombatAgencyAndEconomyTests" runstate="Runnable" seed="2131388474" result="Passed" start-time="2026-08-20 08:11:00Z" end-time="2026-08-20 08:11:00Z" duration="0.001283" asserts="0">
              <properties>
                <property name="retryIteration" value="0" />
                <property name="repeatIteration" value="0" />
              </properties>
            </test-case>
            <test-case id="1077" name="CombatSpeed_Invalid_IsRejected" fullname="Lattirune.Tests.CombatAgencyAndEconomyTests.CombatSpeed_Invalid_IsRejected" methodname="CombatSpeed_Invalid_IsRejected" classname="Lattirune.Tests.CombatAgencyAndEconomyTests" runstate="Runnable" seed="1528825180" result="Passed" start-time="2026-08-20 08:11:00Z" end-time="2026-08-20 08:11:00Z" duration="0.003238" asserts="0">
              <properties>
                <property name="retryIteration" value="0" />
                <property name="repeatIteration" value="0" />
              </properties>
              <output><![CDATA[[Lattirune.Combat] Unsupported combat speed multiplier: 0.5. Only 1.0x, 2.0x, and 3.0x are supported.
[Lattirune.Combat] Unsupported combat speed multiplier: 4. Only 1.0x, 2.0x, and 3.0x are supported.
[Lattirune.Combat] Unsupported combat speed multiplier: -1. Only 1.0x, 2.0x, and 3.0x are supported.
]]></output>
            </test-case>
            <test-case id="1079" name="CombatSpeed_ResetCombat_Restores1x" fullname="Lattirune.Tests.CombatAgencyAndEconomyTests.CombatSpeed_ResetCombat_Restores1x" methodname="CombatSpeed_ResetCombat_Restores1x" classname="Lattirune.Tests.CombatAgencyAndEconomyTests" runstate="Runnable" seed="58497165" result="Passed" start-time="2026-08-20 08:11:00Z" end-time="2026-08-20 08:11:00Z" duration="0.001277" asserts="0">
              <properties>
                <property name="retryIteration" value="0" />
                <property name="repeatIteration" value="0" />
              </properties>
            </test-case>
            <test-case id="1097" name="Dungeon_RoomTopology_MatchesSection11" fullname="Lattirune.Tests.CombatAgencyAndEconomyTests.Dungeon_RoomTopology_MatchesSection11" methodname="Dungeon_RoomTopology_MatchesSection11" classname="Lattirune.Tests.CombatAgencyAndEconomyTests" runstate="Runnable" seed="1121018060" result="Failed" start-time="2026-08-20 08:11:00Z" end-time="2026-08-20 08:11:00Z" duration="0.002349" asserts="0">
              <properties>
                <property name="retryIteration" value="0" />
                <property name="repeatIteration" value="0" />
              </properties>
              <failure>
                <message><![CDATA[  Expected string length 27 but was 26. Strings differ at index 10.
  Expected: "Floor 8: Campfire Rest Site"
  But was:  "Floor 8: Crystalline Chasm"
  ---------------------^
]]></message>
                <stack-trace><![CDATA[at Lattirune.Tests.CombatAgencyAndEconomyTests.Dungeon_RoomTopology_MatchesSection11 () [0x00039] in C:\GAME PLAN\Assets\_Project\Tests\CombatAgencyAndEconomyTests.cs:356
]]></stack-trace>
              </failure>
            </test-case>
            <test-case id="1085" name="EconomyManager_BossEmbers_Within80To120" fullname="Lattirune.Tests.CombatAgencyAndEconomyTests.EconomyManager_BossEmbers_Within80To120" methodname="EconomyManager_BossEmbers_Within80To120" classname="Lattirune.Tests.CombatAgencyAndEconomyTests" runstate="Runnable" seed="1259144696" result="Passed" start-time="2026-08-20 08:11:00Z" end-time="2026-08-20 08:11:00Z" duration="0.001444" asserts="0">
              <properties>
                <property name="retryIteration" value="0" />
                <property name="repeatIteration" value="0" />
              </properties>
            </test-case>
            <test-case id="1084" name="EconomyManager_EliteMobGold_Within20To35" fullname="Lattirune.Tests.CombatAgencyAndEconomyTests.EconomyManager_EliteMobGold_Within20To35" methodname="EconomyManager_EliteMobGold_Within20To35" classname="Lattirune.Tests.CombatAgencyAndEconomyTests" runstate="Runnable" seed="1088846274" result="Passed" start-time="2026-08-20 08:11:00Z" end-time="2026-08-20 08:11:00Z" duration="0.001191" asserts="0">
              <properties>
                <property name="retryIteration" value="0" />
                <property name="repeatIteration" value="0" />
              </properties>
            </test-case>
            <test-case id="1083" name="EconomyManager_NormalMobGold_Within6To12" fullname="Lattirune.Tests.CombatAgencyAndEconomyTests.EconomyManager_NormalMobGold_Within6To12" methodname="EconomyManager_NormalMobGold_Within6To12" classname="Lattirune.Tests.CombatAgencyAndEconomyTests" runstate="Runnable" seed="2104252676" result="Passed" start-time="2026-08-20 08:11:00Z" end-time="2026-08-20 08:11:00Z" duration="0.001147" asserts="0">
              <properties>
                <property name="retryIteration" value="0" />
                <property name="repeatIteration" value="0" />
              </properties>
            </test-case>
            <test-case id="1086" name="EconomyManager_Prices_MatchSection13" fullname="Lattirune.Tests.CombatAgencyAndEconomyTests.EconomyManager_Prices_MatchSection13" methodname="EconomyManager_Prices_MatchSection13" classname="Lattirune.Tests.CombatAgencyAndEconomyTests" runstate="Runnable" seed="2026612835" result="Passed" start-time="2026-08-20 08:11:00Z" end-time="2026-08-20 08:11:00Z" duration="0.001054" asserts="0">
              <properties>
                <property name="retryIteration" value="0" />
                <property name="repeatIteration" value="0" />
              </properties>
            </test-case>
            <test-case id="1081" name="EmergencyPotion_DeadPlayer_IsRejected" fullname="Lattirune.Tests.CombatAgencyAndEconomyTests.EmergencyPotion_DeadPlayer_IsRejected" methodname="EmergencyPotion_DeadPlayer_IsRejected" classname="Lattirune.Tests.CombatAgencyAndEconomyTests" runstate="Runnable" seed="755864742" result="Passed" start-time="2026-08-20 08:11:00Z" end-time="2026-08-20 08:11:00Z" duration="0.001200" asserts="0">
              <properties>
                <property name="retryIteration" value="0" />
                <property name="repeatIteration" value="0" />
              </properties>
            </test-case>
            <test-case id="1080" name="EmergencyPotion_HealsPlayer_ClampsAtMaxHp" fullname="Lattirune.Tests.CombatAgencyAndEconomyTests.EmergencyPotion_HealsPlayer_ClampsAtMaxHp" methodname="EmergencyPotion_HealsPlayer_ClampsAtMaxHp" classname="Lattirune.Tests.CombatAgencyAndEconomyTests" runstate="Runnable" seed="1166803873" result="Passed" start-time="2026-08-20 08:11:00Z" end-time="2026-08-20 08:11:00Z" duration="0.001192" asserts="0">
              <properties>
                <property name="retryIteration" value="0" />
                <property name="repeatIteration" value="0" />
              </properties>
            </test-case>
            <test-case id="1082" name="EmergencyPotion_InvalidHeal_IsRejected" fullname="Lattirune.Tests.CombatAgencyAndEconomyTests.EmergencyPotion_InvalidHeal_IsRejected" methodname="EmergencyPotion_InvalidHeal_IsRejected" classname="Lattirune.Tests.CombatAgencyAndEconomyTests" runstate="Runnable" seed="1244920837" result="Passed" start-time="2026-08-20 08:11:00Z" end-time="2026-08-20 08:11:00Z" duration="0.001044" asserts="0">
              <properties>
                <property name="retryIteration" value="0" />
                <property name="repeatIteration" value="0" />
              </properties>
            </test-case>
            <test-case id="1094" name="MerchantStall_InsufficientFunds_RejectsPurchase" fullname="Lattirune.Tests.CombatAgencyAndEconomyTests.MerchantStall_InsufficientFunds_RejectsPurchase" methodname="MerchantStall_InsufficientFunds_RejectsPurchase" classname="Lattirune.Tests.CombatAgencyAndEconomyTests" runstate="Runnable" seed="261476553" result="Passed" start-time="2026-08-20 08:11:00Z" end-time="2026-08-20 08:11:00Z" duration="0.001674" asserts="0">
              <properties>
                <property name="retryIteration" value="0" />
                <property name="repeatIteration" value="0" />
              </properties>
            </test-case>
            <test-case id="1093" name="MerchantStall_PurchaseBagExpansion_Deducts40Gold" fullname="Lattirune.Tests.CombatAgencyAndEconomyTests.MerchantStall_PurchaseBagExpansion_Deducts40Gold" methodname="MerchantStall_PurchaseBagExpansion_Deducts40Gold" classname="Lattirune.Tests.CombatAgencyAndEconomyTests" runstate="Runnable" seed="668679187" result="Passed" start-time="2026-08-20 08:11:00Z" end-time="2026-08-20 08:11:00Z" duration="0.001350" asserts="0">
              <properties>
                <property name="retryIteration" value="0" />
                <property name="repeatIteration" value="0" />
              </properties>
            </test-case>
            <test-case id="1090" name="MerchantStall_PurchaseCommonItem_Deducts20Gold" fullname="Lattirune.Tests.CombatAgencyAndEconomyTests.MerchantStall_PurchaseCommonItem_Deducts20Gold" methodname="MerchantStall_PurchaseCommonItem_Deducts20Gold" classname="Lattirune.Tests.CombatAgencyAndEconomyTests" runstate="Runnable" seed="273169351" result="Passed" start-time="2026-08-20 08:11:00Z" end-time="2026-08-20 08:11:00Z" duration="0.001228" asserts="0">
              <properties>
                <property name="retryIteration" value="0" />
                <property name="repeatIteration" value="0" />
              </properties>
            </test-case>
            <test-case id="1091" name="MerchantStall_PurchaseRareItem_Deducts40Gold" fullname="Lattirune.Tests.CombatAgencyAndEconomyTests.MerchantStall_PurchaseRareItem_Deducts40Gold" methodname="MerchantStall_PurchaseRareItem_Deducts40Gold" classname="Lattirune.Tests.CombatAgencyAndEconomyTests" runstate="Runnable" seed="159998806" result="Passed" start-time="2026-08-20 08:11:00Z" end-time="2026-08-20 08:11:00Z" duration="0.001234" asserts="0">
              <properties>
                <property name="retryIteration" value="0" />
                <property name="repeatIteration" value="0" />
              </properties>
            </test-case>
            <test-case id="1092" name="MerchantStall_PurchaseRune_Deducts35Gold" fullname="Lattirune.Tests.CombatAgencyAndEconomyTests.MerchantStall_PurchaseRune_Deducts35Gold" methodname="MerchantStall_PurchaseRune_Deducts35Gold" classname="Lattirune.Tests.CombatAgencyAndEconomyTests" runstate="Runnable" seed="83916564" result="Passed" start-time="2026-08-20 08:11:00Z" end-time="2026-08-20 08:11:00Z" duration="0.001129" asserts="0">
              <properties>
                <property name="retryIteration" value="0" />
                <property name="repeatIteration" value="0" />
              </properties>
            </test-case>
            <test-case id="1087" name="RunManager_AddGold_SpendGold_Work" fullname="Lattirune.Tests.CombatAgencyAndEconomyTests.RunManager_AddGold_SpendGold_Work" methodname="RunManager_AddGold_SpendGold_Work" classname="Lattirune.Tests.CombatAgencyAndEconomyTests" runstate="Runnable" seed="1848223430" result="Passed" start-time="2026-08-20 08:11:00Z" end-time="2026-08-20 08:11:00Z" duration="0.001200" asserts="0">
              <properties>
                <property name="retryIteration" value="0" />
                <property name="repeatIteration" value="0" />
              </properties>
            </test-case>
            <test-case id="1088" name="RunManager_InsufficientFunds_IsRejected_NoNegativeGold" fullname="Lattirune.Tests.CombatAgencyAndEconomyTests.RunManager_InsufficientFunds_IsRejected_NoNegativeGold" methodname="RunManager_InsufficientFunds_IsRejected_NoNegativeGold" classname="Lattirune.Tests.CombatAgencyAndEconomyTests" runstate="Runnable" seed="2028077853" result="Passed" start-time="2026-08-20 08:11:00Z" end-time="2026-08-20 08:11:00Z" duration="0.001107" asserts="0">
              <properties>
                <property name="retryIteration" value="0" />
                <property name="repeatIteration" value="0" />
              </properties>
            </test-case>
            <test-case id="1089" name="RunManager_ResetRun_ClearsGoldAndEmbers" fullname="Lattirune.Tests.CombatAgencyAndEconomyTests.RunManager_ResetRun_ClearsGoldAndEmbers" methodname="RunManager_ResetRun_ClearsGoldAndEmbers" classname="Lattirune.Tests.CombatAgencyAndEconomyTests" runstate="Runnable" seed="1594564538" result="Passed" start-time="2026-08-20 08:11:00Z" end-time="2026-08-20 08:11:00Z" duration="0.001239" asserts="0">
              <properties>
                <property name="retryIteration" value="0" />
                <property name="repeatIteration" value="0" />
              </properties>
            </test-case>
          </test-suite>
          <test-suite type="TestFixture" id="1098" name="CombatEffectSystemTests" fullname="Lattirune.Tests.CombatEffectSystemTests" classname="Lattirune.Tests.CombatEffectSystemTests" runstate="Runnable" testcasecount="7" result="Passed" start-time="2026-08-20 08:11:00Z" end-time="2026-08-20 08:11:00Z" duration="0.007139" total="7" passed="7" failed="0" inconclusive="0" skipped="0" asserts="0">
            <properties />
            <test-case id="1099" name="CombatEffect_AppliesToTarget_IncreasesActiveCount" fullname="Lattirune.Tests.CombatEffectSystemTests.CombatEffect_AppliesToTarget_IncreasesActiveCount" methodname="CombatEffect_AppliesToTarget_IncreasesActiveCount" classname="Lattirune.Tests.CombatEffectSystemTests" runstate="Runnable" seed="1833450521" result="Passed" start-time="2026-08-20 08:11:00Z" end-time="2026-08-20 08:11:00Z" duration="0.002418" asserts="0">
              <properties>
                <property name="retryIteration" value="0" />
                <property name="repeatIteration" value="0" />
              </properties>
            </test-case>
            <test-case id="1103" name="CombatEffect_ArmorModifier_ReducesArmorCorrectly" fullname="Lattirune.Tests.CombatEffectSystemTests.CombatEffect_ArmorModifier_ReducesArmorCorrectly" methodname="CombatEffect_ArmorModifier_ReducesArmorCorrectly" classname="Lattirune.Tests.CombatEffectSystemTests" runstate="Runnable" seed="617361311" result="Passed" start-time="2026-08-20 08:11:00Z" end-time="2026-08-20 08:11:00Z" duration="0.000496" asserts="0">
              <properties>
                <property name="retryIteration" value="0" />
                <property name="repeatIteration" value="0" />
              </properties>
            </test-case>
            <test-case id="1105" name="CombatEffect_DeadTarget_CleansUpImmediately" fullname="Lattirune.Tests.CombatEffectSystemTests.CombatEffect_DeadTarget_CleansUpImmediately" methodname="CombatEffect_DeadTarget_CleansUpImmediately" classname="Lattirune.Tests.CombatEffectSystemTests" runstate="Runnable" seed="1000434569" result="Passed" start-time="2026-08-20 08:11:00Z" end-time="2026-08-20 08:11:00Z" duration="0.001063" asserts="0">
              <properties>
                <property name="retryIteration" value="0" />
                <property name="repeatIteration" value="0" />
              </properties>
            </test-case>
            <test-case id="1102" name="CombatEffect_DirectDamage_AppliesImmediatelyWithoutDuration" fullname="Lattirune.Tests.CombatEffectSystemTests.CombatEffect_DirectDamage_AppliesImmediatelyWithoutDuration" methodname="CombatEffect_DirectDamage_AppliesImmediatelyWithoutDuration" classname="Lattirune.Tests.CombatEffectSystemTests" runstate="Runnable" seed="686170685" result="Passed" start-time="2026-08-20 08:11:00Z" end-time="2026-08-20 08:11:00Z" duration="0.000473" asserts="0">
              <properties>
                <property name="retryIteration" value="0" />
                <property name="repeatIteration" value="0" />
              </properties>
            </test-case>
            <test-case id="1101" name="CombatEffect_DoT_TicksAtConfiguredInterval" fullname="Lattirune.Tests.CombatEffectSystemTests.CombatEffect_DoT_TicksAtConfiguredInterval" methodname="CombatEffect_DoT_TicksAtConfiguredInterval" classname="Lattirune.Tests.CombatEffectSystemTests" runstate="Runnable" seed="393599755" result="Passed" start-time="2026-08-20 08:11:00Z" end-time="2026-08-20 08:11:00Z" duration="0.000476" asserts="0">
              <properties>
                <property name="retryIteration" value="0" />
                <property name="repeatIteration" value="0" />
              </properties>
            </test-case>
            <test-case id="1104" name="CombatEffect_DuplicateApplication_RefreshesDuration" fullname="Lattirune.Tests.CombatEffectSystemTests.CombatEffect_DuplicateApplication_RefreshesDuration" methodname="CombatEffect_DuplicateApplication_RefreshesDuration" classname="Lattirune.Tests.CombatEffectSystemTests" runstate="Runnable" seed="419318433" result="Passed" start-time="2026-08-20 08:11:00Z" end-time="2026-08-20 08:11:00Z" duration="0.000431" asserts="0">
              <properties>
                <property name="retryIteration" value="0" />
                <property name="repeatIteration" value="0" />
              </properties>
            </test-case>
            <test-case id="1100" name="CombatEffect_DurationDecreasesDeterministically_AndExpires" fullname="Lattirune.Tests.CombatEffectSystemTests.CombatEffect_DurationDecreasesDeterministically_AndExpires" methodname="CombatEffect_DurationDecreasesDeterministically_AndExpires" classname="Lattirune.Tests.CombatEffectSystemTests" runstate="Runnable" seed="604283924" result="Passed" start-time="2026-08-20 08:11:00Z" end-time="2026-08-20 08:11:00Z" duration="0.000368" asserts="0">
              <properties>
                <property name="retryIteration" value="0" />
                <property name="repeatIteration" value="0" />
              </properties>
            </test-case>
          </test-suite>
          <test-suite type="TestFixture" id="1106" name="CombatJuiceSystemTests" fullname="Lattirune.Tests.CombatJuiceSystemTests" classname="Lattirune.Tests.CombatJuiceSystemTests" runstate="Runnable" testcasecount="4" result="Passed" start-time="2026-08-20 08:11:00Z" end-time="2026-08-20 08:11:00Z" duration="0.007359" total="4" passed="4" failed="0" inconclusive="0" skipped="0" asserts="0">
            <properties />
            <test-case id="1108" name="CombatCameraShake_AddsTraumaAndDecaysSmoothly" fullname="Lattirune.Tests.CombatJuiceSystemTests.CombatCameraShake_AddsTraumaAndDecaysSmoothly" methodname="CombatCameraShake_AddsTraumaAndDecaysSmoothly" classname="Lattirune.Tests.CombatJuiceSystemTests" runstate="Runnable" seed="685461371" result="Passed" start-time="2026-08-20 08:11:00Z" end-time="2026-08-20 08:11:00Z" duration="0.003520" asserts="0">
              <properties>
                <property name="retryIteration" value="0" />
                <property name="repeatIteration" value="0" />
              </properties>
            </test-case>
            <test-case id="1109" name="FloatingCombatTextPool_EmergencyPotion_SpawnsHealFloaty" fullname="Lattirune.Tests.CombatJuiceSystemTests.FloatingCombatTextPool_EmergencyPotion_SpawnsHealFloaty" methodname="FloatingCombatTextPool_EmergencyPotion_SpawnsHealFloaty" classname="Lattirune.Tests.CombatJuiceSystemTests" runstate="Runnable" seed="1863870524" result="Passed" start-time="2026-08-20 08:11:00Z" end-time="2026-08-20 08:11:00Z" duration="0.001417" asserts="0">
              <properties>
                <property name="retryIteration" value="0" />
                <property name="repeatIteration" value="0" />
              </properties>
            </test-case>
            <test-case id="1110" name="FloatingCombatTextPool_ReflectedDamage_SpawnsThornsFloaty" fullname="Lattirune.Tests.CombatJuiceSystemTests.FloatingCombatTextPool_ReflectedDamage_SpawnsThornsFloaty" methodname="FloatingCombatTextPool_ReflectedDamage_SpawnsThornsFloaty" classname="Lattirune.Tests.CombatJuiceSystemTests" runstate="Runnable" seed="1501074240" result="Passed" start-time="2026-08-20 08:11:00Z" end-time="2026-08-20 08:11:00Z" duration="0.000915" asserts="0">
              <properties>
                <property name="retryIteration" value="0" />
                <property name="repeatIteration" value="0" />
              </properties>
            </test-case>
            <test-case id="1107" name="FloatingCombatTextPool_SpawnsAndRecyclesSlots" fullname="Lattirune.Tests.CombatJuiceSystemTests.FloatingCombatTextPool_SpawnsAndRecyclesSlots" methodname="FloatingCombatTextPool_SpawnsAndRecyclesSlots" classname="Lattirune.Tests.CombatJuiceSystemTests" runstate="Runnable" seed="1724886516" result="Passed" start-time="2026-08-20 08:11:00Z" end-time="2026-08-20 08:11:00Z" duration="0.000538" asserts="0">
              <properties>
                <property name="retryIteration" value="0" />
                <property name="repeatIteration" value="0" />
              </properties>
            </test-case>
          </test-suite>
          <test-suite type="TestFixture" id="1111" name="CombatSystemTests" fullname="Lattirune.Tests.CombatSystemTests" classname="Lattirune.Tests.CombatSystemTests" runstate="Runnable" testcasecount="14" result="Failed" site="Child" start-time="2026-08-20 08:11:00Z" end-time="2026-08-20 08:11:00Z" duration="0.019055" total="14" passed="13" failed="1" inconclusive="0" skipped="0" asserts="0">
            <properties />
            <failure>
              <message><![CDATA[One or more child tests had errors]]></message>
            </failure>
            <test-case id="1119" name="Combat_BreakingSynergy_RemovesBonusFromCombat" fullname="Lattirune.Tests.CombatSystemTests.Combat_BreakingSynergy_RemovesBonusFromCombat" methodname="Combat_BreakingSynergy_RemovesBonusFromCombat" classname="Lattirune.Tests.CombatSystemTests" runstate="Runnable" seed="1301917942" result="Passed" start-time="2026-08-20 08:11:00Z" end-time="2026-08-20 08:11:00Z" duration="0.010258" asserts="0">
              <properties>
                <property name="retryIteration" value="0" />
                <property name="repeatIteration" value="0" />
              </properties>
            </test-case>
            <test-case id="1117" name="Combat_Defeat_TriggersWhenPlayerReachesZeroHp" fullname="Lattirune.Tests.CombatSystemTests.Combat_Defeat_TriggersWhenPlayerReachesZeroHp" methodname="Combat_Defeat_TriggersWhenPlayerReachesZeroHp" classname="Lattirune.Tests.CombatSystemTests" runstate="Runnable" seed="2117080244" result="Passed" start-time="2026-08-20 08:11:00Z" end-time="2026-08-20 08:11:00Z" duration="0.000698" asserts="0">
              <properties>
                <property name="retryIteration" value="0" />
                <property name="repeatIteration" value="0" />
              </properties>
            </test-case>
            <test-case id="1125" name="Combat_EliteAffix_Frenzied_IncreasesAttackSpeed" fullname="Lattirune.Tests.CombatSystemTests.Combat_EliteAffix_Frenzied_IncreasesAttackSpeed" methodname="Combat_EliteAffix_Frenzied_IncreasesAttackSpeed" classname="Lattirune.Tests.CombatSystemTests" runstate="Runnable" seed="2133210519" result="Passed" start-time="2026-08-20 08:11:00Z" end-time="2026-08-20 08:11:00Z" duration="0.000632" asserts="0">
              <properties>
                <property name="retryIteration" value="0" />
                <property name="repeatIteration" value="0" />
              </properties>
            </test-case>
            <test-case id="1123" name="Combat_EliteAffix_Juggernaut_IncreasesHpAndArmor" fullname="Lattirune.Tests.CombatSystemTests.Combat_EliteAffix_Juggernaut_IncreasesHpAndArmor" methodname="Combat_EliteAffix_Juggernaut_IncreasesHpAndArmor" classname="Lattirune.Tests.CombatSystemTests" runstate="Runnable" seed="1097996265" result="Passed" start-time="2026-08-20 08:11:00Z" end-time="2026-08-20 08:11:00Z" duration="0.000362" asserts="0">
              <properties>
                <property name="retryIteration" value="0" />
                <property name="repeatIteration" value="0" />
              </properties>
            </test-case>
            <test-case id="1124" name="Combat_EliteAffix_Vampiric_LeechesHealthOnHit" fullname="Lattirune.Tests.CombatSystemTests.Combat_EliteAffix_Vampiric_LeechesHealthOnHit" methodname="Combat_EliteAffix_Vampiric_LeechesHealthOnHit" classname="Lattirune.Tests.CombatSystemTests" runstate="Runnable" seed="1502188771" result="Passed" start-time="2026-08-20 08:11:00Z" end-time="2026-08-20 08:11:00Z" duration="0.000324" asserts="0">
              <properties>
                <property name="retryIteration" value="0" />
                <property name="repeatIteration" value="0" />
              </properties>
            </test-case>
            <test-case id="1115" name="Combat_EnemyAttack_ReducesPlayerHp" fullname="Lattirune.Tests.CombatSystemTests.Combat_EnemyAttack_ReducesPlayerHp" methodname="Combat_EnemyAttack_ReducesPlayerHp" classname="Lattirune.Tests.CombatSystemTests" runstate="Runnable" seed="1892889063" result="Passed" start-time="2026-08-20 08:11:00Z" end-time="2026-08-20 08:11:00Z" duration="0.000246" asserts="0">
              <properties>
                <property name="retryIteration" value="0" />
                <property name="repeatIteration" value="0" />
              </properties>
            </test-case>
            <test-case id="1120" name="Combat_EnemyDamageReflect_DamagesPlayerOnHit" fullname="Lattirune.Tests.CombatSystemTests.Combat_EnemyDamageReflect_DamagesPlayerOnHit" methodname="Combat_EnemyDamageReflect_DamagesPlayerOnHit" classname="Lattirune.Tests.CombatSystemTests" runstate="Runnable" seed="299065676" result="Passed" start-time="2026-08-20 08:11:00Z" end-time="2026-08-20 08:11:00Z" duration="0.000357" asserts="0">
              <properties>
                <property name="retryIteration" value="0" />
                <property name="repeatIteration" value="0" />
              </properties>
            </test-case>
            <test-case id="1121" name="Combat_EnemyPoisonOnHit_AppliesPoisonDoT" fullname="Lattirune.Tests.CombatSystemTests.Combat_EnemyPoisonOnHit_AppliesPoisonDoT" methodname="Combat_EnemyPoisonOnHit_AppliesPoisonDoT" classname="Lattirune.Tests.CombatSystemTests" runstate="Runnable" seed="598602515" result="Failed" start-time="2026-08-20 08:11:00Z" end-time="2026-08-20 08:11:00Z" duration="0.001195" asserts="0">
              <properties>
                <property name="retryIteration" value="0" />
                <property name="repeatIteration" value="0" />
              </properties>
              <failure>
                <message><![CDATA[  Player should take 4 ticking poison damage.
  Expected: 91
  But was:  86
]]></message>
                <stack-trace><![CDATA[at Lattirune.Tests.CombatSystemTests.Combat_EnemyPoisonOnHit_AppliesPoisonDoT () [0x000ea] in C:\GAME PLAN\Assets\_Project\Tests\CombatSystemTests.cs:239
]]></stack-trace>
              </failure>
            </test-case>
            <test-case id="1122" name="Combat_EnemyStartTraits_TriggeredOnCombatStart" fullname="Lattirune.Tests.CombatSystemTests.Combat_EnemyStartTraits_TriggeredOnCombatStart" methodname="Combat_EnemyStartTraits_TriggeredOnCombatStart" classname="Lattirune.Tests.CombatSystemTests" runstate="Runnable" seed="466411202" result="Passed" start-time="2026-08-20 08:11:00Z" end-time="2026-08-20 08:11:00Z" duration="0.000486" asserts="0">
              <properties>
                <property name="retryIteration" value="0" />
                <property name="repeatIteration" value="0" />
              </properties>
            </test-case>
            <test-case id="1118" name="Combat_FireSynergy_ContributesBonusDamageToCombat" fullname="Lattirune.Tests.CombatSystemTests.Combat_FireSynergy_ContributesBonusDamageToCombat" methodname="Combat_FireSynergy_ContributesBonusDamageToCombat" classname="Lattirune.Tests.CombatSystemTests" runstate="Runnable" seed="266065385" result="Passed" start-time="2026-08-20 08:11:00Z" end-time="2026-08-20 08:11:00Z" duration="0.000904" asserts="0">
              <properties>
                <property name="retryIteration" value="0" />
                <property name="repeatIteration" value="0" />
              </properties>
            </test-case>
            <test-case id="1114" name="Combat_PlayerAttack_ReducesEnemyHp" fullname="Lattirune.Tests.CombatSystemTests.Combat_PlayerAttack_ReducesEnemyHp" methodname="Combat_PlayerAttack_ReducesEnemyHp" classname="Lattirune.Tests.CombatSystemTests" runstate="Runnable" seed="1744363589" result="Passed" start-time="2026-08-20 08:11:00Z" end-time="2026-08-20 08:11:00Z" duration="0.000295" asserts="0">
              <properties>
                <property name="retryIteration" value="0" />
                <property name="repeatIteration" value="0" />
              </properties>
            </test-case>
            <test-case id="1116" name="Combat_Victory_TriggersWhenEnemyReachesZeroHp" fullname="Lattirune.Tests.CombatSystemTests.Combat_Victory_TriggersWhenEnemyReachesZeroHp" methodname="Combat_Victory_TriggersWhenEnemyReachesZeroHp" classname="Lattirune.Tests.CombatSystemTests" runstate="Runnable" seed="1444683266" result="Passed" start-time="2026-08-20 08:11:00Z" end-time="2026-08-20 08:11:00Z" duration="0.000377" asserts="0">
              <properties>
                <property name="retryIteration" value="0" />
                <property name="repeatIteration" value="0" />
              </properties>
            </test-case>
            <test-case id="1112" name="Combatant_InitializesAndClampsHpCorrectly" fullname="Lattirune.Tests.CombatSystemTests.Combatant_InitializesAndClampsHpCorrectly" methodname="Combatant_InitializesAndClampsHpCorrectly" classname="Lattirune.Tests.CombatSystemTests" runstate="Runnable" seed="2058858981" result="Passed" start-time="2026-08-20 08:11:00Z" end-time="2026-08-20 08:11:00Z" duration="0.000340" asserts="0">
              <properties>
                <property name="retryIteration" value="0" />
                <property name="repeatIteration" value="0" />
              </properties>
            </test-case>
            <test-case id="1113" name="DeadCombatant_CannotAttackOrTickCooldown" fullname="Lattirune.Tests.CombatSystemTests.DeadCombatant_CannotAttackOrTickCooldown" methodname="DeadCombatant_CannotAttackOrTickCooldown" classname="Lattirune.Tests.CombatSystemTests" runstate="Runnable" seed="2063252295" result="Passed" start-time="2026-08-20 08:11:00Z" end-time="2026-08-20 08:11:00Z" duration="0.000231" asserts="0">
              <properties>
                <property name="retryIteration" value="0" />
                <property name="repeatIteration" value="0" />
              </properties>
            </test-case>
          </test-suite>
          <test-suite type="TestFixture" id="1126" name="ComboGameplayIntegrationTests" fullname="Lattirune.Tests.ComboGameplayIntegrationTests" classname="Lattirune.Tests.ComboGameplayIntegrationTests" runstate="Runnable" testcasecount="2" result="Passed" start-time="2026-08-20 08:11:00Z" end-time="2026-08-20 08:11:00Z" duration="0.003663" total="2" passed="2" failed="0" inconclusive="0" skipped="0" asserts="0">
            <properties />
            <test-case id="1127" name="CombatSystem_IncrementsComboOnSuccessfulAttack" fullname="Lattirune.Tests.ComboGameplayIntegrationTests.CombatSystem_IncrementsComboOnSuccessfulAttack" methodname="CombatSystem_IncrementsComboOnSuccessfulAttack" classname="Lattirune.Tests.ComboGameplayIntegrationTests" runstate="Runnable" seed="228599014" result="Passed" start-time="2026-08-20 08:11:00Z" end-time="2026-08-20 08:11:00Z" duration="0.001049" asserts="0">
              <properties>
                <property name="retryIteration" value="0" />
                <property name="repeatIteration" value="0" />
              </properties>
            </test-case>
            <test-case id="1128" name="RunManager_GrantsBonusGoldAndEmbersFromComboDepthOnVictory" fullname="Lattirune.Tests.ComboGameplayIntegrationTests.RunManager_GrantsBonusGoldAndEmbersFromComboDepthOnVictory" methodname="RunManager_GrantsBonusGoldAndEmbersFromComboDepthOnVictory" classname="Lattirune.Tests.ComboGameplayIntegrationTests" runstate="Runnable" seed="1405799636" result="Passed" start-time="2026-08-20 08:11:00Z" end-time="2026-08-20 08:11:00Z" duration="0.000998" asserts="0">
              <properties>
                <property name="retryIteration" value="0" />
                <property name="repeatIteration" value="0" />
              </properties>
            </test-case>
          </test-suite>
          <test-suite type="TestFixture" id="1129" name="CrossfireConduitTests" fullname="Lattirune.Tests.CrossfireConduitTests" classname="Lattirune.Tests.CrossfireConduitTests" runstate="Runnable" testcasecount="7" result="Passed" start-time="2026-08-20 08:11:00Z" end-time="2026-08-20 08:11:00Z" duration="0.010578" total="7" passed="7" failed="0" inconclusive="0" skipped="0" asserts="0">
            <properties />
            <test-case id="1133" name="Crossfire_BeamIds_AreDeterministicAndUnique" fullname="Lattirune.Tests.CrossfireConduitTests.Crossfire_BeamIds_AreDeterministicAndUnique" methodname="Crossfire_BeamIds_AreDeterministicAndUnique" classname="Lattirune.Tests.CrossfireConduitTests" runstate="Runnable" seed="1503059777" result="Passed" start-time="2026-08-20 08:11:00Z" end-time="2026-08-20 08:11:00Z" duration="0.004009" asserts="0">
              <properties>
                <property name="retryIteration" value="0" />
                <property name="repeatIteration" value="0" />
              </properties>
            </test-case>
            <test-case id="1135" name="Crossfire_BeamsHitPrismAndRefract" fullname="Lattirune.Tests.CrossfireConduitTests.Crossfire_BeamsHitPrismAndRefract" methodname="Crossfire_BeamsHitPrismAndRefract" classname="Lattirune.Tests.CrossfireConduitTests" runstate="Runnable" seed="1506799479" result="Passed" start-time="2026-08-20 08:11:00Z" end-time="2026-08-20 08:11:00Z" duration="0.001738" asserts="0">
              <properties>
                <property name="retryIteration" value="0" />
                <property name="repeatIteration" value="0" />
              </properties>
            </test-case>
            <test-case id="1134" name="Crossfire_EachBeamRespectsRange_AndBoundaries" fullname="Lattirune.Tests.CrossfireConduitTests.Crossfire_EachBeamRespectsRange_AndBoundaries" methodname="Crossfire_EachBeamRespectsRange_AndBoundaries" classname="Lattirune.Tests.CrossfireConduitTests" runstate="Runnable" seed="1737682028" result="Passed" start-time="2026-08-20 08:11:00Z" end-time="2026-08-20 08:11:00Z" duration="0.000590" asserts="0">
              <properties>
                <property name="retryIteration" value="0" />
                <property name="repeatIteration" value="0" />
              </properties>
            </test-case>
            <test-case id="1136" name="Crossfire_MultipleEmitters_OperateIndependently" fullname="Lattirune.Tests.CrossfireConduitTests.Crossfire_MultipleEmitters_OperateIndependently" methodname="Crossfire_MultipleEmitters_OperateIndependently" classname="Lattirune.Tests.CrossfireConduitTests" runstate="Runnable" seed="1403062405" result="Passed" start-time="2026-08-20 08:11:00Z" end-time="2026-08-20 08:11:00Z" duration="0.001136" asserts="0">
              <properties>
                <property name="retryIteration" value="0" />
                <property name="repeatIteration" value="0" />
              </properties>
            </test-case>
            <test-case id="1130" name="CrossfireData_ValidatesCorrectly" fullname="Lattirune.Tests.CrossfireConduitTests.CrossfireData_ValidatesCorrectly" methodname="CrossfireData_ValidatesCorrectly" classname="Lattirune.Tests.CrossfireConduitTests" runstate="Runnable" seed="1647374347" result="Passed" start-time="2026-08-20 08:11:00Z" end-time="2026-08-20 08:11:00Z" duration="0.000299" asserts="0">
              <properties>
                <property name="retryIteration" value="0" />
                <property name="repeatIteration" value="0" />
              </properties>
            </test-case>
            <test-case id="1131" name="CrossfireRune_EmitsAllFourCardinalDirections" fullname="Lattirune.Tests.CrossfireConduitTests.CrossfireRune_EmitsAllFourCardinalDirections" methodname="CrossfireRune_EmitsAllFourCardinalDirections" classname="Lattirune.Tests.CrossfireConduitTests" runstate="Runnable" seed="862144073" result="Passed" start-time="2026-08-20 08:11:00Z" end-time="2026-08-20 08:11:00Z" duration="0.001459" asserts="0">
              <properties>
                <property name="retryIteration" value="0" />
                <property name="repeatIteration" value="0" />
              </properties>
            </test-case>
            <test-case id="1132" name="OmniRune_EmitsAllFourCardinalDirections" fullname="Lattirune.Tests.CrossfireConduitTests.OmniRune_EmitsAllFourCardinalDirections" methodname="OmniRune_EmitsAllFourCardinalDirections" classname="Lattirune.Tests.CrossfireConduitTests" runstate="Runnable" seed="2050334807" result="Passed" start-time="2026-08-20 08:11:00Z" end-time="2026-08-20 08:11:00Z" duration="0.000237" asserts="0">
              <properties>
                <property name="retryIteration" value="0" />
                <property name="repeatIteration" value="0" />
              </properties>
            </test-case>
          </test-suite>
          <test-suite type="TestFixture" id="1137" name="CrossfireIntersectionTests" fullname="Lattirune.Tests.CrossfireIntersectionTests" classname="Lattirune.Tests.CrossfireIntersectionTests" runstate="Runnable" testcasecount="3" result="Passed" start-time="2026-08-20 08:11:00Z" end-time="2026-08-20 08:11:00Z" duration="0.008275" total="3" passed="3" failed="0" inconclusive="0" skipped="0" asserts="0">
            <properties />
            <test-case id="1138" name="Crossfire_SelfBeams_DoNotIntersectEachOther" fullname="Lattirune.Tests.CrossfireIntersectionTests.Crossfire_SelfBeams_DoNotIntersectEachOther" methodname="Crossfire_SelfBeams_DoNotIntersectEachOther" classname="Lattirune.Tests.CrossfireIntersectionTests" runstate="Runnable" seed="620207112" result="Passed" start-time="2026-08-20 08:11:00Z" end-time="2026-08-20 08:11:00Z" duration="0.002613" asserts="0">
              <properties>
                <property name="retryIteration" value="0" />
                <property name="repeatIteration" value="0" />
              </properties>
            </test-case>
            <test-case id="1140" name="CrossfireFire_BeamsIntersectWeapons_ActivatesMultipleSynergies" fullname="Lattirune.Tests.CrossfireIntersectionTests.CrossfireFire_BeamsIntersectWeapons_ActivatesMultipleSynergies" methodname="CrossfireFire_BeamsIntersectWeapons_ActivatesMultipleSynergies" classname="Lattirune.Tests.CrossfireIntersectionTests" runstate="Runnable" seed="556565817" result="Passed" start-time="2026-08-20 08:11:00Z" end-time="2026-08-20 08:11:00Z" duration="0.003426" asserts="0">
              <properties>
                <property name="retryIteration" value="0" />
                <property name="repeatIteration" value="0" />
              </properties>
            </test-case>
            <test-case id="1139" name="CrossfireFire_CrossingIceBeam_TriggersSteamReaction" fullname="Lattirune.Tests.CrossfireIntersectionTests.CrossfireFire_CrossingIceBeam_TriggersSteamReaction" methodname="CrossfireFire_CrossingIceBeam_TriggersSteamReaction" classname="Lattirune.Tests.CrossfireIntersectionTests" runstate="Runnable" seed="1781656474" result="Passed" start-time="2026-08-20 08:11:00Z" end-time="2026-08-20 08:11:00Z" duration="0.001423" asserts="0">
              <properties>
                <property name="retryIteration" value="0" />
                <property name="repeatIteration" value="0" />
              </properties>
            </test-case>
          </test-suite>
          <test-suite type="TestFixture" id="1141" name="DamageCalculatorTests" fullname="Lattirune.Tests.DamageCalculatorTests" classname="Lattirune.Tests.DamageCalculatorTests" runstate="Runnable" testcasecount="6" result="Passed" start-time="2026-08-20 08:11:00Z" end-time="2026-08-20 08:11:00Z" duration="0.001685" total="6" passed="6" failed="0" inconclusive="0" skipped="0" asserts="0">
            <properties />
            <test-case id="1143" name="DamageCalculator_Armor_ReducesDamage" fullname="Lattirune.Tests.DamageCalculatorTests.DamageCalculator_Armor_ReducesDamage" methodname="DamageCalculator_Armor_ReducesDamage" classname="Lattirune.Tests.DamageCalculatorTests" runstate="Runnable" seed="285134783" result="Passed" start-time="2026-08-20 08:11:00Z" end-time="2026-08-20 08:11:00Z" duration="0.000114" asserts="0">
              <properties>
                <property name="retryIteration" value="0" />
                <property name="repeatIteration" value="0" />
              </properties>
            </test-case>
            <test-case id="1146" name="DamageCalculator_CriticalHit_UsesMultiplier1_5" fullname="Lattirune.Tests.DamageCalculatorTests.DamageCalculator_CriticalHit_UsesMultiplier1_5" methodname="DamageCalculator_CriticalHit_UsesMultiplier1_5" classname="Lattirune.Tests.DamageCalculatorTests" runstate="Runnable" seed="514267994" result="Passed" start-time="2026-08-20 08:11:00Z" end-time="2026-08-20 08:11:00Z" duration="0.000121" asserts="0">
              <properties>
                <property name="retryIteration" value="0" />
                <property name="repeatIteration" value="0" />
              </properties>
            </test-case>
            <test-case id="1142" name="DamageCalculator_MatchesPlanMd_ExamplePipeline" fullname="Lattirune.Tests.DamageCalculatorTests.DamageCalculator_MatchesPlanMd_ExamplePipeline" methodname="DamageCalculator_MatchesPlanMd_ExamplePipeline" classname="Lattirune.Tests.DamageCalculatorTests" runstate="Runnable" seed="1947014133" result="Passed" start-time="2026-08-20 08:11:00Z" end-time="2026-08-20 08:11:00Z" duration="0.000148" asserts="0">
              <properties>
                <property name="retryIteration" value="0" />
                <property name="repeatIteration" value="0" />
              </properties>
            </test-case>
            <test-case id="1144" name="DamageCalculator_MinimumDamageFloor_EnforcedWhenArmorExceedsDamage" fullname="Lattirune.Tests.DamageCalculatorTests.DamageCalculator_MinimumDamageFloor_EnforcedWhenArmorExceedsDamage" methodname="DamageCalculator_MinimumDamageFloor_EnforcedWhenArmorExceedsDamage" classname="Lattirune.Tests.DamageCalculatorTests" runstate="Runnable" seed="1227713154" result="Passed" start-time="2026-08-20 08:11:00Z" end-time="2026-08-20 08:11:00Z" duration="0.000103" asserts="0">
              <properties>
                <property name="retryIteration" value="0" />
                <property name="repeatIteration" value="0" />
              </properties>
            </test-case>
            <test-case id="1145" name="DamageCalculator_NormalHit_UsesMultiplier1_0" fullname="Lattirune.Tests.DamageCalculatorTests.DamageCalculator_NormalHit_UsesMultiplier1_0" methodname="DamageCalculator_NormalHit_UsesMultiplier1_0" classname="Lattirune.Tests.DamageCalculatorTests" runstate="Runnable" seed="928731404" result="Passed" start-time="2026-08-20 08:11:00Z" end-time="2026-08-20 08:11:00Z" duration="0.000100" asserts="0">
              <properties>
                <property name="retryIteration" value="0" />
                <property name="repeatIteration" value="0" />
              </properties>
            </test-case>
            <test-case id="1147" name="DamageCalculator_SynergyRuneBonus_AddedDirectlyToBase" fullname="Lattirune.Tests.DamageCalculatorTests.DamageCalculator_SynergyRuneBonus_AddedDirectlyToBase" methodname="DamageCalculator_SynergyRuneBonus_AddedDirectlyToBase" classname="Lattirune.Tests.DamageCalculatorTests" runstate="Runnable" seed="214971766" result="Passed" start-time="2026-08-20 08:11:00Z" end-time="2026-08-20 08:11:00Z" duration="0.000114" asserts="0">
              <properties>
                <property name="retryIteration" value="0" />
                <property name="repeatIteration" value="0" />
              </properties>
            </test-case>
          </test-suite>
          <test-suite type="TestFixture" id="1148" name="DungeonMapSystemTests" fullname="Lattirune.Tests.DungeonMapSystemTests" classname="Lattirune.Tests.DungeonMapSystemTests" runstate="Runnable" testcasecount="3" result="Passed" start-time="2026-08-20 08:11:00Z" end-time="2026-08-20 08:11:00Z" duration="0.003968" total="3" passed="3" failed="0" inconclusive="0" skipped="0" asserts="0">
            <properties />
            <test-case id="1149" name="CanonicalMap_GeneratesComplete10FloorTopology" fullname="Lattirune.Tests.DungeonMapSystemTests.CanonicalMap_GeneratesComplete10FloorTopology" methodname="CanonicalMap_GeneratesComplete10FloorTopology" classname="Lattirune.Tests.DungeonMapSystemTests" runstate="Runnable" seed="1280998849" result="Passed" start-time="2026-08-20 08:11:00Z" end-time="2026-08-20 08:11:00Z" duration="0.002682" asserts="0">
              <properties>
                <property name="retryIteration" value="0" />
                <property name="repeatIteration" value="0" />
              </properties>
            </test-case>
            <test-case id="1151" name="Floor7_BranchingPath_ReconvergesAtFloor8Campfire" fullname="Lattirune.Tests.DungeonMapSystemTests.Floor7_BranchingPath_ReconvergesAtFloor8Campfire" methodname="Floor7_BranchingPath_ReconvergesAtFloor8Campfire" classname="Lattirune.Tests.DungeonMapSystemTests" runstate="Runnable" seed="1072675673" result="Passed" start-time="2026-08-20 08:11:00Z" end-time="2026-08-20 08:11:00Z" duration="0.000513" asserts="0">
              <properties>
                <property name="retryIteration" value="0" />
                <property name="repeatIteration" value="0" />
              </properties>
            </test-case>
            <test-case id="1150" name="MapProgression_BranchSelection_UnlocksCorrectDownstreamNodes" fullname="Lattirune.Tests.DungeonMapSystemTests.MapProgression_BranchSelection_UnlocksCorrectDownstreamNodes" methodname="MapProgression_BranchSelection_UnlocksCorrectDownstreamNodes" classname="Lattirune.Tests.DungeonMapSystemTests" runstate="Runnable" seed="593228110" result="Passed" start-time="2026-08-20 08:11:00Z" end-time="2026-08-20 08:11:00Z" duration="0.000221" asserts="0">
              <properties>
                <property name="retryIteration" value="0" />
                <property name="repeatIteration" value="0" />
              </properties>
            </test-case>
          </test-suite>
          <test-suite type="TestFixture" id="1152" name="ElementalIntersectionEngineTests" fullname="Lattirune.Tests.ElementalIntersectionEngineTests" classname="Lattirune.Tests.ElementalIntersectionEngineTests" runstate="Runnable" testcasecount="6" result="Passed" start-time="2026-08-20 08:11:00Z" end-time="2026-08-20 08:11:00Z" duration="0.004561" total="6" passed="6" failed="0" inconclusive="0" skipped="0" asserts="0">
            <properties />
            <test-case id="1153" name="IntersectionEngine_EastAndNorth_DetectsCrossing" fullname="Lattirune.Tests.ElementalIntersectionEngineTests.IntersectionEngine_EastAndNorth_DetectsCrossing" methodname="IntersectionEngine_EastAndNorth_DetectsCrossing" classname="Lattirune.Tests.ElementalIntersectionEngineTests" runstate="Runnable" seed="1056576163" result="Passed" start-time="2026-08-20 08:11:00Z" end-time="2026-08-20 08:11:00Z" duration="0.001509" asserts="0">
              <properties>
                <property name="retryIteration" value="0" />
                <property name="repeatIteration" value="0" />
              </properties>
            </test-case>
            <test-case id="1154" name="IntersectionEngine_EastAndSouth_DetectsCrossing" fullname="Lattirune.Tests.ElementalIntersectionEngineTests.IntersectionEngine_EastAndSouth_DetectsCrossing" methodname="IntersectionEngine_EastAndSouth_DetectsCrossing" classname="Lattirune.Tests.ElementalIntersectionEngineTests" runstate="Runnable" seed="952089504" result="Passed" start-time="2026-08-20 08:11:00Z" end-time="2026-08-20 08:11:00Z" duration="0.000432" asserts="0">
              <properties>
                <property name="retryIteration" value="0" />
                <property name="repeatIteration" value="0" />
              </properties>
            </test-case>
            <test-case id="1158" name="IntersectionEngine_NonIntersectingBeams_ReturnsEmpty" fullname="Lattirune.Tests.ElementalIntersectionEngineTests.IntersectionEngine_NonIntersectingBeams_ReturnsEmpty" methodname="IntersectionEngine_NonIntersectingBeams_ReturnsEmpty" classname="Lattirune.Tests.ElementalIntersectionEngineTests" runstate="Runnable" seed="240963060" result="Passed" start-time="2026-08-20 08:11:00Z" end-time="2026-08-20 08:11:00Z" duration="0.000391" asserts="0">
              <properties>
                <property name="retryIteration" value="0" />
                <property name="repeatIteration" value="0" />
              </properties>
            </test-case>
            <test-case id="1156" name="IntersectionEngine_ParallelBeams_RejectedAsCrossing" fullname="Lattirune.Tests.ElementalIntersectionEngineTests.IntersectionEngine_ParallelBeams_RejectedAsCrossing" methodname="IntersectionEngine_ParallelBeams_RejectedAsCrossing" classname="Lattirune.Tests.ElementalIntersectionEngineTests" runstate="Runnable" seed="1601893369" result="Passed" start-time="2026-08-20 08:11:00Z" end-time="2026-08-20 08:11:00Z" duration="0.000410" asserts="0">
              <properties>
                <property name="retryIteration" value="0" />
                <property name="repeatIteration" value="0" />
              </properties>
            </test-case>
            <test-case id="1157" name="IntersectionEngine_SameRuneId_RejectsSelfIntersection" fullname="Lattirune.Tests.ElementalIntersectionEngineTests.IntersectionEngine_SameRuneId_RejectsSelfIntersection" methodname="IntersectionEngine_SameRuneId_RejectsSelfIntersection" classname="Lattirune.Tests.ElementalIntersectionEngineTests" runstate="Runnable" seed="1190859485" result="Passed" start-time="2026-08-20 08:11:00Z" end-time="2026-08-20 08:11:00Z" duration="0.000332" asserts="0">
              <properties>
                <property name="retryIteration" value="0" />
                <property name="repeatIteration" value="0" />
              </properties>
            </test-case>
            <test-case id="1155" name="IntersectionEngine_WestAndNorth_DetectsCrossing" fullname="Lattirune.Tests.ElementalIntersectionEngineTests.IntersectionEngine_WestAndNorth_DetectsCrossing" methodname="IntersectionEngine_WestAndNorth_DetectsCrossing" classname="Lattirune.Tests.ElementalIntersectionEngineTests" runstate="Runnable" seed="265036969" result="Passed" start-time="2026-08-20 08:11:00Z" end-time="2026-08-20 08:11:00Z" duration="0.000557" asserts="0">
              <properties>
                <property name="retryIteration" value="0" />
                <property name="repeatIteration" value="0" />
              </properties>
            </test-case>
          </test-suite>
          <test-suite type="TestFixture" id="1159" name="ElementalReactionTests" fullname="Lattirune.Tests.ElementalReactionTests" classname="Lattirune.Tests.ElementalReactionTests" runstate="Runnable" testcasecount="9" result="Passed" start-time="2026-08-20 08:11:00Z" end-time="2026-08-20 08:11:00Z" duration="0.007119" total="9" passed="9" failed="0" inconclusive="0" skipped="0" asserts="0">
            <properties />
            <test-case id="1168" name="ElementalReaction_DatabaseValidation_DetectsDuplicates" fullname="Lattirune.Tests.ElementalReactionTests.ElementalReaction_DatabaseValidation_DetectsDuplicates" methodname="ElementalReaction_DatabaseValidation_DetectsDuplicates" classname="Lattirune.Tests.ElementalReactionTests" runstate="Runnable" seed="1440231457" result="Passed" start-time="2026-08-20 08:11:00Z" end-time="2026-08-20 08:11:00Z" duration="0.002387" asserts="0">
              <properties>
                <property name="retryIteration" value="0" />
                <property name="repeatIteration" value="0" />
              </properties>
            </test-case>
            <test-case id="1160" name="ElementalReaction_FirePlusIce_ResolvesSteam" fullname="Lattirune.Tests.ElementalReactionTests.ElementalReaction_FirePlusIce_ResolvesSteam" methodname="ElementalReaction_FirePlusIce_ResolvesSteam" classname="Lattirune.Tests.ElementalReactionTests" runstate="Runnable" seed="46596943" result="Passed" start-time="2026-08-20 08:11:00Z" end-time="2026-08-20 08:11:00Z" duration="0.000427" asserts="0">
              <properties>
                <property name="retryIteration" value="0" />
                <property name="repeatIteration" value="0" />
              </properties>
            </test-case>
            <test-case id="1161" name="ElementalReaction_FirePlusLightning_ResolvesPlasma" fullname="Lattirune.Tests.ElementalReactionTests.ElementalReaction_FirePlusLightning_ResolvesPlasma" methodname="ElementalReaction_FirePlusLightning_ResolvesPlasma" classname="Lattirune.Tests.ElementalReactionTests" runstate="Runnable" seed="1415651277" result="Passed" start-time="2026-08-20 08:11:00Z" end-time="2026-08-20 08:11:00Z" duration="0.000343" asserts="0">
              <properties>
                <property name="retryIteration" value="0" />
                <property name="repeatIteration" value="0" />
              </properties>
            </test-case>
            <test-case id="1162" name="ElementalReaction_FirePlusPoison_ResolvesToxicFlame" fullname="Lattirune.Tests.ElementalReactionTests.ElementalReaction_FirePlusPoison_ResolvesToxicFlame" methodname="ElementalReaction_FirePlusPoison_ResolvesToxicFlame" classname="Lattirune.Tests.ElementalReactionTests" runstate="Runnable" seed="728494808" result="Passed" start-time="2026-08-20 08:11:00Z" end-time="2026-08-20 08:11:00Z" duration="0.000332" asserts="0">
              <properties>
                <property name="retryIteration" value="0" />
                <property name="repeatIteration" value="0" />
              </properties>
            </test-case>
            <test-case id="1164" name="ElementalReaction_IcePlusPoison_ResolvesFrostbite" fullname="Lattirune.Tests.ElementalReactionTests.ElementalReaction_IcePlusPoison_ResolvesFrostbite" methodname="ElementalReaction_IcePlusPoison_ResolvesFrostbite" classname="Lattirune.Tests.ElementalReactionTests" runstate="Runnable" seed="392514092" result="Passed" start-time="2026-08-20 08:11:00Z" end-time="2026-08-20 08:11:00Z" duration="0.000324" asserts="0">
              <properties>
                <property name="retryIteration" value="0" />
                <property name="repeatIteration" value="0" />
              </properties>
            </test-case>
            <test-case id="1163" name="ElementalReaction_LightningPlusIce_ResolvesSuperconductor" fullname="Lattirune.Tests.ElementalReactionTests.ElementalReaction_LightningPlusIce_ResolvesSuperconductor" methodname="ElementalReaction_LightningPlusIce_ResolvesSuperconductor" classname="Lattirune.Tests.ElementalReactionTests" runstate="Runnable" seed="1565254420" result="Passed" start-time="2026-08-20 08:11:00Z" end-time="2026-08-20 08:11:00Z" duration="0.000327" asserts="0">
              <properties>
                <property name="retryIteration" value="0" />
                <property name="repeatIteration" value="0" />
              </properties>
            </test-case>
            <test-case id="1165" name="ElementalReaction_SymmetricLookup_ResolvesIdentically" fullname="Lattirune.Tests.ElementalReactionTests.ElementalReaction_SymmetricLookup_ResolvesIdentically" methodname="ElementalReaction_SymmetricLookup_ResolvesIdentically" classname="Lattirune.Tests.ElementalReactionTests" runstate="Runnable" seed="384315297" result="Passed" start-time="2026-08-20 08:11:00Z" end-time="2026-08-20 08:11:00Z" duration="0.000323" asserts="0">
              <properties>
                <property name="retryIteration" value="0" />
                <property name="repeatIteration" value="0" />
              </properties>
            </test-case>
            <test-case id="1166" name="ElementalReaction_UnknownPair_ReturnsNullSafely" fullname="Lattirune.Tests.ElementalReactionTests.ElementalReaction_UnknownPair_ReturnsNullSafely" methodname="ElementalReaction_UnknownPair_ReturnsNullSafely" classname="Lattirune.Tests.ElementalReactionTests" runstate="Runnable" seed="534000021" result="Passed" start-time="2026-08-20 08:11:00Z" end-time="2026-08-20 08:11:00Z" duration="0.000305" asserts="0">
              <properties>
                <property name="retryIteration" value="0" />
                <property name="repeatIteration" value="0" />
              </properties>
            </test-case>
            <test-case id="1167" name="ElementalReactionSystem_CrossingBeams_ActivatesAndDeactivatesReaction" fullname="Lattirune.Tests.ElementalReactionTests.ElementalReactionSystem_CrossingBeams_ActivatesAndDeactivatesReaction" methodname="ElementalReactionSystem_CrossingBeams_ActivatesAndDeactivatesReaction" classname="Lattirune.Tests.ElementalReactionTests" runstate="Runnable" seed="2047100063" result="Passed" start-time="2026-08-20 08:11:00Z" end-time="2026-08-20 08:11:00Z" duration="0.000990" asserts="0">
              <properties>
                <property name="retryIteration" value="0" />
                <property name="repeatIteration" value="0" />
              </properties>
            </test-case>
          </test-suite>
          <test-suite type="TestFixture" id="1169" name="EndlessDungeonModeTests" fullname="Lattirune.Tests.EndlessDungeonModeTests" classname="Lattirune.Tests.EndlessDungeonModeTests" runstate="Runnable" testcasecount="3" result="Passed" start-time="2026-08-20 08:11:00Z" end-time="2026-08-20 08:11:00Z" duration="0.004697" total="3" passed="3" failed="0" inconclusive="0" skipped="0" asserts="0">
            <properties />
            <test-case id="1171" name="EndlessMode_AllowsContinuousDescentPastFloor10" fullname="Lattirune.Tests.EndlessDungeonModeTests.EndlessMode_AllowsContinuousDescentPastFloor10" methodname="EndlessMode_AllowsContinuousDescentPastFloor10" classname="Lattirune.Tests.EndlessDungeonModeTests" runstate="Runnable" seed="954316669" result="Passed" start-time="2026-08-20 08:11:00Z" end-time="2026-08-20 08:11:00Z" duration="0.001791" asserts="0">
              <properties>
                <property name="retryIteration" value="0" />
                <property name="repeatIteration" value="0" />
              </properties>
            </test-case>
            <test-case id="1172" name="EndlessMode_ScalesMonotonicallyWithFloorDepth" fullname="Lattirune.Tests.EndlessDungeonModeTests.EndlessMode_ScalesMonotonicallyWithFloorDepth" methodname="EndlessMode_ScalesMonotonicallyWithFloorDepth" classname="Lattirune.Tests.EndlessDungeonModeTests" runstate="Runnable" seed="1677476166" result="Passed" start-time="2026-08-20 08:11:00Z" end-time="2026-08-20 08:11:00Z" duration="0.001605" asserts="0">
              <properties>
                <property name="retryIteration" value="0" />
                <property name="repeatIteration" value="0" />
              </properties>
            </test-case>
            <test-case id="1170" name="StandardMode_TerminatesOnFloor10" fullname="Lattirune.Tests.EndlessDungeonModeTests.StandardMode_TerminatesOnFloor10" methodname="StandardMode_TerminatesOnFloor10" classname="Lattirune.Tests.EndlessDungeonModeTests" runstate="Runnable" seed="262669081" result="Passed" start-time="2026-08-20 08:11:00Z" end-time="2026-08-20 08:11:00Z" duration="0.000629" asserts="0">
              <properties>
                <property name="retryIteration" value="0" />
                <property name="repeatIteration" value="0" />
              </properties>
            </test-case>
          </test-suite>
          <test-suite type="TestFixture" id="1173" name="EnemyBestiaryTests" fullname="Lattirune.Tests.EnemyBestiaryTests" classname="Lattirune.Tests.EnemyBestiaryTests" runstate="Runnable" testcasecount="12" result="Passed" start-time="2026-08-20 08:11:00Z" end-time="2026-08-20 08:11:00Z" duration="0.006223" total="12" passed="12" failed="0" inconclusive="0" skipped="0" asserts="0">
            <properties />
            <test-case id="1179" name="AcidSlime_BagDisableTrait_ExecutesOnEncounterStart" fullname="Lattirune.Tests.EnemyBestiaryTests.AcidSlime_BagDisableTrait_ExecutesOnEncounterStart" methodname="AcidSlime_BagDisableTrait_ExecutesOnEncounterStart" classname="Lattirune.Tests.EnemyBestiaryTests" runstate="Runnable" seed="1671822965" result="Passed" start-time="2026-08-20 08:11:00Z" end-time="2026-08-20 08:11:00Z" duration="0.000531" asserts="0">
              <properties>
                <property name="retryIteration" value="0" />
                <property name="repeatIteration" value="0" />
              </properties>
            </test-case>
            <test-case id="1177" name="ArmoredSkeleton_Reflect_PreventsInfiniteRecursion" fullname="Lattirune.Tests.EnemyBestiaryTests.ArmoredSkeleton_Reflect_PreventsInfiniteRecursion" methodname="ArmoredSkeleton_Reflect_PreventsInfiniteRecursion" classname="Lattirune.Tests.EnemyBestiaryTests" runstate="Runnable" seed="1253040057" result="Passed" start-time="2026-08-20 08:11:00Z" end-time="2026-08-20 08:11:00Z" duration="0.000301" asserts="0">
              <properties>
                <property name="retryIteration" value="0" />
                <property name="repeatIteration" value="0" />
              </properties>
            </test-case>
            <test-case id="1176" name="ArmoredSkeleton_ReflectTrait_ExecutesOnDamageTaken" fullname="Lattirune.Tests.EnemyBestiaryTests.ArmoredSkeleton_ReflectTrait_ExecutesOnDamageTaken" methodname="ArmoredSkeleton_ReflectTrait_ExecutesOnDamageTaken" classname="Lattirune.Tests.EnemyBestiaryTests" runstate="Runnable" seed="2130557855" result="Passed" start-time="2026-08-20 08:11:00Z" end-time="2026-08-20 08:11:00Z" duration="0.000463" asserts="0">
              <properties>
                <property name="retryIteration" value="0" />
                <property name="repeatIteration" value="0" />
              </properties>
            </test-case>
            <test-case id="1181" name="Blighted_EliteAffix_AppliesBonusHp" fullname="Lattirune.Tests.EnemyBestiaryTests.Blighted_EliteAffix_AppliesBonusHp" methodname="Blighted_EliteAffix_AppliesBonusHp" classname="Lattirune.Tests.EnemyBestiaryTests" runstate="Runnable" seed="1614215020" result="Passed" start-time="2026-08-20 08:11:00Z" end-time="2026-08-20 08:11:00Z" duration="0.000270" asserts="0">
              <properties>
                <property name="retryIteration" value="0" />
                <property name="repeatIteration" value="0" />
              </properties>
            </test-case>
            <test-case id="1184" name="CrystalGolem_ArchetypeStats_MatchDefinition" fullname="Lattirune.Tests.EnemyBestiaryTests.CrystalGolem_ArchetypeStats_MatchDefinition" methodname="CrystalGolem_ArchetypeStats_MatchDefinition" classname="Lattirune.Tests.EnemyBestiaryTests" runstate="Runnable" seed="518408074" result="Passed" start-time="2026-08-20 08:11:00Z" end-time="2026-08-20 08:11:00Z" duration="0.000317" asserts="0">
              <properties>
                <property name="retryIteration" value="0" />
                <property name="repeatIteration" value="0" />
              </properties>
            </test-case>
            <test-case id="1180" name="Frostbound_EliteAffix_AppliesBonusArmor" fullname="Lattirune.Tests.EnemyBestiaryTests.Frostbound_EliteAffix_AppliesBonusArmor" methodname="Frostbound_EliteAffix_AppliesBonusArmor" classname="Lattirune.Tests.EnemyBestiaryTests" runstate="Runnable" seed="918775565" result="Passed" start-time="2026-08-20 08:11:00Z" end-time="2026-08-20 08:11:00Z" duration="0.000270" asserts="0">
              <properties>
                <property name="retryIteration" value="0" />
                <property name="repeatIteration" value="0" />
              </properties>
            </test-case>
            <test-case id="1175" name="GoblinThief_GoldStealTrait_ExecutesOnAttack" fullname="Lattirune.Tests.EnemyBestiaryTests.GoblinThief_GoldStealTrait_ExecutesOnAttack" methodname="GoblinThief_GoldStealTrait_ExecutesOnAttack" classname="Lattirune.Tests.EnemyBestiaryTests" runstate="Runnable" seed="726432553" result="Passed" start-time="2026-08-20 08:11:00Z" end-time="2026-08-20 08:11:00Z" duration="0.000471" asserts="0">
              <properties>
                <property name="retryIteration" value="0" />
                <property name="repeatIteration" value="0" />
              </properties>
            </test-case>
            <test-case id="1185" name="LichLord_BossStats_AndThreePhases_MatchPlan" fullname="Lattirune.Tests.EnemyBestiaryTests.LichLord_BossStats_AndThreePhases_MatchPlan" methodname="LichLord_BossStats_AndThreePhases_MatchPlan" classname="Lattirune.Tests.EnemyBestiaryTests" runstate="Runnable" seed="2024226542" result="Passed" start-time="2026-08-20 08:11:00Z" end-time="2026-08-20 08:11:00Z" duration="0.000308" asserts="0">
              <properties>
                <property name="retryIteration" value="0" />
                <property name="repeatIteration" value="0" />
              </properties>
            </test-case>
            <test-case id="1182" name="Necromancer_SummonTrait_MatchesConfig" fullname="Lattirune.Tests.EnemyBestiaryTests.Necromancer_SummonTrait_MatchesConfig" methodname="Necromancer_SummonTrait_MatchesConfig" classname="Lattirune.Tests.EnemyBestiaryTests" runstate="Runnable" seed="1231876390" result="Passed" start-time="2026-08-20 08:11:00Z" end-time="2026-08-20 08:11:00Z" duration="0.000345" asserts="0">
              <properties>
                <property name="retryIteration" value="0" />
                <property name="repeatIteration" value="0" />
              </properties>
            </test-case>
            <test-case id="1174" name="SewerRat_Stats_35Hp_1_2sInterval" fullname="Lattirune.Tests.EnemyBestiaryTests.SewerRat_Stats_35Hp_1_2sInterval" methodname="SewerRat_Stats_35Hp_1_2sInterval" classname="Lattirune.Tests.EnemyBestiaryTests" runstate="Runnable" seed="1408044514" result="Passed" start-time="2026-08-20 08:11:00Z" end-time="2026-08-20 08:11:00Z" duration="0.000250" asserts="0">
              <properties>
                <property name="retryIteration" value="0" />
                <property name="repeatIteration" value="0" />
              </properties>
            </test-case>
            <test-case id="1183" name="ShadowStalker_ArchetypeStats_MatchDefinition" fullname="Lattirune.Tests.EnemyBestiaryTests.ShadowStalker_ArchetypeStats_MatchDefinition" methodname="ShadowStalker_ArchetypeStats_MatchDefinition" classname="Lattirune.Tests.EnemyBestiaryTests" runstate="Runnable" seed="1419172756" result="Passed" start-time="2026-08-20 08:11:00Z" end-time="2026-08-20 08:11:00Z" duration="0.000299" asserts="0">
              <properties>
                <property name="retryIteration" value="0" />
                <property name="repeatIteration" value="0" />
              </properties>
            </test-case>
            <test-case id="1178" name="VenomousSpider_PoisonTrait_ExecutesOnAttack" fullname="Lattirune.Tests.EnemyBestiaryTests.VenomousSpider_PoisonTrait_ExecutesOnAttack" methodname="VenomousSpider_PoisonTrait_ExecutesOnAttack" classname="Lattirune.Tests.EnemyBestiaryTests" runstate="Runnable" seed="1388307830" result="Passed" start-time="2026-08-20 08:11:00Z" end-time="2026-08-20 08:11:00Z" duration="0.000575" asserts="0">
              <properties>
                <property name="retryIteration" value="0" />
                <property name="repeatIteration" value="0" />
              </properties>
            </test-case>
          </test-suite>
          <test-suite type="TestFixture" id="1186" name="ExternalReleaseExecutionTests" fullname="Lattirune.Tests.ExternalReleaseExecutionTests" classname="Lattirune.Tests.ExternalReleaseExecutionTests" runstate="Runnable" testcasecount="17" result="Passed" start-time="2026-08-20 08:11:00Z" end-time="2026-08-20 08:11:00Z" duration="0.004353" total="17" passed="17" failed="0" inconclusive="0" skipped="0" asserts="0">
            <properties />
            <test-case id="1201" name="ExternalGate_AabArtifact_RemainsNotGenerated" fullname="Lattirune.Tests.ExternalReleaseExecutionTests.ExternalGate_AabArtifact_RemainsNotGenerated" methodname="ExternalGate_AabArtifact_RemainsNotGenerated" classname="Lattirune.Tests.ExternalReleaseExecutionTests" runstate="Runnable" seed="2114950553" result="Passed" start-time="2026-08-20 08:11:00Z" end-time="2026-08-20 08:11:00Z" duration="0.000292" asserts="0">
              <properties>
                <property name="retryIteration" value="0" />
                <property name="repeatIteration" value="0" />
              </properties>
            </test-case>
            <test-case id="1196" name="ExternalGate_ExternalReleaseExecutionRecordDoc_Exists" fullname="Lattirune.Tests.ExternalReleaseExecutionTests.ExternalGate_ExternalReleaseExecutionRecordDoc_Exists" methodname="ExternalGate_ExternalReleaseExecutionRecordDoc_Exists" classname="Lattirune.Tests.ExternalReleaseExecutionTests" runstate="Runnable" seed="1537699890" result="Passed" start-time="2026-08-20 08:11:00Z" end-time="2026-08-20 08:11:00Z" duration="0.000144" asserts="0">
              <properties>
                <property name="retryIteration" value="0" />
                <property name="repeatIteration" value="0" />
              </properties>
            </test-case>
            <test-case id="1203" name="ExternalGate_GooglePlaySubmission_RemainsNotSubmitted" fullname="Lattirune.Tests.ExternalReleaseExecutionTests.ExternalGate_GooglePlaySubmission_RemainsNotSubmitted" methodname="ExternalGate_GooglePlaySubmission_RemainsNotSubmitted" classname="Lattirune.Tests.ExternalReleaseExecutionTests" runstate="Runnable" seed="1929737327" result="Passed" start-time="2026-08-20 08:11:00Z" end-time="2026-08-20 08:11:00Z" duration="0.000165" asserts="0">
              <properties>
                <property name="retryIteration" value="0" />
                <property name="repeatIteration" value="0" />
              </properties>
            </test-case>
            <test-case id="1195" name="ExternalGate_ManualQAChecklistDoc_Exists" fullname="Lattirune.Tests.ExternalReleaseExecutionTests.ExternalGate_ManualQAChecklistDoc_Exists" methodname="ExternalGate_ManualQAChecklistDoc_Exists" classname="Lattirune.Tests.ExternalReleaseExecutionTests" runstate="Runnable" seed="1163594049" result="Passed" start-time="2026-08-20 08:11:00Z" end-time="2026-08-20 08:11:00Z" duration="0.000135" asserts="0">
              <properties>
                <property name="retryIteration" value="0" />
                <property name="repeatIteration" value="0" />
              </properties>
            </test-case>
            <test-case id="1197" name="ExternalGate_NoSigningSecrets_InRepository" fullname="Lattirune.Tests.ExternalReleaseExecutionTests.ExternalGate_NoSigningSecrets_InRepository" methodname="ExternalGate_NoSigningSecrets_InRepository" classname="Lattirune.Tests.ExternalReleaseExecutionTests" runstate="Runnable" seed="949464646" result="Passed" start-time="2026-08-20 08:11:00Z" end-time="2026-08-20 08:11:00Z" duration="0.000140" asserts="0">
              <properties>
                <property name="retryIteration" value="0" />
                <property name="repeatIteration" value="0" />
              </properties>
            </test-case>
            <test-case id="1187" name="ExternalGate_PackageIdentifier_IsCanonical" fullname="Lattirune.Tests.ExternalReleaseExecutionTests.ExternalGate_PackageIdentifier_IsCanonical" methodname="ExternalGate_PackageIdentifier_IsCanonical" classname="Lattirune.Tests.ExternalReleaseExecutionTests" runstate="Runnable" seed="502348994" result="Passed" start-time="2026-08-20 08:11:00Z" end-time="2026-08-20 08:11:00Z" duration="0.000119" asserts="0">
              <properties>
                <property name="retryIteration" value="0" />
                <property name="repeatIteration" value="0" />
              </properties>
            </test-case>
            <test-case id="1199" name="ExternalGate_PhysicalQA_RemainsNotCompleted" fullname="Lattirune.Tests.ExternalReleaseExecutionTests.ExternalGate_PhysicalQA_RemainsNotCompleted" methodname="ExternalGate_PhysicalQA_RemainsNotCompleted" classname="Lattirune.Tests.ExternalReleaseExecutionTests" runstate="Runnable" seed="124751965" result="Passed" start-time="2026-08-20 08:11:00Z" end-time="2026-08-20 08:11:00Z" duration="0.000128" asserts="0">
              <properties>
                <property name="retryIteration" value="0" />
                <property name="repeatIteration" value="0" />
              </properties>
            </test-case>
            <test-case id="1193" name="ExternalGate_PrivacyPolicyDoc_Exists" fullname="Lattirune.Tests.ExternalReleaseExecutionTests.ExternalGate_PrivacyPolicyDoc_Exists" methodname="ExternalGate_PrivacyPolicyDoc_Exists" classname="Lattirune.Tests.ExternalReleaseExecutionTests" runstate="Runnable" seed="1281910817" result="Passed" start-time="2026-08-20 08:11:00Z" end-time="2026-08-20 08:11:00Z" duration="0.000130" asserts="0">
              <properties>
                <property name="retryIteration" value="0" />
                <property name="repeatIteration" value="0" />
              </properties>
            </test-case>
            <test-case id="1200" name="ExternalGate_PrivacyUrl_RemainsNotHosted" fullname="Lattirune.Tests.ExternalReleaseExecutionTests.ExternalGate_PrivacyUrl_RemainsNotHosted" methodname="ExternalGate_PrivacyUrl_RemainsNotHosted" classname="Lattirune.Tests.ExternalReleaseExecutionTests" runstate="Runnable" seed="1231259592" result="Passed" start-time="2026-08-20 08:11:00Z" end-time="2026-08-20 08:11:00Z" duration="0.000139" asserts="0">
              <properties>
                <property name="retryIteration" value="0" />
                <property name="repeatIteration" value="0" />
              </properties>
            </test-case>
            <test-case id="1202" name="ExternalGate_ProductionSigning_RemainsNotConfigured" fullname="Lattirune.Tests.ExternalReleaseExecutionTests.ExternalGate_ProductionSigning_RemainsNotConfigured" methodname="ExternalGate_ProductionSigning_RemainsNotConfigured" classname="Lattirune.Tests.ExternalReleaseExecutionTests" runstate="Runnable" seed="51791839" result="Passed" start-time="2026-08-20 08:11:00Z" end-time="2026-08-20 08:11:00Z" duration="0.000138" asserts="0">
              <properties>
                <property name="retryIteration" value="0" />
                <property name="repeatIteration" value="0" />
              </properties>
            </test-case>
            <test-case id="1198" name="ExternalGate_ReleaseArtifacts_ExcludedByGitIgnore" fullname="Lattirune.Tests.ExternalReleaseExecutionTests.ExternalGate_ReleaseArtifacts_ExcludedByGitIgnore" methodname="ExternalGate_ReleaseArtifacts_ExcludedByGitIgnore" classname="Lattirune.Tests.ExternalReleaseExecutionTests" runstate="Runnable" seed="1166597101" result="Passed" start-time="2026-08-20 08:11:00Z" end-time="2026-08-20 08:11:00Z" duration="0.000137" asserts="0">
              <properties>
                <property name="retryIteration" value="0" />
                <property name="repeatIteration" value="0" />
              </properties>
            </test-case>
            <test-case id="1191" name="ExternalGate_ReleaseManifestDoc_Exists" fullname="Lattirune.Tests.ExternalReleaseExecutionTests.ExternalGate_ReleaseManifestDoc_Exists" methodname="ExternalGate_ReleaseManifestDoc_Exists" classname="Lattirune.Tests.ExternalReleaseExecutionTests" runstate="Runnable" seed="1903652625" result="Passed" start-time="2026-08-20 08:11:00Z" end-time="2026-08-20 08:11:00Z" duration="0.000126" asserts="0">
              <properties>
                <property name="retryIteration" value="0" />
                <property name="repeatIteration" value="0" />
              </properties>
            </test-case>
            <test-case id="1190" name="ExternalGate_SaveVersion_IsCanonical" fullname="Lattirune.Tests.ExternalReleaseExecutionTests.ExternalGate_SaveVersion_IsCanonical" methodname="ExternalGate_SaveVersion_IsCanonical" classname="Lattirune.Tests.ExternalReleaseExecutionTests" runstate="Runnable" seed="423170836" result="Passed" start-time="2026-08-20 08:11:00Z" end-time="2026-08-20 08:11:00Z" duration="0.000157" asserts="0">
              <properties>
                <property name="retryIteration" value="0" />
                <property name="repeatIteration" value="0" />
              </properties>
            </test-case>
            <test-case id="1194" name="ExternalGate_StoreListingDoc_Exists" fullname="Lattirune.Tests.ExternalReleaseExecutionTests.ExternalGate_StoreListingDoc_Exists" methodname="ExternalGate_StoreListingDoc_Exists" classname="Lattirune.Tests.ExternalReleaseExecutionTests" runstate="Runnable" seed="556058291" result="Passed" start-time="2026-08-20 08:11:00Z" end-time="2026-08-20 08:11:00Z" duration="0.000133" asserts="0">
              <properties>
                <property name="retryIteration" value="0" />
                <property name="repeatIteration" value="0" />
              </properties>
            </test-case>
            <test-case id="1192" name="ExternalGate_SubmissionChecklistDoc_Exists" fullname="Lattirune.Tests.ExternalReleaseExecutionTests.ExternalGate_SubmissionChecklistDoc_Exists" methodname="ExternalGate_SubmissionChecklistDoc_Exists" classname="Lattirune.Tests.ExternalReleaseExecutionTests" runstate="Runnable" seed="145128290" result="Passed" start-time="2026-08-20 08:11:00Z" end-time="2026-08-20 08:11:00Z" duration="0.000121" asserts="0">
              <properties>
                <property name="retryIteration" value="0" />
                <property name="repeatIteration" value="0" />
              </properties>
            </test-case>
            <test-case id="1189" name="ExternalGate_VersionCode_IsCanonical" fullname="Lattirune.Tests.ExternalReleaseExecutionTests.ExternalGate_VersionCode_IsCanonical" methodname="ExternalGate_VersionCode_IsCanonical" classname="Lattirune.Tests.ExternalReleaseExecutionTests" runstate="Runnable" seed="316342715" result="Passed" start-time="2026-08-20 08:11:00Z" end-time="2026-08-20 08:11:00Z" duration="0.000136" asserts="0">
              <properties>
                <property name="retryIteration" value="0" />
                <property name="repeatIteration" value="0" />
              </properties>
            </test-case>
            <test-case id="1188" name="ExternalGate_VersionName_IsCanonical" fullname="Lattirune.Tests.ExternalReleaseExecutionTests.ExternalGate_VersionName_IsCanonical" methodname="ExternalGate_VersionName_IsCanonical" classname="Lattirune.Tests.ExternalReleaseExecutionTests" runstate="Runnable" seed="463909833" result="Passed" start-time="2026-08-20 08:11:00Z" end-time="2026-08-20 08:11:00Z" duration="0.000129" asserts="0">
              <properties>
                <property name="retryIteration" value="0" />
                <property name="repeatIteration" value="0" />
              </properties>
            </test-case>
          </test-suite>
          <test-suite type="TestFixture" id="1204" name="FinalExternalActionHandoffTests" fullname="Lattirune.Tests.FinalExternalActionHandoffTests" classname="Lattirune.Tests.FinalExternalActionHandoffTests" runstate="Runnable" testcasecount="18" result="Passed" start-time="2026-08-20 08:11:00Z" end-time="2026-08-20 08:11:00Z" duration="0.005451" total="18" passed="18" failed="0" inconclusive="0" skipped="0" asserts="0">
            <properties />
            <test-case id="1207" name="FinalHandoff_AllEightBlockers_AreRepresented" fullname="Lattirune.Tests.FinalExternalActionHandoffTests.FinalHandoff_AllEightBlockers_AreRepresented" methodname="FinalHandoff_AllEightBlockers_AreRepresented" classname="Lattirune.Tests.FinalExternalActionHandoffTests" runstate="Runnable" seed="1625066857" result="Passed" start-time="2026-08-20 08:11:00Z" end-time="2026-08-20 08:11:00Z" duration="0.000321" asserts="0">
              <properties>
                <property name="retryIteration" value="0" />
                <property name="repeatIteration" value="0" />
              </properties>
            </test-case>
            <test-case id="1208" name="FinalHandoff_Ext01_PhysicalQA_RemainsBlocked" fullname="Lattirune.Tests.FinalExternalActionHandoffTests.FinalHandoff_Ext01_PhysicalQA_RemainsBlocked" methodname="FinalHandoff_Ext01_PhysicalQA_RemainsBlocked" classname="Lattirune.Tests.FinalExternalActionHandoffTests" runstate="Runnable" seed="908789165" result="Passed" start-time="2026-08-20 08:11:00Z" end-time="2026-08-20 08:11:00Z" duration="0.000180" asserts="0">
              <properties>
                <property name="retryIteration" value="0" />
                <property name="repeatIteration" value="0" />
              </properties>
            </test-case>
            <test-case id="1209" name="FinalHandoff_Ext02_PrivacyUrl_RemainsBlocked" fullname="Lattirune.Tests.FinalExternalActionHandoffTests.FinalHandoff_Ext02_PrivacyUrl_RemainsBlocked" methodname="FinalHandoff_Ext02_PrivacyUrl_RemainsBlocked" classname="Lattirune.Tests.FinalExternalActionHandoffTests" runstate="Runnable" seed="1403942516" result="Passed" start-time="2026-08-20 08:11:00Z" end-time="2026-08-20 08:11:00Z" duration="0.000147" asserts="0">
              <properties>
                <property name="retryIteration" value="0" />
                <property name="repeatIteration" value="0" />
              </properties>
            </test-case>
            <test-case id="1210" name="FinalHandoff_Ext03_AppIcon_RemainsBlocked" fullname="Lattirune.Tests.FinalExternalActionHandoffTests.FinalHandoff_Ext03_AppIcon_RemainsBlocked" methodname="FinalHandoff_Ext03_AppIcon_RemainsBlocked" classname="Lattirune.Tests.FinalExternalActionHandoffTests" runstate="Runnable" seed="1356178915" result="Passed" start-time="2026-08-20 08:11:00Z" end-time="2026-08-20 08:11:00Z" duration="0.000137" asserts="0">
              <properties>
                <property name="retryIteration" value="0" />
                <property name="repeatIteration" value="0" />
              </properties>
            </test-case>
            <test-case id="1211" name="FinalHandoff_Ext04_FeatureGraphic_RemainsBlocked" fullname="Lattirune.Tests.FinalExternalActionHandoffTests.FinalHandoff_Ext04_FeatureGraphic_RemainsBlocked" methodname="FinalHandoff_Ext04_FeatureGraphic_RemainsBlocked" classname="Lattirune.Tests.FinalExternalActionHandoffTests" runstate="Runnable" seed="211325950" result="Passed" start-time="2026-08-20 08:11:00Z" end-time="2026-08-20 08:11:00Z" duration="0.000334" asserts="0">
              <properties>
                <property name="retryIteration" value="0" />
                <property name="repeatIteration" value="0" />
              </properties>
            </test-case>
            <test-case id="1212" name="FinalHandoff_Ext05_Screenshots_RemainsBlocked" fullname="Lattirune.Tests.FinalExternalActionHandoffTests.FinalHandoff_Ext05_Screenshots_RemainsBlocked" methodname="FinalHandoff_Ext05_Screenshots_RemainsBlocked" classname="Lattirune.Tests.FinalExternalActionHandoffTests" runstate="Runnable" seed="1643839469" result="Passed" start-time="2026-08-20 08:11:00Z" end-time="2026-08-20 08:11:00Z" duration="0.000175" asserts="0">
              <properties>
                <property name="retryIteration" value="0" />
                <property name="repeatIteration" value="0" />
              </properties>
            </test-case>
            <test-case id="1213" name="FinalHandoff_Ext06_Aab_RemainsBlocked" fullname="Lattirune.Tests.FinalExternalActionHandoffTests.FinalHandoff_Ext06_Aab_RemainsBlocked" methodname="FinalHandoff_Ext06_Aab_RemainsBlocked" classname="Lattirune.Tests.FinalExternalActionHandoffTests" runstate="Runnable" seed="1795188048" result="Passed" start-time="2026-08-20 08:11:00Z" end-time="2026-08-20 08:11:00Z" duration="0.000157" asserts="0">
              <properties>
                <property name="retryIteration" value="0" />
                <property name="repeatIteration" value="0" />
              </properties>
            </test-case>
            <test-case id="1214" name="FinalHandoff_Ext07_Signing_RemainsBlocked" fullname="Lattirune.Tests.FinalExternalActionHandoffTests.FinalHandoff_Ext07_Signing_RemainsBlocked" methodname="FinalHandoff_Ext07_Signing_RemainsBlocked" classname="Lattirune.Tests.FinalExternalActionHandoffTests" runstate="Runnable" seed="703091112" result="Passed" start-time="2026-08-20 08:11:00Z" end-time="2026-08-20 08:11:00Z" duration="0.000146" asserts="0">
              <properties>
                <property name="retryIteration" value="0" />
                <property name="repeatIteration" value="0" />
              </properties>
            </test-case>
            <test-case id="1215" name="FinalHandoff_Ext08_PlayConsole_DependsOnPrerequisites" fullname="Lattirune.Tests.FinalExternalActionHandoffTests.FinalHandoff_Ext08_PlayConsole_DependsOnPrerequisites" methodname="FinalHandoff_Ext08_PlayConsole_DependsOnPrerequisites" classname="Lattirune.Tests.FinalExternalActionHandoffTests" runstate="Runnable" seed="1803324083" result="Passed" start-time="2026-08-20 08:11:00Z" end-time="2026-08-20 08:11:00Z" duration="0.000157" asserts="0">
              <properties>
                <property name="retryIteration" value="0" />
                <property name="repeatIteration" value="0" />
              </properties>
            </test-case>
            <test-case id="1206" name="FinalHandoff_ExternalChecklist_Exists" fullname="Lattirune.Tests.FinalExternalActionHandoffTests.FinalHandoff_ExternalChecklist_Exists" methodname="FinalHandoff_ExternalChecklist_Exists" classname="Lattirune.Tests.FinalExternalActionHandoffTests" runstate="Runnable" seed="489337673" result="Passed" start-time="2026-08-20 08:11:00Z" end-time="2026-08-20 08:11:00Z" duration="0.000222" asserts="0">
              <properties>
                <property name="retryIteration" value="0" />
                <property name="repeatIteration" value="0" />
              </properties>
            </test-case>
            <test-case id="1205" name="FinalHandoff_HandoffDocument_Exists" fullname="Lattirune.Tests.FinalExternalActionHandoffTests.FinalHandoff_HandoffDocument_Exists" methodname="FinalHandoff_HandoffDocument_Exists" classname="Lattirune.Tests.FinalExternalActionHandoffTests" runstate="Runnable" seed="411711187" result="Passed" start-time="2026-08-20 08:11:00Z" end-time="2026-08-20 08:11:00Z" duration="0.000162" asserts="0">
              <properties>
                <property name="retryIteration" value="0" />
                <property name="repeatIteration" value="0" />
              </properties>
            </test-case>
            <test-case id="1216" name="FinalHandoff_PackageId_IsCorrect" fullname="Lattirune.Tests.FinalExternalActionHandoffTests.FinalHandoff_PackageId_IsCorrect" methodname="FinalHandoff_PackageId_IsCorrect" classname="Lattirune.Tests.FinalExternalActionHandoffTests" runstate="Runnable" seed="82060059" result="Passed" start-time="2026-08-20 08:11:00Z" end-time="2026-08-20 08:11:00Z" duration="0.000181" asserts="0">
              <properties>
                <property name="retryIteration" value="0" />
                <property name="repeatIteration" value="0" />
              </properties>
            </test-case>
            <test-case id="1220" name="FinalHandoff_RequiredEvidence_IsExplicit" fullname="Lattirune.Tests.FinalExternalActionHandoffTests.FinalHandoff_RequiredEvidence_IsExplicit" methodname="FinalHandoff_RequiredEvidence_IsExplicit" classname="Lattirune.Tests.FinalExternalActionHandoffTests" runstate="Runnable" seed="1604231698" result="Passed" start-time="2026-08-20 08:11:00Z" end-time="2026-08-20 08:11:00Z" duration="0.000202" asserts="0">
              <properties>
                <property name="retryIteration" value="0" />
                <property name="repeatIteration" value="0" />
              </properties>
            </test-case>
            <test-case id="1219" name="FinalHandoff_SaveVersion_IsCorrect" fullname="Lattirune.Tests.FinalExternalActionHandoffTests.FinalHandoff_SaveVersion_IsCorrect" methodname="FinalHandoff_SaveVersion_IsCorrect" classname="Lattirune.Tests.FinalExternalActionHandoffTests" runstate="Runnable" seed="1595863705" result="Passed" start-time="2026-08-20 08:11:00Z" end-time="2026-08-20 08:11:00Z" duration="0.000169" asserts="0">
              <properties>
                <property name="retryIteration" value="0" />
                <property name="repeatIteration" value="0" />
              </properties>
            </test-case>
            <test-case id="1222" name="FinalHandoff_Security_NoBinaryArtifactsTracked" fullname="Lattirune.Tests.FinalExternalActionHandoffTests.FinalHandoff_Security_NoBinaryArtifactsTracked" methodname="FinalHandoff_Security_NoBinaryArtifactsTracked" classname="Lattirune.Tests.FinalExternalActionHandoffTests" runstate="Runnable" seed="984164840" result="Passed" start-time="2026-08-20 08:11:00Z" end-time="2026-08-20 08:11:00Z" duration="0.000164" asserts="0">
              <properties>
                <property name="retryIteration" value="0" />
                <property name="repeatIteration" value="0" />
              </properties>
            </test-case>
            <test-case id="1221" name="FinalHandoff_Security_NoCredentialsTracked" fullname="Lattirune.Tests.FinalExternalActionHandoffTests.FinalHandoff_Security_NoCredentialsTracked" methodname="FinalHandoff_Security_NoCredentialsTracked" classname="Lattirune.Tests.FinalExternalActionHandoffTests" runstate="Runnable" seed="209883504" result="Passed" start-time="2026-08-20 08:11:00Z" end-time="2026-08-20 08:11:00Z" duration="0.000151" asserts="0">
              <properties>
                <property name="retryIteration" value="0" />
                <property name="repeatIteration" value="0" />
              </properties>
            </test-case>
            <test-case id="1218" name="FinalHandoff_VersionCode_IsCorrect" fullname="Lattirune.Tests.FinalExternalActionHandoffTests.FinalHandoff_VersionCode_IsCorrect" methodname="FinalHandoff_VersionCode_IsCorrect" classname="Lattirune.Tests.FinalExternalActionHandoffTests" runstate="Runnable" seed="1139762513" result="Passed" start-time="2026-08-20 08:11:00Z" end-time="2026-08-20 08:11:00Z" duration="0.000152" asserts="0">
              <properties>
                <property name="retryIteration" value="0" />
                <property name="repeatIteration" value="0" />
              </properties>
            </test-case>
            <test-case id="1217" name="FinalHandoff_VersionName_IsCorrect" fullname="Lattirune.Tests.FinalExternalActionHandoffTests.FinalHandoff_VersionName_IsCorrect" methodname="FinalHandoff_VersionName_IsCorrect" classname="Lattirune.Tests.FinalExternalActionHandoffTests" runstate="Runnable" seed="692869298" result="Passed" start-time="2026-08-20 08:11:00Z" end-time="2026-08-20 08:11:00Z" duration="0.000136" asserts="0">
              <properties>
                <property name="retryIteration" value="0" />
                <property name="repeatIteration" value="0" />
              </properties>
            </test-case>
          </test-suite>
          <test-suite type="TestFixture" id="1223" name="FinalExternalReleaseAuditTests" fullname="Lattirune.Tests.FinalExternalReleaseAuditTests" classname="Lattirune.Tests.FinalExternalReleaseAuditTests" runstate="Runnable" testcasecount="14" result="Passed" start-time="2026-08-20 08:11:00Z" end-time="2026-08-20 08:11:00Z" duration="0.003862" total="14" passed="14" failed="0" inconclusive="0" skipped="0" asserts="0">
            <properties />
            <test-case id="1237" name="FinalAudit_AabPipeline_Configured" fullname="Lattirune.Tests.FinalExternalReleaseAuditTests.FinalAudit_AabPipeline_Configured" methodname="FinalAudit_AabPipeline_Configured" classname="Lattirune.Tests.FinalExternalReleaseAuditTests" runstate="Runnable" seed="712975526" result="Passed" start-time="2026-08-20 08:11:00Z" end-time="2026-08-20 08:11:00Z" duration="0.000264" asserts="0">
              <properties>
                <property name="retryIteration" value="0" />
                <property name="repeatIteration" value="0" />
              </properties>
            </test-case>
            <test-case id="1234" name="FinalAudit_AabStatus_IsHonest" fullname="Lattirune.Tests.FinalExternalReleaseAuditTests.FinalAudit_AabStatus_IsHonest" methodname="FinalAudit_AabStatus_IsHonest" classname="Lattirune.Tests.FinalExternalReleaseAuditTests" runstate="Runnable" seed="1559809174" result="Passed" start-time="2026-08-20 08:11:00Z" end-time="2026-08-20 08:11:00Z" duration="0.000129" asserts="0">
              <properties>
                <property name="retryIteration" value="0" />
                <property name="repeatIteration" value="0" />
              </properties>
            </test-case>
            <test-case id="1229" name="FinalAudit_AllExternalBlockers_ExplicitlyRepresented" fullname="Lattirune.Tests.FinalExternalReleaseAuditTests.FinalAudit_AllExternalBlockers_ExplicitlyRepresented" methodname="FinalAudit_AllExternalBlockers_ExplicitlyRepresented" classname="Lattirune.Tests.FinalExternalReleaseAuditTests" runstate="Runnable" seed="1684482190" result="Passed" start-time="2026-08-20 08:11:00Z" end-time="2026-08-20 08:11:00Z" duration="0.000165" asserts="0">
              <properties>
                <property name="retryIteration" value="0" />
                <property name="repeatIteration" value="0" />
              </properties>
            </test-case>
            <test-case id="1228" name="FinalAudit_FinalAuditDoc_Exists" fullname="Lattirune.Tests.FinalExternalReleaseAuditTests.FinalAudit_FinalAuditDoc_Exists" methodname="FinalAudit_FinalAuditDoc_Exists" classname="Lattirune.Tests.FinalExternalReleaseAuditTests" runstate="Runnable" seed="432521195" result="Passed" start-time="2026-08-20 08:11:00Z" end-time="2026-08-20 08:11:00Z" duration="0.000137" asserts="0">
              <properties>
                <property name="retryIteration" value="0" />
                <property name="repeatIteration" value="0" />
              </properties>
            </test-case>
            <test-case id="1230" name="FinalAudit_NoBlockerFalselyMarkedComplete" fullname="Lattirune.Tests.FinalExternalReleaseAuditTests.FinalAudit_NoBlockerFalselyMarkedComplete" methodname="FinalAudit_NoBlockerFalselyMarkedComplete" classname="Lattirune.Tests.FinalExternalReleaseAuditTests" runstate="Runnable" seed="1282208168" result="Passed" start-time="2026-08-20 08:11:00Z" end-time="2026-08-20 08:11:00Z" duration="0.000156" asserts="0">
              <properties>
                <property name="retryIteration" value="0" />
                <property name="repeatIteration" value="0" />
              </properties>
            </test-case>
            <test-case id="1224" name="FinalAudit_PackageIdentifier_Matches" fullname="Lattirune.Tests.FinalExternalReleaseAuditTests.FinalAudit_PackageIdentifier_Matches" methodname="FinalAudit_PackageIdentifier_Matches" classname="Lattirune.Tests.FinalExternalReleaseAuditTests" runstate="Runnable" seed="1613911194" result="Passed" start-time="2026-08-20 08:11:00Z" end-time="2026-08-20 08:11:00Z" duration="0.000140" asserts="0">
              <properties>
                <property name="retryIteration" value="0" />
                <property name="repeatIteration" value="0" />
              </properties>
            </test-case>
            <test-case id="1233" name="FinalAudit_PhysicalQAStatus_IsHonest" fullname="Lattirune.Tests.FinalExternalReleaseAuditTests.FinalAudit_PhysicalQAStatus_IsHonest" methodname="FinalAudit_PhysicalQAStatus_IsHonest" classname="Lattirune.Tests.FinalExternalReleaseAuditTests" runstate="Runnable" seed="668128007" result="Passed" start-time="2026-08-20 08:11:00Z" end-time="2026-08-20 08:11:00Z" duration="0.000128" asserts="0">
              <properties>
                <property name="retryIteration" value="0" />
                <property name="repeatIteration" value="0" />
              </properties>
            </test-case>
            <test-case id="1235" name="FinalAudit_PrivacyUrlStatus_IsHonest" fullname="Lattirune.Tests.FinalExternalReleaseAuditTests.FinalAudit_PrivacyUrlStatus_IsHonest" methodname="FinalAudit_PrivacyUrlStatus_IsHonest" classname="Lattirune.Tests.FinalExternalReleaseAuditTests" runstate="Runnable" seed="1316747434" result="Passed" start-time="2026-08-20 08:11:00Z" end-time="2026-08-20 08:11:00Z" duration="0.000117" asserts="0">
              <properties>
                <property name="retryIteration" value="0" />
                <property name="repeatIteration" value="0" />
              </properties>
            </test-case>
            <test-case id="1231" name="FinalAudit_ReleaseDocumentationSuite_Complete" fullname="Lattirune.Tests.FinalExternalReleaseAuditTests.FinalAudit_ReleaseDocumentationSuite_Complete" methodname="FinalAudit_ReleaseDocumentationSuite_Complete" classname="Lattirune.Tests.FinalExternalReleaseAuditTests" runstate="Runnable" seed="1722467962" result="Passed" start-time="2026-08-20 08:11:00Z" end-time="2026-08-20 08:11:00Z" duration="0.000243" asserts="0">
              <properties>
                <property name="retryIteration" value="0" />
                <property name="repeatIteration" value="0" />
              </properties>
            </test-case>
            <test-case id="1227" name="FinalAudit_SaveVersion_Matches" fullname="Lattirune.Tests.FinalExternalReleaseAuditTests.FinalAudit_SaveVersion_Matches" methodname="FinalAudit_SaveVersion_Matches" classname="Lattirune.Tests.FinalExternalReleaseAuditTests" runstate="Runnable" seed="1207422345" result="Passed" start-time="2026-08-20 08:11:00Z" end-time="2026-08-20 08:11:00Z" duration="0.000165" asserts="0">
              <properties>
                <property name="retryIteration" value="0" />
                <property name="repeatIteration" value="0" />
              </properties>
            </test-case>
            <test-case id="1232" name="FinalAudit_SecurityExpectations_Pass" fullname="Lattirune.Tests.FinalExternalReleaseAuditTests.FinalAudit_SecurityExpectations_Pass" methodname="FinalAudit_SecurityExpectations_Pass" classname="Lattirune.Tests.FinalExternalReleaseAuditTests" runstate="Runnable" seed="1982897806" result="Passed" start-time="2026-08-20 08:11:00Z" end-time="2026-08-20 08:11:00Z" duration="0.000132" asserts="0">
              <properties>
                <property name="retryIteration" value="0" />
                <property name="repeatIteration" value="0" />
              </properties>
            </test-case>
            <test-case id="1236" name="FinalAudit_StoreAssetStatus_IsHonest" fullname="Lattirune.Tests.FinalExternalReleaseAuditTests.FinalAudit_StoreAssetStatus_IsHonest" methodname="FinalAudit_StoreAssetStatus_IsHonest" classname="Lattirune.Tests.FinalExternalReleaseAuditTests" runstate="Runnable" seed="1520572373" result="Passed" start-time="2026-08-20 08:11:00Z" end-time="2026-08-20 08:11:00Z" duration="0.000169" asserts="0">
              <properties>
                <property name="retryIteration" value="0" />
                <property name="repeatIteration" value="0" />
              </properties>
            </test-case>
            <test-case id="1226" name="FinalAudit_VersionCode_Matches" fullname="Lattirune.Tests.FinalExternalReleaseAuditTests.FinalAudit_VersionCode_Matches" methodname="FinalAudit_VersionCode_Matches" classname="Lattirune.Tests.FinalExternalReleaseAuditTests" runstate="Runnable" seed="350367080" result="Passed" start-time="2026-08-20 08:11:00Z" end-time="2026-08-20 08:11:00Z" duration="0.000145" asserts="0">
              <properties>
                <property name="retryIteration" value="0" />
                <property name="repeatIteration" value="0" />
              </properties>
            </test-case>
            <test-case id="1225" name="FinalAudit_VersionName_Matches" fullname="Lattirune.Tests.FinalExternalReleaseAuditTests.FinalAudit_VersionName_Matches" methodname="FinalAudit_VersionName_Matches" classname="Lattirune.Tests.FinalExternalReleaseAuditTests" runstate="Runnable" seed="1385459833" result="Passed" start-time="2026-08-20 08:11:00Z" end-time="2026-08-20 08:11:00Z" duration="0.000133" asserts="0">
              <properties>
                <property name="retryIteration" value="0" />
                <property name="repeatIteration" value="0" />
              </properties>
            </test-case>
          </test-suite>
          <test-suite type="TestFixture" id="1238" name="FinalReleaseBlockerAuditTests" fullname="Lattirune.Tests.FinalReleaseBlockerAuditTests" classname="Lattirune.Tests.FinalReleaseBlockerAuditTests" runstate="Runnable" testcasecount="14" result="Passed" start-time="2026-08-20 08:11:00Z" end-time="2026-08-20 08:11:00Z" duration="0.003545" total="14" passed="14" failed="0" inconclusive="0" skipped="0" asserts="0">
            <properties />
            <test-case id="1248" name="ReleaseBlocker_AabPipeline_IsConfigured" fullname="Lattirune.Tests.FinalReleaseBlockerAuditTests.ReleaseBlocker_AabPipeline_IsConfigured" methodname="ReleaseBlocker_AabPipeline_IsConfigured" classname="Lattirune.Tests.FinalReleaseBlockerAuditTests" runstate="Runnable" seed="1024155156" result="Passed" start-time="2026-08-20 08:11:00Z" end-time="2026-08-20 08:11:00Z" duration="0.000259" asserts="0">
              <properties>
                <property name="retryIteration" value="0" />
                <property name="repeatIteration" value="0" />
              </properties>
            </test-case>
            <test-case id="1243" name="ReleaseBlocker_FinalBlockersDoc_Exists" fullname="Lattirune.Tests.FinalReleaseBlockerAuditTests.ReleaseBlocker_FinalBlockersDoc_Exists" methodname="ReleaseBlocker_FinalBlockersDoc_Exists" classname="Lattirune.Tests.FinalReleaseBlockerAuditTests" runstate="Runnable" seed="1541869369" result="Passed" start-time="2026-08-20 08:11:00Z" end-time="2026-08-20 08:11:00Z" duration="0.000138" asserts="0">
              <properties>
                <property name="retryIteration" value="0" />
                <property name="repeatIteration" value="0" />
              </properties>
            </test-case>
            <test-case id="1251" name="ReleaseBlocker_NoDebugCheatCode_Exposed" fullname="Lattirune.Tests.FinalReleaseBlockerAuditTests.ReleaseBlocker_NoDebugCheatCode_Exposed" methodname="ReleaseBlocker_NoDebugCheatCode_Exposed" classname="Lattirune.Tests.FinalReleaseBlockerAuditTests" runstate="Runnable" seed="113860914" result="Passed" start-time="2026-08-20 08:11:00Z" end-time="2026-08-20 08:11:00Z" duration="0.000143" asserts="0">
              <properties>
                <property name="retryIteration" value="0" />
                <property name="repeatIteration" value="0" />
              </properties>
            </test-case>
            <test-case id="1249" name="ReleaseBlocker_NoSigningSecrets_InRepository" fullname="Lattirune.Tests.FinalReleaseBlockerAuditTests.ReleaseBlocker_NoSigningSecrets_InRepository" methodname="ReleaseBlocker_NoSigningSecrets_InRepository" classname="Lattirune.Tests.FinalReleaseBlockerAuditTests" runstate="Runnable" seed="1033895789" result="Passed" start-time="2026-08-20 08:11:00Z" end-time="2026-08-20 08:11:00Z" duration="0.000138" asserts="0">
              <properties>
                <property name="retryIteration" value="0" />
                <property name="repeatIteration" value="0" />
              </properties>
            </test-case>
            <test-case id="1239" name="ReleaseBlocker_PackageIdentifier_Matches" fullname="Lattirune.Tests.FinalReleaseBlockerAuditTests.ReleaseBlocker_PackageIdentifier_Matches" methodname="ReleaseBlocker_PackageIdentifier_Matches" classname="Lattirune.Tests.FinalReleaseBlockerAuditTests" runstate="Runnable" seed="1100193810" result="Passed" start-time="2026-08-20 08:11:00Z" end-time="2026-08-20 08:11:00Z" duration="0.000126" asserts="0">
              <properties>
                <property name="retryIteration" value="0" />
                <property name="repeatIteration" value="0" />
              </properties>
            </test-case>
            <test-case id="1252" name="ReleaseBlocker_PhysicalQAStatus_RemainsNotCompleted" fullname="Lattirune.Tests.FinalReleaseBlockerAuditTests.ReleaseBlocker_PhysicalQAStatus_RemainsNotCompleted" methodname="ReleaseBlocker_PhysicalQAStatus_RemainsNotCompleted" classname="Lattirune.Tests.FinalReleaseBlockerAuditTests" runstate="Runnable" seed="2072289406" result="Passed" start-time="2026-08-20 08:11:00Z" end-time="2026-08-20 08:11:00Z" duration="0.000137" asserts="0">
              <properties>
                <property name="retryIteration" value="0" />
                <property name="repeatIteration" value="0" />
              </properties>
            </test-case>
            <test-case id="1244" name="ReleaseBlocker_PrivacyPolicyDoc_Exists" fullname="Lattirune.Tests.FinalReleaseBlockerAuditTests.ReleaseBlocker_PrivacyPolicyDoc_Exists" methodname="ReleaseBlocker_PrivacyPolicyDoc_Exists" classname="Lattirune.Tests.FinalReleaseBlockerAuditTests" runstate="Runnable" seed="1194303061" result="Passed" start-time="2026-08-20 08:11:00Z" end-time="2026-08-20 08:11:00Z" duration="0.000126" asserts="0">
              <properties>
                <property name="retryIteration" value="0" />
                <property name="repeatIteration" value="0" />
              </properties>
            </test-case>
            <test-case id="1245" name="ReleaseBlocker_PrivacyUrl_NotFabricated" fullname="Lattirune.Tests.FinalReleaseBlockerAuditTests.ReleaseBlocker_PrivacyUrl_NotFabricated" methodname="ReleaseBlocker_PrivacyUrl_NotFabricated" classname="Lattirune.Tests.FinalReleaseBlockerAuditTests" runstate="Runnable" seed="191511070" result="Passed" start-time="2026-08-20 08:11:00Z" end-time="2026-08-20 08:11:00Z" duration="0.000135" asserts="0">
              <properties>
                <property name="retryIteration" value="0" />
                <property name="repeatIteration" value="0" />
              </properties>
            </test-case>
            <test-case id="1250" name="ReleaseBlocker_ReleaseArtifacts_ExcludedByGit" fullname="Lattirune.Tests.FinalReleaseBlockerAuditTests.ReleaseBlocker_ReleaseArtifacts_ExcludedByGit" methodname="ReleaseBlocker_ReleaseArtifacts_ExcludedByGit" classname="Lattirune.Tests.FinalReleaseBlockerAuditTests" runstate="Runnable" seed="1550152248" result="Passed" start-time="2026-08-20 08:11:00Z" end-time="2026-08-20 08:11:00Z" duration="0.000128" asserts="0">
              <properties>
                <property name="retryIteration" value="0" />
                <property name="repeatIteration" value="0" />
              </properties>
            </test-case>
            <test-case id="1242" name="ReleaseBlocker_SaveVersion_Matches" fullname="Lattirune.Tests.FinalReleaseBlockerAuditTests.ReleaseBlocker_SaveVersion_Matches" methodname="ReleaseBlocker_SaveVersion_Matches" classname="Lattirune.Tests.FinalReleaseBlockerAuditTests" runstate="Runnable" seed="930559677" result="Passed" start-time="2026-08-20 08:11:00Z" end-time="2026-08-20 08:11:00Z" duration="0.000161" asserts="0">
              <properties>
                <property name="retryIteration" value="0" />
                <property name="repeatIteration" value="0" />
              </properties>
            </test-case>
            <test-case id="1246" name="ReleaseBlocker_StoreListingDoc_Exists" fullname="Lattirune.Tests.FinalReleaseBlockerAuditTests.ReleaseBlocker_StoreListingDoc_Exists" methodname="ReleaseBlocker_StoreListingDoc_Exists" classname="Lattirune.Tests.FinalReleaseBlockerAuditTests" runstate="Runnable" seed="1376975713" result="Passed" start-time="2026-08-20 08:11:00Z" end-time="2026-08-20 08:11:00Z" duration="0.000124" asserts="0">
              <properties>
                <property name="retryIteration" value="0" />
                <property name="repeatIteration" value="0" />
              </properties>
            </test-case>
            <test-case id="1247" name="ReleaseBlocker_SubmissionChecklistDoc_Exists" fullname="Lattirune.Tests.FinalReleaseBlockerAuditTests.ReleaseBlocker_SubmissionChecklistDoc_Exists" methodname="ReleaseBlocker_SubmissionChecklistDoc_Exists" classname="Lattirune.Tests.FinalReleaseBlockerAuditTests" runstate="Runnable" seed="978260776" result="Passed" start-time="2026-08-20 08:11:00Z" end-time="2026-08-20 08:11:00Z" duration="0.000122" asserts="0">
              <properties>
                <property name="retryIteration" value="0" />
                <property name="repeatIteration" value="0" />
              </properties>
            </test-case>
            <test-case id="1241" name="ReleaseBlocker_VersionCode_Matches" fullname="Lattirune.Tests.FinalReleaseBlockerAuditTests.ReleaseBlocker_VersionCode_Matches" methodname="ReleaseBlocker_VersionCode_Matches" classname="Lattirune.Tests.FinalReleaseBlockerAuditTests" runstate="Runnable" seed="1905867657" result="Passed" start-time="2026-08-20 08:11:00Z" end-time="2026-08-20 08:11:00Z" duration="0.000130" asserts="0">
              <properties>
                <property name="retryIteration" value="0" />
                <property name="repeatIteration" value="0" />
              </properties>
            </test-case>
            <test-case id="1240" name="ReleaseBlocker_VersionName_Matches" fullname="Lattirune.Tests.FinalReleaseBlockerAuditTests.ReleaseBlocker_VersionName_Matches" methodname="ReleaseBlocker_VersionName_Matches" classname="Lattirune.Tests.FinalReleaseBlockerAuditTests" runstate="Runnable" seed="854169359" result="Passed" start-time="2026-08-20 08:11:00Z" end-time="2026-08-20 08:11:00Z" duration="0.000124" asserts="0">
              <properties>
                <property name="retryIteration" value="0" />
                <property name="repeatIteration" value="0" />
              </properties>
            </test-case>
          </test-suite>
          <test-suite type="TestFixture" id="1253" name="FinalReleaseCandidateTests" fullname="Lattirune.Tests.FinalReleaseCandidateTests" classname="Lattirune.Tests.FinalReleaseCandidateTests" runstate="Runnable" testcasecount="16" result="Passed" start-time="2026-08-20 08:11:00Z" end-time="2026-08-20 08:11:00Z" duration="0.017133" total="16" passed="16" failed="0" inconclusive="0" skipped="0" asserts="0">
            <properties />
            <test-case id="1260" name="ReleaseCandidate_BossSystem_Floor10LichLordPresent" fullname="Lattirune.Tests.FinalReleaseCandidateTests.ReleaseCandidate_BossSystem_Floor10LichLordPresent" methodname="ReleaseCandidate_BossSystem_Floor10LichLordPresent" classname="Lattirune.Tests.FinalReleaseCandidateTests" runstate="Runnable" seed="1942606829" result="Passed" start-time="2026-08-20 08:11:00Z" end-time="2026-08-20 08:11:00Z" duration="0.000720" asserts="0">
              <properties>
                <property name="retryIteration" value="0" />
                <property name="repeatIteration" value="0" />
              </properties>
            </test-case>
            <test-case id="1268" name="ReleaseCandidate_ChainReaction_DepthCappedAt4_Tick002s" fullname="Lattirune.Tests.FinalReleaseCandidateTests.ReleaseCandidate_ChainReaction_DepthCappedAt4_Tick002s" methodname="ReleaseCandidate_ChainReaction_DepthCappedAt4_Tick002s" classname="Lattirune.Tests.FinalReleaseCandidateTests" runstate="Runnable" seed="553399076" result="Passed" start-time="2026-08-20 08:11:00Z" end-time="2026-08-20 08:11:00Z" duration="0.000186" asserts="0">
              <properties>
                <property name="retryIteration" value="0" />
                <property name="repeatIteration" value="0" />
              </properties>
            </test-case>
            <test-case id="1267" name="ReleaseCandidate_CombatSpeeds_1x_2x_3x" fullname="Lattirune.Tests.FinalReleaseCandidateTests.ReleaseCandidate_CombatSpeeds_1x_2x_3x" methodname="ReleaseCandidate_CombatSpeeds_1x_2x_3x" classname="Lattirune.Tests.FinalReleaseCandidateTests" runstate="Runnable" seed="1550912293" result="Passed" start-time="2026-08-20 08:11:00Z" end-time="2026-08-20 08:11:00Z" duration="0.000279" asserts="0">
              <properties>
                <property name="retryIteration" value="0" />
                <property name="repeatIteration" value="0" />
              </properties>
            </test-case>
            <test-case id="1254" name="ReleaseCandidate_Databases_AllInstantiableAndValid" fullname="Lattirune.Tests.FinalReleaseCandidateTests.ReleaseCandidate_Databases_AllInstantiableAndValid" methodname="ReleaseCandidate_Databases_AllInstantiableAndValid" classname="Lattirune.Tests.FinalReleaseCandidateTests" runstate="Runnable" seed="80397295" result="Passed" start-time="2026-08-20 08:11:00Z" end-time="2026-08-20 08:11:00Z" duration="0.004301" asserts="0">
              <properties>
                <property name="retryIteration" value="0" />
                <property name="repeatIteration" value="0" />
              </properties>
            </test-case>
            <test-case id="1261" name="ReleaseCandidate_Dungeon_HasExact10FloorProgression" fullname="Lattirune.Tests.FinalReleaseCandidateTests.ReleaseCandidate_Dungeon_HasExact10FloorProgression" methodname="ReleaseCandidate_Dungeon_HasExact10FloorProgression" classname="Lattirune.Tests.FinalReleaseCandidateTests" runstate="Runnable" seed="1990263185" result="Passed" start-time="2026-08-20 08:11:00Z" end-time="2026-08-20 08:11:00Z" duration="0.000567" asserts="0">
              <properties>
                <property name="retryIteration" value="0" />
                <property name="repeatIteration" value="0" />
              </properties>
            </test-case>
            <test-case id="1258" name="ReleaseCandidate_ElementalReactions_All5CanonicalReactionsPresent" fullname="Lattirune.Tests.FinalReleaseCandidateTests.ReleaseCandidate_ElementalReactions_All5CanonicalReactionsPresent" methodname="ReleaseCandidate_ElementalReactions_All5CanonicalReactionsPresent" classname="Lattirune.Tests.FinalReleaseCandidateTests" runstate="Runnable" seed="2091619052" result="Passed" start-time="2026-08-20 08:11:00Z" end-time="2026-08-20 08:11:00Z" duration="0.000381" asserts="0">
              <properties>
                <property name="retryIteration" value="0" />
                <property name="repeatIteration" value="0" />
              </properties>
            </test-case>
            <test-case id="1259" name="ReleaseCandidate_EnemyBestiary_All6CanonicalEnemiesPresent" fullname="Lattirune.Tests.FinalReleaseCandidateTests.ReleaseCandidate_EnemyBestiary_All6CanonicalEnemiesPresent" methodname="ReleaseCandidate_EnemyBestiary_All6CanonicalEnemiesPresent" classname="Lattirune.Tests.FinalReleaseCandidateTests" runstate="Runnable" seed="2084030979" result="Passed" start-time="2026-08-20 08:11:00Z" end-time="2026-08-20 08:11:00Z" duration="0.000496" asserts="0">
              <properties>
                <property name="retryIteration" value="0" />
                <property name="repeatIteration" value="0" />
              </properties>
            </test-case>
            <test-case id="1265" name="ReleaseCandidate_Inventory_Starting6_Max16" fullname="Lattirune.Tests.FinalReleaseCandidateTests.ReleaseCandidate_Inventory_Starting6_Max16" methodname="ReleaseCandidate_Inventory_Starting6_Max16" classname="Lattirune.Tests.FinalReleaseCandidateTests" runstate="Runnable" seed="751726011" result="Passed" start-time="2026-08-20 08:11:00Z" end-time="2026-08-20 08:11:00Z" duration="0.000687" asserts="0">
              <properties>
                <property name="retryIteration" value="0" />
                <property name="repeatIteration" value="0" />
              </properties>
            </test-case>
            <test-case id="1255" name="ReleaseCandidate_ItemCatalogue_All20CanonicalItemsPresent" fullname="Lattirune.Tests.FinalReleaseCandidateTests.ReleaseCandidate_ItemCatalogue_All20CanonicalItemsPresent" methodname="ReleaseCandidate_ItemCatalogue_All20CanonicalItemsPresent" classname="Lattirune.Tests.FinalReleaseCandidateTests" runstate="Runnable" seed="437145466" result="Passed" start-time="2026-08-20 08:11:00Z" end-time="2026-08-20 08:11:00Z" duration="0.000694" asserts="0">
              <properties>
                <property name="retryIteration" value="0" />
                <property name="repeatIteration" value="0" />
              </properties>
            </test-case>
            <test-case id="1257" name="ReleaseCandidate_MasterSynergies_All5CanonicalCombinationsPresent" fullname="Lattirune.Tests.FinalReleaseCandidateTests.ReleaseCandidate_MasterSynergies_All5CanonicalCombinationsPresent" methodname="ReleaseCandidate_MasterSynergies_All5CanonicalCombinationsPresent" classname="Lattirune.Tests.FinalReleaseCandidateTests" runstate="Runnable" seed="185963351" result="Passed" start-time="2026-08-20 08:11:00Z" end-time="2026-08-20 08:11:00Z" duration="0.000558" asserts="0">
              <properties>
                <property name="retryIteration" value="0" />
                <property name="repeatIteration" value="0" />
              </properties>
            </test-case>
            <test-case id="1269" name="ReleaseCandidate_MobileSafety_CombatBackBlocked" fullname="Lattirune.Tests.FinalReleaseCandidateTests.ReleaseCandidate_MobileSafety_CombatBackBlocked" methodname="ReleaseCandidate_MobileSafety_CombatBackBlocked" classname="Lattirune.Tests.FinalReleaseCandidateTests" runstate="Runnable" seed="776695431" result="Passed" start-time="2026-08-20 08:11:00Z" end-time="2026-08-20 08:11:00Z" duration="0.001473" asserts="0">
              <properties>
                <property name="retryIteration" value="0" />
                <property name="repeatIteration" value="0" />
              </properties>
            </test-case>
            <test-case id="1264" name="ReleaseCandidate_NoNegativeCurrencies" fullname="Lattirune.Tests.FinalReleaseCandidateTests.ReleaseCandidate_NoNegativeCurrencies" methodname="ReleaseCandidate_NoNegativeCurrencies" classname="Lattirune.Tests.FinalReleaseCandidateTests" runstate="Runnable" seed="2102763354" result="Passed" start-time="2026-08-20 08:11:00Z" end-time="2026-08-20 08:11:00Z" duration="0.001052" asserts="0">
              <properties>
                <property name="retryIteration" value="0" />
                <property name="repeatIteration" value="0" />
              </properties>
            </test-case>
            <test-case id="1266" name="ReleaseCandidate_RewardDrafts_ContainExactly3Choices" fullname="Lattirune.Tests.FinalReleaseCandidateTests.ReleaseCandidate_RewardDrafts_ContainExactly3Choices" methodname="ReleaseCandidate_RewardDrafts_ContainExactly3Choices" classname="Lattirune.Tests.FinalReleaseCandidateTests" runstate="Runnable" seed="988094853" result="Passed" start-time="2026-08-20 08:11:00Z" end-time="2026-08-20 08:11:00Z" duration="0.001566" asserts="0">
              <properties>
                <property name="retryIteration" value="0" />
                <property name="repeatIteration" value="0" />
              </properties>
            </test-case>
            <test-case id="1256" name="ReleaseCandidate_RuneCatalogue_All10CanonicalRunesPresent" fullname="Lattirune.Tests.FinalReleaseCandidateTests.ReleaseCandidate_RuneCatalogue_All10CanonicalRunesPresent" methodname="ReleaseCandidate_RuneCatalogue_All10CanonicalRunesPresent" classname="Lattirune.Tests.FinalReleaseCandidateTests" runstate="Runnable" seed="1273310715" result="Passed" start-time="2026-08-20 08:11:00Z" end-time="2026-08-20 08:11:00Z" duration="0.000537" asserts="0">
              <properties>
                <property name="retryIteration" value="0" />
                <property name="repeatIteration" value="0" />
              </properties>
            </test-case>
            <test-case id="1263" name="ReleaseCandidate_RunMetaSeparation_RemainsIntact" fullname="Lattirune.Tests.FinalReleaseCandidateTests.ReleaseCandidate_RunMetaSeparation_RemainsIntact" methodname="ReleaseCandidate_RunMetaSeparation_RemainsIntact" classname="Lattirune.Tests.FinalReleaseCandidateTests" runstate="Runnable" seed="1238413349" result="Passed" start-time="2026-08-20 08:11:00Z" end-time="2026-08-20 08:11:00Z" duration="0.001329" asserts="0">
              <properties>
                <property name="retryIteration" value="0" />
                <property name="repeatIteration" value="0" />
              </properties>
            </test-case>
            <test-case id="1262" name="ReleaseCandidate_SaveVersion_RemainsOne" fullname="Lattirune.Tests.FinalReleaseCandidateTests.ReleaseCandidate_SaveVersion_RemainsOne" methodname="ReleaseCandidate_SaveVersion_RemainsOne" classname="Lattirune.Tests.FinalReleaseCandidateTests" runstate="Runnable" seed="1590090083" result="Passed" start-time="2026-08-20 08:11:00Z" end-time="2026-08-20 08:11:00Z" duration="0.000209" asserts="0">
              <properties>
                <property name="retryIteration" value="0" />
                <property name="repeatIteration" value="0" />
              </properties>
            </test-case>
          </test-suite>
          <test-suite type="TestFixture" id="1270" name="FunSystemsFoundationTests" fullname="Lattirune.Tests.FunSystemsFoundationTests" classname="Lattirune.Tests.FunSystemsFoundationTests" runstate="Runnable" testcasecount="13" result="Passed" start-time="2026-08-20 08:11:00Z" end-time="2026-08-20 08:11:00Z" duration="0.009389" total="13" passed="13" failed="0" inconclusive="0" skipped="0" asserts="0">
            <properties />
            <test-case id="1278" name="ChainReactionRewardCalculator_CalculatesTiersPurely" fullname="Lattirune.Tests.FunSystemsFoundationTests.ChainReactionRewardCalculator_CalculatesTiersPurely" methodname="ChainReactionRewardCalculator_CalculatesTiersPurely" classname="Lattirune.Tests.FunSystemsFoundationTests" runstate="Runnable" seed="1184094095" result="Passed" start-time="2026-08-20 08:11:00Z" end-time="2026-08-20 08:11:00Z" duration="0.000447" asserts="0">
              <properties>
                <property name="retryIteration" value="0" />
                <property name="repeatIteration" value="0" />
              </properties>
            </test-case>
            <test-case id="1275" name="ComboTracker_IncrementAndHighestCombo_TracksCorrectly" fullname="Lattirune.Tests.FunSystemsFoundationTests.ComboTracker_IncrementAndHighestCombo_TracksCorrectly" methodname="ComboTracker_IncrementAndHighestCombo_TracksCorrectly" classname="Lattirune.Tests.FunSystemsFoundationTests" runstate="Runnable" seed="1636496525" result="Passed" start-time="2026-08-20 08:11:00Z" end-time="2026-08-20 08:11:00Z" duration="0.000387" asserts="0">
              <properties>
                <property name="retryIteration" value="0" />
                <property name="repeatIteration" value="0" />
              </properties>
            </test-case>
            <test-case id="1276" name="ComboTracker_ReactionChain_TracksConsecutiveReactions" fullname="Lattirune.Tests.FunSystemsFoundationTests.ComboTracker_ReactionChain_TracksConsecutiveReactions" methodname="ComboTracker_ReactionChain_TracksConsecutiveReactions" classname="Lattirune.Tests.FunSystemsFoundationTests" runstate="Runnable" seed="1664350472" result="Passed" start-time="2026-08-20 08:11:00Z" end-time="2026-08-20 08:11:00Z" duration="0.000302" asserts="0">
              <properties>
                <property name="retryIteration" value="0" />
                <property name="repeatIteration" value="0" />
              </properties>
            </test-case>
            <test-case id="1277" name="ComboTracker_Timeout_ResetsComboDeterministically" fullname="Lattirune.Tests.FunSystemsFoundationTests.ComboTracker_Timeout_ResetsComboDeterministically" methodname="ComboTracker_Timeout_ResetsComboDeterministically" classname="Lattirune.Tests.FunSystemsFoundationTests" runstate="Runnable" seed="1922070175" result="Passed" start-time="2026-08-20 08:11:00Z" end-time="2026-08-20 08:11:00Z" duration="0.000322" asserts="0">
              <properties>
                <property name="retryIteration" value="0" />
                <property name="repeatIteration" value="0" />
              </properties>
            </test-case>
            <test-case id="1283" name="MetaProgression_ImmutabilityFromTemporaryRunModifiers" fullname="Lattirune.Tests.FunSystemsFoundationTests.MetaProgression_ImmutabilityFromTemporaryRunModifiers" methodname="MetaProgression_ImmutabilityFromTemporaryRunModifiers" classname="Lattirune.Tests.FunSystemsFoundationTests" runstate="Runnable" seed="429205267" result="Passed" start-time="2026-08-20 08:11:00Z" end-time="2026-08-20 08:11:00Z" duration="0.000608" asserts="0">
              <properties>
                <property name="retryIteration" value="0" />
                <property name="repeatIteration" value="0" />
              </properties>
            </test-case>
            <test-case id="1280" name="RunChoiceService_InsufficientGold_RejectsChoice" fullname="Lattirune.Tests.FunSystemsFoundationTests.RunChoiceService_InsufficientGold_RejectsChoice" methodname="RunChoiceService_InsufficientGold_RejectsChoice" classname="Lattirune.Tests.FunSystemsFoundationTests" runstate="Runnable" seed="1865411262" result="Passed" start-time="2026-08-20 08:11:00Z" end-time="2026-08-20 08:11:00Z" duration="0.001754" asserts="0">
              <properties>
                <property name="retryIteration" value="0" />
                <property name="repeatIteration" value="0" />
              </properties>
            </test-case>
            <test-case id="1279" name="RunChoiceService_ValidationAndExecution" fullname="Lattirune.Tests.FunSystemsFoundationTests.RunChoiceService_ValidationAndExecution" methodname="RunChoiceService_ValidationAndExecution" classname="Lattirune.Tests.FunSystemsFoundationTests" runstate="Runnable" seed="908217338" result="Passed" start-time="2026-08-20 08:11:00Z" end-time="2026-08-20 08:11:00Z" duration="0.000782" asserts="0">
              <properties>
                <property name="retryIteration" value="0" />
                <property name="repeatIteration" value="0" />
              </properties>
            </test-case>
            <test-case id="1271" name="RunModifier_CreationAndProperties_MatchDefinition" fullname="Lattirune.Tests.FunSystemsFoundationTests.RunModifier_CreationAndProperties_MatchDefinition" methodname="RunModifier_CreationAndProperties_MatchDefinition" classname="Lattirune.Tests.FunSystemsFoundationTests" runstate="Runnable" seed="206946604" result="Passed" start-time="2026-08-20 08:11:00Z" end-time="2026-08-20 08:11:00Z" duration="0.000578" asserts="0">
              <properties>
                <property name="retryIteration" value="0" />
                <property name="repeatIteration" value="0" />
              </properties>
            </test-case>
            <test-case id="1272" name="RunModifier_PolarityAndRarity_AreClassifiedCorrectly" fullname="Lattirune.Tests.FunSystemsFoundationTests.RunModifier_PolarityAndRarity_AreClassifiedCorrectly" methodname="RunModifier_PolarityAndRarity_AreClassifiedCorrectly" classname="Lattirune.Tests.FunSystemsFoundationTests" runstate="Runnable" seed="1529390691" result="Passed" start-time="2026-08-20 08:11:00Z" end-time="2026-08-20 08:11:00Z" duration="0.000460" asserts="0">
              <properties>
                <property name="retryIteration" value="0" />
                <property name="repeatIteration" value="0" />
              </properties>
            </test-case>
            <test-case id="1273" name="RunModifierManager_AddRemoveAndDuplicatePrevention" fullname="Lattirune.Tests.FunSystemsFoundationTests.RunModifierManager_AddRemoveAndDuplicatePrevention" methodname="RunModifierManager_AddRemoveAndDuplicatePrevention" classname="Lattirune.Tests.FunSystemsFoundationTests" runstate="Runnable" seed="288550031" result="Passed" start-time="2026-08-20 08:11:00Z" end-time="2026-08-20 08:11:00Z" duration="0.000498" asserts="0">
              <properties>
                <property name="retryIteration" value="0" />
                <property name="repeatIteration" value="0" />
              </properties>
            </test-case>
            <test-case id="1274" name="RunModifierManager_AggregateMultiplier_CalculatesCorrectly" fullname="Lattirune.Tests.FunSystemsFoundationTests.RunModifierManager_AggregateMultiplier_CalculatesCorrectly" methodname="RunModifierManager_AggregateMultiplier_CalculatesCorrectly" classname="Lattirune.Tests.FunSystemsFoundationTests" runstate="Runnable" seed="1312496144" result="Passed" start-time="2026-08-20 08:11:00Z" end-time="2026-08-20 08:11:00Z" duration="0.000490" asserts="0">
              <properties>
                <property name="retryIteration" value="0" />
                <property name="repeatIteration" value="0" />
              </properties>
            </test-case>
            <test-case id="1282" name="SaveCompatibility_LegacySave_LoadsWithSafeDefaults" fullname="Lattirune.Tests.FunSystemsFoundationTests.SaveCompatibility_LegacySave_LoadsWithSafeDefaults" methodname="SaveCompatibility_LegacySave_LoadsWithSafeDefaults" classname="Lattirune.Tests.FunSystemsFoundationTests" runstate="Runnable" seed="1975838334" result="Passed" start-time="2026-08-20 08:11:00Z" end-time="2026-08-20 08:11:00Z" duration="0.000311" asserts="0">
              <properties>
                <property name="retryIteration" value="0" />
                <property name="repeatIteration" value="0" />
              </properties>
            </test-case>
            <test-case id="1281" name="SaveCompatibility_SavedRunData_RoundtripWithModifiersAndCombo" fullname="Lattirune.Tests.FunSystemsFoundationTests.SaveCompatibility_SavedRunData_RoundtripWithModifiersAndCombo" methodname="SaveCompatibility_SavedRunData_RoundtripWithModifiersAndCombo" classname="Lattirune.Tests.FunSystemsFoundationTests" runstate="Runnable" seed="1141823328" result="Passed" start-time="2026-08-20 08:11:00Z" end-time="2026-08-20 08:11:00Z" duration="0.000445" asserts="0">
              <properties>
                <property name="retryIteration" value="0" />
                <property name="repeatIteration" value="0" />
              </properties>
            </test-case>
          </test-suite>
          <test-suite type="TestFixture" id="1284" name="GooglePlayReadinessTests" fullname="Lattirune.Tests.GooglePlayReadinessTests" classname="Lattirune.Tests.GooglePlayReadinessTests" runstate="Runnable" testcasecount="13" result="Passed" start-time="2026-08-20 08:11:00Z" end-time="2026-08-20 08:11:00Z" duration="0.003716" total="13" passed="13" failed="0" inconclusive="0" skipped="0" asserts="0">
            <properties />
            <test-case id="1291" name="GooglePlay_ContentRatingDoc_Exists" fullname="Lattirune.Tests.GooglePlayReadinessTests.GooglePlay_ContentRatingDoc_Exists" methodname="GooglePlay_ContentRatingDoc_Exists" classname="Lattirune.Tests.GooglePlayReadinessTests" runstate="Runnable" seed="1601395789" result="Passed" start-time="2026-08-20 08:11:00Z" end-time="2026-08-20 08:11:00Z" duration="0.000295" asserts="0">
              <properties>
                <property name="retryIteration" value="0" />
                <property name="repeatIteration" value="0" />
              </properties>
            </test-case>
            <test-case id="1292" name="GooglePlay_ManualQAChecklistDoc_Exists" fullname="Lattirune.Tests.GooglePlayReadinessTests.GooglePlay_ManualQAChecklistDoc_Exists" methodname="GooglePlay_ManualQAChecklistDoc_Exists" classname="Lattirune.Tests.GooglePlayReadinessTests" runstate="Runnable" seed="1615790763" result="Passed" start-time="2026-08-20 08:11:00Z" end-time="2026-08-20 08:11:00Z" duration="0.000149" asserts="0">
              <properties>
                <property name="retryIteration" value="0" />
                <property name="repeatIteration" value="0" />
              </properties>
            </test-case>
            <test-case id="1294" name="GooglePlay_NoAdsDependencies_ArePresent" fullname="Lattirune.Tests.GooglePlayReadinessTests.GooglePlay_NoAdsDependencies_ArePresent" methodname="GooglePlay_NoAdsDependencies_ArePresent" classname="Lattirune.Tests.GooglePlayReadinessTests" runstate="Runnable" seed="1921271027" result="Passed" start-time="2026-08-20 08:11:00Z" end-time="2026-08-20 08:11:00Z" duration="0.000146" asserts="0">
              <properties>
                <property name="retryIteration" value="0" />
                <property name="repeatIteration" value="0" />
              </properties>
            </test-case>
            <test-case id="1295" name="GooglePlay_NoIAPDependencies_ArePresent" fullname="Lattirune.Tests.GooglePlayReadinessTests.GooglePlay_NoIAPDependencies_ArePresent" methodname="GooglePlay_NoIAPDependencies_ArePresent" classname="Lattirune.Tests.GooglePlayReadinessTests" runstate="Runnable" seed="1827512738" result="Passed" start-time="2026-08-20 08:11:00Z" end-time="2026-08-20 08:11:00Z" duration="0.000147" asserts="0">
              <properties>
                <property name="retryIteration" value="0" />
                <property name="repeatIteration" value="0" />
              </properties>
            </test-case>
            <test-case id="1285" name="GooglePlay_PackageIdentifier_Matches" fullname="Lattirune.Tests.GooglePlayReadinessTests.GooglePlay_PackageIdentifier_Matches" methodname="GooglePlay_PackageIdentifier_Matches" classname="Lattirune.Tests.GooglePlayReadinessTests" runstate="Runnable" seed="1535506566" result="Passed" start-time="2026-08-20 08:11:00Z" end-time="2026-08-20 08:11:00Z" duration="0.000133" asserts="0">
              <properties>
                <property name="retryIteration" value="0" />
                <property name="repeatIteration" value="0" />
              </properties>
            </test-case>
            <test-case id="1297" name="GooglePlay_PhysicalQAStatus_RemainsExplicitlyNotTested" fullname="Lattirune.Tests.GooglePlayReadinessTests.GooglePlay_PhysicalQAStatus_RemainsExplicitlyNotTested" methodname="GooglePlay_PhysicalQAStatus_RemainsExplicitlyNotTested" classname="Lattirune.Tests.GooglePlayReadinessTests" runstate="Runnable" seed="1038813162" result="Passed" start-time="2026-08-20 08:11:00Z" end-time="2026-08-20 08:11:00Z" duration="0.000148" asserts="0">
              <properties>
                <property name="retryIteration" value="0" />
                <property name="repeatIteration" value="0" />
              </properties>
            </test-case>
            <test-case id="1296" name="GooglePlay_ReleaseApkPath_IsConfigured" fullname="Lattirune.Tests.GooglePlayReadinessTests.GooglePlay_ReleaseApkPath_IsConfigured" methodname="GooglePlay_ReleaseApkPath_IsConfigured" classname="Lattirune.Tests.GooglePlayReadinessTests" runstate="Runnable" seed="1378182933" result="Passed" start-time="2026-08-20 08:11:00Z" end-time="2026-08-20 08:11:00Z" duration="0.000140" asserts="0">
              <properties>
                <property name="retryIteration" value="0" />
                <property name="repeatIteration" value="0" />
              </properties>
            </test-case>
            <test-case id="1293" name="GooglePlay_ReleaseNotesDoc_Exists" fullname="Lattirune.Tests.GooglePlayReadinessTests.GooglePlay_ReleaseNotesDoc_Exists" methodname="GooglePlay_ReleaseNotesDoc_Exists" classname="Lattirune.Tests.GooglePlayReadinessTests" runstate="Runnable" seed="1123783829" result="Passed" start-time="2026-08-20 08:11:00Z" end-time="2026-08-20 08:11:00Z" duration="0.000127" asserts="0">
              <properties>
                <property name="retryIteration" value="0" />
                <property name="repeatIteration" value="0" />
              </properties>
            </test-case>
            <test-case id="1288" name="GooglePlay_SaveVersion_IsOne" fullname="Lattirune.Tests.GooglePlayReadinessTests.GooglePlay_SaveVersion_IsOne" methodname="GooglePlay_SaveVersion_IsOne" classname="Lattirune.Tests.GooglePlayReadinessTests" runstate="Runnable" seed="1119056520" result="Passed" start-time="2026-08-20 08:11:00Z" end-time="2026-08-20 08:11:00Z" duration="0.000154" asserts="0">
              <properties>
                <property name="retryIteration" value="0" />
                <property name="repeatIteration" value="0" />
              </properties>
            </test-case>
            <test-case id="1290" name="GooglePlay_StoreListingDoc_Exists" fullname="Lattirune.Tests.GooglePlayReadinessTests.GooglePlay_StoreListingDoc_Exists" methodname="GooglePlay_StoreListingDoc_Exists" classname="Lattirune.Tests.GooglePlayReadinessTests" runstate="Runnable" seed="484455616" result="Passed" start-time="2026-08-20 08:11:00Z" end-time="2026-08-20 08:11:00Z" duration="0.000146" asserts="0">
              <properties>
                <property name="retryIteration" value="0" />
                <property name="repeatIteration" value="0" />
              </properties>
            </test-case>
            <test-case id="1289" name="GooglePlay_SubmissionChecklistDoc_Exists" fullname="Lattirune.Tests.GooglePlayReadinessTests.GooglePlay_SubmissionChecklistDoc_Exists" methodname="GooglePlay_SubmissionChecklistDoc_Exists" classname="Lattirune.Tests.GooglePlayReadinessTests" runstate="Runnable" seed="1947905418" result="Passed" start-time="2026-08-20 08:11:00Z" end-time="2026-08-20 08:11:00Z" duration="0.000128" asserts="0">
              <properties>
                <property name="retryIteration" value="0" />
                <property name="repeatIteration" value="0" />
              </properties>
            </test-case>
            <test-case id="1287" name="GooglePlay_VersionCode_IsOne" fullname="Lattirune.Tests.GooglePlayReadinessTests.GooglePlay_VersionCode_IsOne" methodname="GooglePlay_VersionCode_IsOne" classname="Lattirune.Tests.GooglePlayReadinessTests" runstate="Runnable" seed="1600880655" result="Passed" start-time="2026-08-20 08:11:00Z" end-time="2026-08-20 08:11:00Z" duration="0.000149" asserts="0">
              <properties>
                <property name="retryIteration" value="0" />
                <property name="repeatIteration" value="0" />
              </properties>
            </test-case>
            <test-case id="1286" name="GooglePlay_VersionName_IsOnePointZeroPointZero" fullname="Lattirune.Tests.GooglePlayReadinessTests.GooglePlay_VersionName_IsOnePointZeroPointZero" methodname="GooglePlay_VersionName_IsOnePointZeroPointZero" classname="Lattirune.Tests.GooglePlayReadinessTests" runstate="Runnable" seed="1724713222" result="Passed" start-time="2026-08-20 08:11:00Z" end-time="2026-08-20 08:11:00Z" duration="0.000132" asserts="0">
              <properties>
                <property name="retryIteration" value="0" />
                <property name="repeatIteration" value="0" />
              </properties>
            </test-case>
          </test-suite>
          <test-suite type="TestFixture" id="1298" name="HapticFeedbackTests" fullname="Lattirune.Tests.HapticFeedbackTests" classname="Lattirune.Tests.HapticFeedbackTests" runstate="Runnable" testcasecount="5" result="Failed" site="Child" start-time="2026-08-20 08:11:00Z" end-time="2026-08-20 08:11:01Z" duration="0.006688" total="5" passed="4" failed="1" inconclusive="0" skipped="0" asserts="0">
            <properties />
            <failure>
              <message><![CDATA[One or more child tests had errors]]></message>
            </failure>
            <test-case id="1301" name="HapticFeedback_AllSixTypes_ExecuteSafelyOnNonMobile" fullname="Lattirune.Tests.HapticFeedbackTests.HapticFeedback_AllSixTypes_ExecuteSafelyOnNonMobile" methodname="HapticFeedback_AllSixTypes_ExecuteSafelyOnNonMobile" classname="Lattirune.Tests.HapticFeedbackTests" runstate="Runnable" seed="1359760920" result="Passed" start-time="2026-08-20 08:11:01Z" end-time="2026-08-20 08:11:01Z" duration="0.000703" asserts="0">
              <properties>
                <property name="retryIteration" value="0" />
                <property name="repeatIteration" value="0" />
              </properties>
            </test-case>
            <test-case id="1300" name="HapticFeedback_Disabled_PreventsTriggers" fullname="Lattirune.Tests.HapticFeedbackTests.HapticFeedback_Disabled_PreventsTriggers" methodname="HapticFeedback_Disabled_PreventsTriggers" classname="Lattirune.Tests.HapticFeedbackTests" runstate="Runnable" seed="245847308" result="Passed" start-time="2026-08-20 08:11:01Z" end-time="2026-08-20 08:11:01Z" duration="0.000274" asserts="0">
              <properties>
                <property name="retryIteration" value="0" />
                <property name="repeatIteration" value="0" />
              </properties>
            </test-case>
            <test-case id="1299" name="HapticFeedback_TriggersAndIncrementsCount" fullname="Lattirune.Tests.HapticFeedbackTests.HapticFeedback_TriggersAndIncrementsCount" methodname="HapticFeedback_TriggersAndIncrementsCount" classname="Lattirune.Tests.HapticFeedbackTests" runstate="Runnable" seed="410582924" result="Passed" start-time="2026-08-20 08:11:01Z" end-time="2026-08-20 08:11:01Z" duration="0.000294" asserts="0">
              <properties>
                <property name="retryIteration" value="0" />
                <property name="repeatIteration" value="0" />
              </properties>
            </test-case>
            <test-case id="1303" name="InteractionFeedbackCoordinator_ReactionAndMerchantEvents_TriggerFeedback" fullname="Lattirune.Tests.HapticFeedbackTests.InteractionFeedbackCoordinator_ReactionAndMerchantEvents_TriggerFeedback" methodname="InteractionFeedbackCoordinator_ReactionAndMerchantEvents_TriggerFeedback" classname="Lattirune.Tests.HapticFeedbackTests" runstate="Runnable" seed="806762865" result="Passed" start-time="2026-08-20 08:11:01Z" end-time="2026-08-20 08:11:01Z" duration="0.002979" asserts="0">
              <properties>
                <property name="retryIteration" value="0" />
                <property name="repeatIteration" value="0" />
              </properties>
            </test-case>
            <test-case id="1302" name="InteractionFeedbackCoordinator_Unsubscribe_PreventsDuplicateListeners" fullname="Lattirune.Tests.HapticFeedbackTests.InteractionFeedbackCoordinator_Unsubscribe_PreventsDuplicateListeners" methodname="InteractionFeedbackCoordinator_Unsubscribe_PreventsDuplicateListeners" classname="Lattirune.Tests.HapticFeedbackTests" runstate="Runnable" seed="563422423" result="Failed" start-time="2026-08-20 08:11:01Z" end-time="2026-08-20 08:11:01Z" duration="0.001404" asserts="0">
              <properties>
                <property name="retryIteration" value="0" />
                <property name="repeatIteration" value="0" />
              </properties>
              <failure>
                <message><![CDATA[  Expected: 2
  But was:  1
]]></message>
                <stack-trace><![CDATA[at Lattirune.Tests.HapticFeedbackTests.InteractionFeedbackCoordinator_Unsubscribe_PreventsDuplicateListeners () [0x000c0] in C:\GAME PLAN\Assets\_Project\Tests\HapticFeedbackTests.cs:102
]]></stack-trace>
              </failure>
            </test-case>
          </test-suite>
          <test-suite type="TestFixture" id="1304" name="HeroClassSystemTests" fullname="Lattirune.Tests.HeroClassSystemTests" classname="Lattirune.Tests.HeroClassSystemTests" runstate="Runnable" testcasecount="6" result="Passed" start-time="2026-08-20 08:11:01Z" end-time="2026-08-20 08:11:01Z" duration="0.012623" total="6" passed="6" failed="0" inconclusive="0" skipped="0" asserts="0">
            <properties />
            <test-case id="1309" name="ApplyStartingLoadout_ConfiguresPlayerAndStagingInventory" fullname="Lattirune.Tests.HeroClassSystemTests.ApplyStartingLoadout_ConfiguresPlayerAndStagingInventory" methodname="ApplyStartingLoadout_ConfiguresPlayerAndStagingInventory" classname="Lattirune.Tests.HeroClassSystemTests" runstate="Runnable" seed="1276912756" result="Passed" start-time="2026-08-20 08:11:01Z" end-time="2026-08-20 08:11:01Z" duration="0.006115" asserts="0">
              <properties>
                <property name="retryIteration" value="0" />
                <property name="repeatIteration" value="0" />
              </properties>
            </test-case>
            <test-case id="1305" name="CanonicalDatabase_ContainsAll4CanonicalClasses" fullname="Lattirune.Tests.HeroClassSystemTests.CanonicalDatabase_ContainsAll4CanonicalClasses" methodname="CanonicalDatabase_ContainsAll4CanonicalClasses" classname="Lattirune.Tests.HeroClassSystemTests" runstate="Runnable" seed="416961576" result="Passed" start-time="2026-08-20 08:11:01Z" end-time="2026-08-20 08:11:01Z" duration="0.001336" asserts="0">
              <properties>
                <property name="retryIteration" value="0" />
                <property name="repeatIteration" value="0" />
              </properties>
            </test-case>
            <test-case id="1306" name="HeroClassManager_DefaultUnlockedClass_IsRuneKnight" fullname="Lattirune.Tests.HeroClassSystemTests.HeroClassManager_DefaultUnlockedClass_IsRuneKnight" methodname="HeroClassManager_DefaultUnlockedClass_IsRuneKnight" classname="Lattirune.Tests.HeroClassSystemTests" runstate="Runnable" seed="1090376676" result="Passed" start-time="2026-08-20 08:11:01Z" end-time="2026-08-20 08:11:01Z" duration="0.000978" asserts="0">
              <properties>
                <property name="retryIteration" value="0" />
                <property name="repeatIteration" value="0" />
              </properties>
            </test-case>
            <test-case id="1310" name="SaveLoadPersistence_PreservesSelectedAndUnlockedClasses" fullname="Lattirune.Tests.HeroClassSystemTests.SaveLoadPersistence_PreservesSelectedAndUnlockedClasses" methodname="SaveLoadPersistence_PreservesSelectedAndUnlockedClasses" classname="Lattirune.Tests.HeroClassSystemTests" runstate="Runnable" seed="1311575673" result="Passed" start-time="2026-08-20 08:11:01Z" end-time="2026-08-20 08:11:01Z" duration="0.001203" asserts="0">
              <properties>
                <property name="retryIteration" value="0" />
                <property name="repeatIteration" value="0" />
              </properties>
            </test-case>
            <test-case id="1308" name="UnlockClass_FailsWhenInsufficientEmbers" fullname="Lattirune.Tests.HeroClassSystemTests.UnlockClass_FailsWhenInsufficientEmbers" methodname="UnlockClass_FailsWhenInsufficientEmbers" classname="Lattirune.Tests.HeroClassSystemTests" runstate="Runnable" seed="1533707533" result="Passed" start-time="2026-08-20 08:11:01Z" end-time="2026-08-20 08:11:01Z" duration="0.001011" asserts="0">
              <properties>
                <property name="retryIteration" value="0" />
                <property name="repeatIteration" value="0" />
              </properties>
            </test-case>
            <test-case id="1307" name="UnlockClass_SpendsEmbersAndEnablesSelection" fullname="Lattirune.Tests.HeroClassSystemTests.UnlockClass_SpendsEmbersAndEnablesSelection" methodname="UnlockClass_SpendsEmbersAndEnablesSelection" classname="Lattirune.Tests.HeroClassSystemTests" runstate="Runnable" seed="1470999526" result="Passed" start-time="2026-08-20 08:11:01Z" end-time="2026-08-20 08:11:01Z" duration="0.000994" asserts="0">
              <properties>
                <property name="retryIteration" value="0" />
                <property name="repeatIteration" value="0" />
              </properties>
            </test-case>
          </test-suite>
          <test-suite type="TestFixture" id="1311" name="InventoryExpansionTests" fullname="Lattirune.Tests.InventoryExpansionTests" classname="Lattirune.Tests.InventoryExpansionTests" runstate="Runnable" testcasecount="4" result="Passed" start-time="2026-08-20 08:11:01Z" end-time="2026-08-20 08:11:01Z" duration="0.004490" total="4" passed="4" failed="0" inconclusive="0" skipped="0" asserts="0">
            <properties />
            <test-case id="1313" name="InventoryExpansion_EnablesPlacementInNewlyUnlockedCells" fullname="Lattirune.Tests.InventoryExpansionTests.InventoryExpansion_EnablesPlacementInNewlyUnlockedCells" methodname="InventoryExpansion_EnablesPlacementInNewlyUnlockedCells" classname="Lattirune.Tests.InventoryExpansionTests" runstate="Runnable" seed="1791645843" result="Passed" start-time="2026-08-20 08:11:01Z" end-time="2026-08-20 08:11:01Z" duration="0.001628" asserts="0">
              <properties>
                <property name="retryIteration" value="0" />
                <property name="repeatIteration" value="0" />
              </properties>
            </test-case>
            <test-case id="1314" name="InventoryExpansion_MaxExpansionEnforced" fullname="Lattirune.Tests.InventoryExpansionTests.InventoryExpansion_MaxExpansionEnforced" methodname="InventoryExpansion_MaxExpansionEnforced" classname="Lattirune.Tests.InventoryExpansionTests" runstate="Runnable" seed="1616458989" result="Passed" start-time="2026-08-20 08:11:01Z" end-time="2026-08-20 08:11:01Z" duration="0.000352" asserts="0">
              <properties>
                <property name="retryIteration" value="0" />
                <property name="repeatIteration" value="0" />
              </properties>
            </test-case>
            <test-case id="1315" name="InventoryExpansion_SaveAndRestore_MaintainsExpansionState" fullname="Lattirune.Tests.InventoryExpansionTests.InventoryExpansion_SaveAndRestore_MaintainsExpansionState" methodname="InventoryExpansion_SaveAndRestore_MaintainsExpansionState" classname="Lattirune.Tests.InventoryExpansionTests" runstate="Runnable" seed="1809875143" result="Passed" start-time="2026-08-20 08:11:01Z" end-time="2026-08-20 08:11:01Z" duration="0.000795" asserts="0">
              <properties>
                <property name="retryIteration" value="0" />
                <property name="repeatIteration" value="0" />
              </properties>
            </test-case>
            <test-case id="1312" name="InventoryExpansion_UnlocksCellsInDeterministicOrder" fullname="Lattirune.Tests.InventoryExpansionTests.InventoryExpansion_UnlocksCellsInDeterministicOrder" methodname="InventoryExpansion_UnlocksCellsInDeterministicOrder" classname="Lattirune.Tests.InventoryExpansionTests" runstate="Runnable" seed="226872409" result="Passed" start-time="2026-08-20 08:11:01Z" end-time="2026-08-20 08:11:01Z" duration="0.000348" asserts="0">
              <properties>
                <property name="retryIteration" value="0" />
                <property name="repeatIteration" value="0" />
              </properties>
            </test-case>
          </test-suite>
          <test-suite type="TestFixture" id="1316" name="InventoryGridTests" fullname="Lattirune.Tests.InventoryGridTests" classname="Lattirune.Tests.InventoryGridTests" runstate="Runnable" testcasecount="7" result="Passed" start-time="2026-08-20 08:11:01Z" end-time="2026-08-20 08:11:01Z" duration="0.002868" total="7" passed="7" failed="0" inconclusive="0" skipped="0" asserts="0">
            <properties />
            <test-case id="1317" name="InventoryGrid_InitialLayout_MatchesDimensionsAndUnlockedCells" fullname="Lattirune.Tests.InventoryGridTests.InventoryGrid_InitialLayout_MatchesDimensionsAndUnlockedCells" methodname="InventoryGrid_InitialLayout_MatchesDimensionsAndUnlockedCells" classname="Lattirune.Tests.InventoryGridTests" runstate="Runnable" seed="1448356940" result="Passed" start-time="2026-08-20 08:11:01Z" end-time="2026-08-20 08:11:01Z" duration="0.000545" asserts="0">
              <properties>
                <property name="retryIteration" value="0" />
                <property name="repeatIteration" value="0" />
              </properties>
            </test-case>
            <test-case id="1323" name="InventoryGrid_ItemRemoval" fullname="Lattirune.Tests.InventoryGridTests.InventoryGrid_ItemRemoval" methodname="InventoryGrid_ItemRemoval" classname="Lattirune.Tests.InventoryGridTests" runstate="Runnable" seed="105982612" result="Passed" start-time="2026-08-20 08:11:01Z" end-time="2026-08-20 08:11:01Z" duration="0.000385" asserts="0">
              <properties>
                <property name="retryIteration" value="0" />
                <property name="repeatIteration" value="0" />
              </properties>
            </test-case>
            <test-case id="1318" name="InventoryGrid_LockedCells_RejectPlacement" fullname="Lattirune.Tests.InventoryGridTests.InventoryGrid_LockedCells_RejectPlacement" methodname="InventoryGrid_LockedCells_RejectPlacement" classname="Lattirune.Tests.InventoryGridTests" runstate="Runnable" seed="589310436" result="Passed" start-time="2026-08-20 08:11:01Z" end-time="2026-08-20 08:11:01Z" duration="0.000161" asserts="0">
              <properties>
                <property name="retryIteration" value="0" />
                <property name="repeatIteration" value="0" />
              </properties>
            </test-case>
            <test-case id="1320" name="InventoryGrid_MultiTilePlacement_1x2_2x1_2x2" fullname="Lattirune.Tests.InventoryGridTests.InventoryGrid_MultiTilePlacement_1x2_2x1_2x2" methodname="InventoryGrid_MultiTilePlacement_1x2_2x1_2x2" classname="Lattirune.Tests.InventoryGridTests" runstate="Runnable" seed="2069104340" result="Passed" start-time="2026-08-20 08:11:01Z" end-time="2026-08-20 08:11:01Z" duration="0.000205" asserts="0">
              <properties>
                <property name="retryIteration" value="0" />
                <property name="repeatIteration" value="0" />
              </properties>
            </test-case>
            <test-case id="1322" name="InventoryGrid_OutOfBoundsRejection" fullname="Lattirune.Tests.InventoryGridTests.InventoryGrid_OutOfBoundsRejection" methodname="InventoryGrid_OutOfBoundsRejection" classname="Lattirune.Tests.InventoryGridTests" runstate="Runnable" seed="1620608117" result="Passed" start-time="2026-08-20 08:11:01Z" end-time="2026-08-20 08:11:01Z" duration="0.000135" asserts="0">
              <properties>
                <property name="retryIteration" value="0" />
                <property name="repeatIteration" value="0" />
              </properties>
            </test-case>
            <test-case id="1321" name="InventoryGrid_OverlapRejection" fullname="Lattirune.Tests.InventoryGridTests.InventoryGrid_OverlapRejection" methodname="InventoryGrid_OverlapRejection" classname="Lattirune.Tests.InventoryGridTests" runstate="Runnable" seed="2047042602" result="Passed" start-time="2026-08-20 08:11:01Z" end-time="2026-08-20 08:11:01Z" duration="0.000159" asserts="0">
              <properties>
                <property name="retryIteration" value="0" />
                <property name="repeatIteration" value="0" />
              </properties>
            </test-case>
            <test-case id="1319" name="InventoryGrid_UnlockedCells_AcceptPlacement_1x1" fullname="Lattirune.Tests.InventoryGridTests.InventoryGrid_UnlockedCells_AcceptPlacement_1x1" methodname="InventoryGrid_UnlockedCells_AcceptPlacement_1x1" classname="Lattirune.Tests.InventoryGridTests" runstate="Runnable" seed="1089445655" result="Passed" start-time="2026-08-20 08:11:01Z" end-time="2026-08-20 08:11:01Z" duration="0.000137" asserts="0">
              <properties>
                <property name="retryIteration" value="0" />
                <property name="repeatIteration" value="0" />
              </properties>
            </test-case>
          </test-suite>
          <test-suite type="TestFixture" id="1324" name="InventorySystemTests" fullname="Lattirune.Tests.InventorySystemTests" classname="Lattirune.Tests.InventorySystemTests" runstate="Runnable" testcasecount="6" result="Passed" start-time="2026-08-20 08:11:01Z" end-time="2026-08-20 08:11:01Z" duration="0.005965" total="6" passed="6" failed="0" inconclusive="0" skipped="0" asserts="0">
            <properties />
            <test-case id="1326" name="InventorySystem_AddItem_AutoFindsFirstAvailableFootprint" fullname="Lattirune.Tests.InventorySystemTests.InventorySystem_AddItem_AutoFindsFirstAvailableFootprint" methodname="InventorySystem_AddItem_AutoFindsFirstAvailableFootprint" classname="Lattirune.Tests.InventorySystemTests" runstate="Runnable" seed="1784966445" result="Passed" start-time="2026-08-20 08:11:01Z" end-time="2026-08-20 08:11:01Z" duration="0.001015" asserts="0">
              <properties>
                <property name="retryIteration" value="0" />
                <property name="repeatIteration" value="0" />
              </properties>
            </test-case>
            <test-case id="1327" name="InventorySystem_AddItem_PreferredPosition" fullname="Lattirune.Tests.InventorySystemTests.InventorySystem_AddItem_PreferredPosition" methodname="InventorySystem_AddItem_PreferredPosition" classname="Lattirune.Tests.InventorySystemTests" runstate="Runnable" seed="1294800481" result="Passed" start-time="2026-08-20 08:11:01Z" end-time="2026-08-20 08:11:01Z" duration="0.000573" asserts="0">
              <properties>
                <property name="retryIteration" value="0" />
                <property name="repeatIteration" value="0" />
              </properties>
            </test-case>
            <test-case id="1325" name="InventorySystem_InitialState_MatchesDefaultDefinition" fullname="Lattirune.Tests.InventorySystemTests.InventorySystem_InitialState_MatchesDefaultDefinition" methodname="InventorySystem_InitialState_MatchesDefaultDefinition" classname="Lattirune.Tests.InventorySystemTests" runstate="Runnable" seed="1026633159" result="Passed" start-time="2026-08-20 08:11:01Z" end-time="2026-08-20 08:11:01Z" duration="0.000343" asserts="0">
              <properties>
                <property name="retryIteration" value="0" />
                <property name="repeatIteration" value="0" />
              </properties>
            </test-case>
            <test-case id="1330" name="InventorySystem_InventoryFull_ReturnsFalse" fullname="Lattirune.Tests.InventorySystemTests.InventorySystem_InventoryFull_ReturnsFalse" methodname="InventorySystem_InventoryFull_ReturnsFalse" classname="Lattirune.Tests.InventorySystemTests" runstate="Runnable" seed="1789321695" result="Passed" start-time="2026-08-20 08:11:01Z" end-time="2026-08-20 08:11:01Z" duration="0.001571" asserts="0">
              <properties>
                <property name="retryIteration" value="0" />
                <property name="repeatIteration" value="0" />
              </properties>
            </test-case>
            <test-case id="1329" name="InventorySystem_MoveItem_SuccessfullyRepositioned" fullname="Lattirune.Tests.InventorySystemTests.InventorySystem_MoveItem_SuccessfullyRepositioned" methodname="InventorySystem_MoveItem_SuccessfullyRepositioned" classname="Lattirune.Tests.InventorySystemTests" runstate="Runnable" seed="99971728" result="Passed" start-time="2026-08-20 08:11:01Z" end-time="2026-08-20 08:11:01Z" duration="0.000781" asserts="0">
              <properties>
                <property name="retryIteration" value="0" />
                <property name="repeatIteration" value="0" />
              </properties>
            </test-case>
            <test-case id="1328" name="InventorySystem_RemoveItem_FreesCapacity" fullname="Lattirune.Tests.InventorySystemTests.InventorySystem_RemoveItem_FreesCapacity" methodname="InventorySystem_RemoveItem_FreesCapacity" classname="Lattirune.Tests.InventorySystemTests" runstate="Runnable" seed="458403865" result="Passed" start-time="2026-08-20 08:11:01Z" end-time="2026-08-20 08:11:01Z" duration="0.000811" asserts="0">
              <properties>
                <property name="retryIteration" value="0" />
                <property name="repeatIteration" value="0" />
              </properties>
            </test-case>
          </test-suite>
          <test-suite type="TestFixture" id="1331" name="ItemCatalogue20Tests" fullname="Lattirune.Tests.ItemCatalogue20Tests" classname="Lattirune.Tests.ItemCatalogue20Tests" runstate="Runnable" testcasecount="9" result="Passed" start-time="2026-08-20 08:11:01Z" end-time="2026-08-20 08:11:01Z" duration="0.008666" total="9" passed="9" failed="0" inconclusive="0" skipped="0" asserts="0">
            <properties />
            <test-case id="1335" name="Armor_CategoryAndStats_MatchPlan" fullname="Lattirune.Tests.ItemCatalogue20Tests.Armor_CategoryAndStats_MatchPlan" methodname="Armor_CategoryAndStats_MatchPlan" classname="Lattirune.Tests.ItemCatalogue20Tests" runstate="Runnable" seed="1850851956" result="Passed" start-time="2026-08-20 08:11:01Z" end-time="2026-08-20 08:11:01Z" duration="0.000832" asserts="0">
              <properties>
                <property name="retryIteration" value="0" />
                <property name="repeatIteration" value="0" />
              </properties>
            </test-case>
            <test-case id="1337" name="Consumables_CategoryAndStats_MatchPlan" fullname="Lattirune.Tests.ItemCatalogue20Tests.Consumables_CategoryAndStats_MatchPlan" methodname="Consumables_CategoryAndStats_MatchPlan" classname="Lattirune.Tests.ItemCatalogue20Tests" runstate="Runnable" seed="842419066" result="Passed" start-time="2026-08-20 08:11:01Z" end-time="2026-08-20 08:11:01Z" duration="0.000681" asserts="0">
              <properties>
                <property name="retryIteration" value="0" />
                <property name="repeatIteration" value="0" />
              </properties>
            </test-case>
            <test-case id="1338" name="CursedItems_CategoryAndStats_MatchPlan" fullname="Lattirune.Tests.ItemCatalogue20Tests.CursedItems_CategoryAndStats_MatchPlan" methodname="CursedItems_CategoryAndStats_MatchPlan" classname="Lattirune.Tests.ItemCatalogue20Tests" runstate="Runnable" seed="309124651" result="Passed" start-time="2026-08-20 08:11:01Z" end-time="2026-08-20 08:11:01Z" duration="0.000703" asserts="0">
              <properties>
                <property name="retryIteration" value="0" />
                <property name="repeatIteration" value="0" />
              </properties>
            </test-case>
            <test-case id="1332" name="ItemDatabase_Contains20CanonicalItems_PlusAliases" fullname="Lattirune.Tests.ItemCatalogue20Tests.ItemDatabase_Contains20CanonicalItems_PlusAliases" methodname="ItemDatabase_Contains20CanonicalItems_PlusAliases" classname="Lattirune.Tests.ItemCatalogue20Tests" runstate="Runnable" seed="1025192203" result="Passed" start-time="2026-08-20 08:11:01Z" end-time="2026-08-20 08:11:01Z" duration="0.000677" asserts="0">
              <properties>
                <property name="retryIteration" value="0" />
                <property name="repeatIteration" value="0" />
              </properties>
            </test-case>
            <test-case id="1339" name="PlayerCombatant_BuildStatsAggregation_DerivesWeaponDamageAndShield" fullname="Lattirune.Tests.ItemCatalogue20Tests.PlayerCombatant_BuildStatsAggregation_DerivesWeaponDamageAndShield" methodname="PlayerCombatant_BuildStatsAggregation_DerivesWeaponDamageAndShield" classname="Lattirune.Tests.ItemCatalogue20Tests" runstate="Runnable" seed="1966391870" result="Passed" start-time="2026-08-20 08:11:01Z" end-time="2026-08-20 08:11:01Z" duration="0.001209" asserts="0">
              <properties>
                <property name="retryIteration" value="0" />
                <property name="repeatIteration" value="0" />
              </properties>
            </test-case>
            <test-case id="1336" name="Relics_CategoryAndStats_MatchPlan" fullname="Lattirune.Tests.ItemCatalogue20Tests.Relics_CategoryAndStats_MatchPlan" methodname="Relics_CategoryAndStats_MatchPlan" classname="Lattirune.Tests.ItemCatalogue20Tests" runstate="Runnable" seed="1256779968" result="Passed" start-time="2026-08-20 08:11:01Z" end-time="2026-08-20 08:11:01Z" duration="0.000730" asserts="0">
              <properties>
                <property name="retryIteration" value="0" />
                <property name="repeatIteration" value="0" />
              </properties>
            </test-case>
            <test-case id="1340" name="RewardGenerator_With20ItemCatalogue_Generates3UniqueChoices" fullname="Lattirune.Tests.ItemCatalogue20Tests.RewardGenerator_With20ItemCatalogue_Generates3UniqueChoices" methodname="RewardGenerator_With20ItemCatalogue_Generates3UniqueChoices" classname="Lattirune.Tests.ItemCatalogue20Tests" runstate="Runnable" seed="317046808" result="Passed" start-time="2026-08-20 08:11:01Z" end-time="2026-08-20 08:11:01Z" duration="0.000743" asserts="0">
              <properties>
                <property name="retryIteration" value="0" />
                <property name="repeatIteration" value="0" />
              </properties>
            </test-case>
            <test-case id="1334" name="Shields_CategoryAndStats_MatchPlan" fullname="Lattirune.Tests.ItemCatalogue20Tests.Shields_CategoryAndStats_MatchPlan" methodname="Shields_CategoryAndStats_MatchPlan" classname="Lattirune.Tests.ItemCatalogue20Tests" runstate="Runnable" seed="38837693" result="Passed" start-time="2026-08-20 08:11:01Z" end-time="2026-08-20 08:11:01Z" duration="0.000698" asserts="0">
              <properties>
                <property name="retryIteration" value="0" />
                <property name="repeatIteration" value="0" />
              </properties>
            </test-case>
            <test-case id="1333" name="Weapons_CategoryAndStats_MatchPlan" fullname="Lattirune.Tests.ItemCatalogue20Tests.Weapons_CategoryAndStats_MatchPlan" methodname="Weapons_CategoryAndStats_MatchPlan" classname="Lattirune.Tests.ItemCatalogue20Tests" runstate="Runnable" seed="1189994032" result="Passed" start-time="2026-08-20 08:11:01Z" end-time="2026-08-20 08:11:01Z" duration="0.001078" asserts="0">
              <properties>
                <property name="retryIteration" value="0" />
                <property name="repeatIteration" value="0" />
              </properties>
            </test-case>
          </test-suite>
          <test-suite type="TestFixture" id="1341" name="ItemDataTests" fullname="Lattirune.Tests.ItemDataTests" classname="Lattirune.Tests.ItemDataTests" runstate="Runnable" testcasecount="9" result="Passed" start-time="2026-08-20 08:11:01Z" end-time="2026-08-20 08:11:01Z" duration="0.007904" total="9" passed="9" failed="0" inconclusive="0" skipped="0" asserts="0">
            <properties />
            <test-case id="1349" name="GridPlacement_LockedAndBoundaryRejection_WorksForAllFootprints" fullname="Lattirune.Tests.ItemDataTests.GridPlacement_LockedAndBoundaryRejection_WorksForAllFootprints" methodname="GridPlacement_LockedAndBoundaryRejection_WorksForAllFootprints" classname="Lattirune.Tests.ItemDataTests" runstate="Runnable" seed="1452804005" result="Passed" start-time="2026-08-20 08:11:01Z" end-time="2026-08-20 08:11:01Z" duration="0.001092" asserts="0">
              <properties>
                <property name="retryIteration" value="0" />
                <property name="repeatIteration" value="0" />
              </properties>
            </test-case>
            <test-case id="1348" name="GridPlacement_WithRotatedFootprint_ValidatesAndOccupiesCells" fullname="Lattirune.Tests.ItemDataTests.GridPlacement_WithRotatedFootprint_ValidatesAndOccupiesCells" methodname="GridPlacement_WithRotatedFootprint_ValidatesAndOccupiesCells" classname="Lattirune.Tests.ItemDataTests" runstate="Runnable" seed="1808222869" result="Passed" start-time="2026-08-20 08:11:01Z" end-time="2026-08-20 08:11:01Z" duration="0.001088" asserts="0">
              <properties>
                <property name="retryIteration" value="0" />
                <property name="repeatIteration" value="0" />
              </properties>
            </test-case>
            <test-case id="1344" name="ItemDatabaseSO_DetectsDuplicateItemIds" fullname="Lattirune.Tests.ItemDataTests.ItemDatabaseSO_DetectsDuplicateItemIds" methodname="ItemDatabaseSO_DetectsDuplicateItemIds" classname="Lattirune.Tests.ItemDataTests" runstate="Runnable" seed="1315189310" result="Passed" start-time="2026-08-20 08:11:01Z" end-time="2026-08-20 08:11:01Z" duration="0.000530" asserts="0">
              <properties>
                <property name="retryIteration" value="0" />
                <property name="repeatIteration" value="0" />
              </properties>
            </test-case>
            <test-case id="1342" name="ItemDataSO_InitializesAndValidatesCorrectly" fullname="Lattirune.Tests.ItemDataTests.ItemDataSO_InitializesAndValidatesCorrectly" methodname="ItemDataSO_InitializesAndValidatesCorrectly" classname="Lattirune.Tests.ItemDataTests" runstate="Runnable" seed="834034011" result="Passed" start-time="2026-08-20 08:11:01Z" end-time="2026-08-20 08:11:01Z" duration="0.000290" asserts="0">
              <properties>
                <property name="retryIteration" value="0" />
                <property name="repeatIteration" value="0" />
              </properties>
            </test-case>
            <test-case id="1343" name="ItemDataSO_Validation_RejectsInvalidConfigurations" fullname="Lattirune.Tests.ItemDataTests.ItemDataSO_Validation_RejectsInvalidConfigurations" methodname="ItemDataSO_Validation_RejectsInvalidConfigurations" classname="Lattirune.Tests.ItemDataTests" runstate="Runnable" seed="1990296730" result="Passed" start-time="2026-08-20 08:11:01Z" end-time="2026-08-20 08:11:01Z" duration="0.000367" asserts="0">
              <properties>
                <property name="retryIteration" value="0" />
                <property name="repeatIteration" value="0" />
              </properties>
            </test-case>
            <test-case id="1346" name="ItemInstance_Rotation_UpdatesRuntimeDimensions" fullname="Lattirune.Tests.ItemDataTests.ItemInstance_Rotation_UpdatesRuntimeDimensions" methodname="ItemInstance_Rotation_UpdatesRuntimeDimensions" classname="Lattirune.Tests.ItemDataTests" runstate="Runnable" seed="884224438" result="Passed" start-time="2026-08-20 08:11:01Z" end-time="2026-08-20 08:11:01Z" duration="0.000839" asserts="0">
              <properties>
                <property name="retryIteration" value="0" />
                <property name="repeatIteration" value="0" />
              </properties>
            </test-case>
            <test-case id="1350" name="ItemRemoval_FreesGridOccupancyCorrectly" fullname="Lattirune.Tests.ItemDataTests.ItemRemoval_FreesGridOccupancyCorrectly" methodname="ItemRemoval_FreesGridOccupancyCorrectly" classname="Lattirune.Tests.ItemDataTests" runstate="Runnable" seed="1148120268" result="Passed" start-time="2026-08-20 08:11:01Z" end-time="2026-08-20 08:11:01Z" duration="0.000810" asserts="0">
              <properties>
                <property name="retryIteration" value="0" />
                <property name="repeatIteration" value="0" />
              </properties>
            </test-case>
            <test-case id="1347" name="MultipleItemInstances_MaintainIndependentRuntimeState" fullname="Lattirune.Tests.ItemDataTests.MultipleItemInstances_MaintainIndependentRuntimeState" methodname="MultipleItemInstances_MaintainIndependentRuntimeState" classname="Lattirune.Tests.ItemDataTests" runstate="Runnable" seed="1751367332" result="Passed" start-time="2026-08-20 08:11:01Z" end-time="2026-08-20 08:11:01Z" duration="0.001094" asserts="0">
              <properties>
                <property name="retryIteration" value="0" />
                <property name="repeatIteration" value="0" />
              </properties>
            </test-case>
            <test-case id="1345" name="RotationUtility_CalculatesRotatedFootprintsAccurately" fullname="Lattirune.Tests.ItemDataTests.RotationUtility_CalculatesRotatedFootprintsAccurately" methodname="RotationUtility_CalculatesRotatedFootprintsAccurately" classname="Lattirune.Tests.ItemDataTests" runstate="Runnable" seed="1017226737" result="Passed" start-time="2026-08-20 08:11:01Z" end-time="2026-08-20 08:11:01Z" duration="0.000438" asserts="0">
              <properties>
                <property name="retryIteration" value="0" />
                <property name="repeatIteration" value="0" />
              </properties>
            </test-case>
          </test-suite>
          <test-suite type="TestFixture" id="1351" name="LatticeGridTests" fullname="Lattirune.Tests.LatticeGridTests" classname="Lattirune.Tests.LatticeGridTests" runstate="Runnable" testcasecount="11" result="Passed" start-time="2026-08-20 08:11:01Z" end-time="2026-08-20 08:11:01Z" duration="0.004718" total="11" passed="11" failed="0" inconclusive="0" skipped="0" asserts="0">
            <properties />
            <test-case id="1355" name="CanPlaceItem_1x1_OverLockedTile_ReturnsFalse" fullname="Lattirune.Tests.LatticeGridTests.CanPlaceItem_1x1_OverLockedTile_ReturnsFalse" methodname="CanPlaceItem_1x1_OverLockedTile_ReturnsFalse" classname="Lattirune.Tests.LatticeGridTests" runstate="Runnable" seed="131623609" result="Passed" start-time="2026-08-20 08:11:01Z" end-time="2026-08-20 08:11:01Z" duration="0.000197" asserts="0">
              <properties>
                <property name="retryIteration" value="0" />
                <property name="repeatIteration" value="0" />
              </properties>
            </test-case>
            <test-case id="1354" name="CanPlaceItem_1x1_ValidSingleTile_ReturnsTrue" fullname="Lattirune.Tests.LatticeGridTests.CanPlaceItem_1x1_ValidSingleTile_ReturnsTrue" methodname="CanPlaceItem_1x1_ValidSingleTile_ReturnsTrue" classname="Lattirune.Tests.LatticeGridTests" runstate="Runnable" seed="1176751913" result="Passed" start-time="2026-08-20 08:11:01Z" end-time="2026-08-20 08:11:01Z" duration="0.000137" asserts="0">
              <properties>
                <property name="retryIteration" value="0" />
                <property name="repeatIteration" value="0" />
              </properties>
            </test-case>
            <test-case id="1356" name="CanPlaceItem_1x2_VerticalFootprint_ValidAndInvalid" fullname="Lattirune.Tests.LatticeGridTests.CanPlaceItem_1x2_VerticalFootprint_ValidAndInvalid" methodname="CanPlaceItem_1x2_VerticalFootprint_ValidAndInvalid" classname="Lattirune.Tests.LatticeGridTests" runstate="Runnable" seed="696924043" result="Passed" start-time="2026-08-20 08:11:01Z" end-time="2026-08-20 08:11:01Z" duration="0.000265" asserts="0">
              <properties>
                <property name="retryIteration" value="0" />
                <property name="repeatIteration" value="0" />
              </properties>
            </test-case>
            <test-case id="1357" name="CanPlaceItem_2x1_HorizontalFootprint_ValidAndInvalid" fullname="Lattirune.Tests.LatticeGridTests.CanPlaceItem_2x1_HorizontalFootprint_ValidAndInvalid" methodname="CanPlaceItem_2x1_HorizontalFootprint_ValidAndInvalid" classname="Lattirune.Tests.LatticeGridTests" runstate="Runnable" seed="1194635075" result="Passed" start-time="2026-08-20 08:11:01Z" end-time="2026-08-20 08:11:01Z" duration="0.000161" asserts="0">
              <properties>
                <property name="retryIteration" value="0" />
                <property name="repeatIteration" value="0" />
              </properties>
            </test-case>
            <test-case id="1358" name="CanPlaceItem_2x2_QuadFootprint_ValidAndInvalid" fullname="Lattirune.Tests.LatticeGridTests.CanPlaceItem_2x2_QuadFootprint_ValidAndInvalid" methodname="CanPlaceItem_2x2_QuadFootprint_ValidAndInvalid" classname="Lattirune.Tests.LatticeGridTests" runstate="Runnable" seed="1840375814" result="Passed" start-time="2026-08-20 08:11:01Z" end-time="2026-08-20 08:11:01Z" duration="0.000148" asserts="0">
              <properties>
                <property name="retryIteration" value="0" />
                <property name="repeatIteration" value="0" />
              </properties>
            </test-case>
            <test-case id="1353" name="Coordinates_BoundsValidation_WorksCorrectly" fullname="Lattirune.Tests.LatticeGridTests.Coordinates_BoundsValidation_WorksCorrectly" methodname="Coordinates_BoundsValidation_WorksCorrectly" classname="Lattirune.Tests.LatticeGridTests" runstate="Runnable" seed="1246032776" result="Passed" start-time="2026-08-20 08:11:01Z" end-time="2026-08-20 08:11:01Z" duration="0.000187" asserts="0">
              <properties>
                <property name="retryIteration" value="0" />
                <property name="repeatIteration" value="0" />
              </properties>
            </test-case>
            <test-case id="1352" name="Grid_Initializes_WithExactDimensionsAndCounts" fullname="Lattirune.Tests.LatticeGridTests.Grid_Initializes_WithExactDimensionsAndCounts" methodname="Grid_Initializes_WithExactDimensionsAndCounts" classname="Lattirune.Tests.LatticeGridTests" runstate="Runnable" seed="794634865" result="Passed" start-time="2026-08-20 08:11:01Z" end-time="2026-08-20 08:11:01Z" duration="0.000263" asserts="0">
              <properties>
                <property name="retryIteration" value="0" />
                <property name="repeatIteration" value="0" />
              </properties>
            </test-case>
            <test-case id="1362" name="GridCoordinateUtility_Conversions_AreDeterministic" fullname="Lattirune.Tests.LatticeGridTests.GridCoordinateUtility_Conversions_AreDeterministic" methodname="GridCoordinateUtility_Conversions_AreDeterministic" classname="Lattirune.Tests.LatticeGridTests" runstate="Runnable" seed="1574575683" result="Passed" start-time="2026-08-20 08:11:01Z" end-time="2026-08-20 08:11:01Z" duration="0.000472" asserts="0">
              <properties>
                <property name="retryIteration" value="0" />
                <property name="repeatIteration" value="0" />
              </properties>
            </test-case>
            <test-case id="1359" name="PlaceItem_ValidFootprint_OccupyCellsSuccessfully" fullname="Lattirune.Tests.LatticeGridTests.PlaceItem_ValidFootprint_OccupyCellsSuccessfully" methodname="PlaceItem_ValidFootprint_OccupyCellsSuccessfully" classname="Lattirune.Tests.LatticeGridTests" runstate="Runnable" seed="1298448647" result="Passed" start-time="2026-08-20 08:11:01Z" end-time="2026-08-20 08:11:01Z" duration="0.000233" asserts="0">
              <properties>
                <property name="retryIteration" value="0" />
                <property name="repeatIteration" value="0" />
              </properties>
            </test-case>
            <test-case id="1360" name="RemoveItem_FreesOccupiedCells" fullname="Lattirune.Tests.LatticeGridTests.RemoveItem_FreesOccupiedCells" methodname="RemoveItem_FreesOccupiedCells" classname="Lattirune.Tests.LatticeGridTests" runstate="Runnable" seed="2070233941" result="Passed" start-time="2026-08-20 08:11:01Z" end-time="2026-08-20 08:11:01Z" duration="0.000175" asserts="0">
              <properties>
                <property name="retryIteration" value="0" />
                <property name="repeatIteration" value="0" />
              </properties>
            </test-case>
            <test-case id="1361" name="UnlockTile_TransitionsLockedTileToActive" fullname="Lattirune.Tests.LatticeGridTests.UnlockTile_TransitionsLockedTileToActive" methodname="UnlockTile_TransitionsLockedTileToActive" classname="Lattirune.Tests.LatticeGridTests" runstate="Runnable" seed="1267833518" result="Passed" start-time="2026-08-20 08:11:01Z" end-time="2026-08-20 08:11:01Z" duration="0.000262" asserts="0">
              <properties>
                <property name="retryIteration" value="0" />
                <property name="repeatIteration" value="0" />
              </properties>
            </test-case>
          </test-suite>
          <test-suite type="TestFixture" id="1363" name="ManualQAReadinessTests" fullname="Lattirune.Tests.ManualQAReadinessTests" classname="Lattirune.Tests.ManualQAReadinessTests" runstate="Runnable" testcasecount="12" result="Failed" site="Child" start-time="2026-08-20 08:11:01Z" end-time="2026-08-20 08:11:01Z" duration="0.005277" total="12" passed="11" failed="1" inconclusive="0" skipped="0" asserts="0">
            <properties />
            <failure>
              <message><![CDATA[One or more child tests had errors]]></message>
            </failure>
            <test-case id="1373" name="ManualQA_CanonicalCatalogues_AreComplete" fullname="Lattirune.Tests.ManualQAReadinessTests.ManualQA_CanonicalCatalogues_AreComplete" methodname="ManualQA_CanonicalCatalogues_AreComplete" classname="Lattirune.Tests.ManualQAReadinessTests" runstate="Runnable" seed="1476350199" result="Passed" start-time="2026-08-20 08:11:01Z" end-time="2026-08-20 08:11:01Z" duration="0.001254" asserts="0">
              <properties>
                <property name="retryIteration" value="0" />
                <property name="repeatIteration" value="0" />
              </properties>
            </test-case>
            <test-case id="1364" name="ManualQA_ChecklistDocument_Exists" fullname="Lattirune.Tests.ManualQAReadinessTests.ManualQA_ChecklistDocument_Exists" methodname="ManualQA_ChecklistDocument_Exists" classname="Lattirune.Tests.ManualQAReadinessTests" runstate="Runnable" seed="1224588318" result="Passed" start-time="2026-08-20 08:11:01Z" end-time="2026-08-20 08:11:01Z" duration="0.000158" asserts="0">
              <properties>
                <property name="retryIteration" value="0" />
                <property name="repeatIteration" value="0" />
              </properties>
            </test-case>
            <test-case id="1374" name="ManualQA_HardwareBackSafety_IsEnforcedInCombat" fullname="Lattirune.Tests.ManualQAReadinessTests.ManualQA_HardwareBackSafety_IsEnforcedInCombat" methodname="ManualQA_HardwareBackSafety_IsEnforcedInCombat" classname="Lattirune.Tests.ManualQAReadinessTests" runstate="Runnable" seed="1836959680" result="Passed" start-time="2026-08-20 08:11:01Z" end-time="2026-08-20 08:11:01Z" duration="0.000270" asserts="0">
              <properties>
                <property name="retryIteration" value="0" />
                <property name="repeatIteration" value="0" />
              </properties>
            </test-case>
            <test-case id="1375" name="ManualQA_ManualDeviceStatus_IsNotFalselyMarkedPass" fullname="Lattirune.Tests.ManualQAReadinessTests.ManualQA_ManualDeviceStatus_IsNotFalselyMarkedPass" methodname="ManualQA_ManualDeviceStatus_IsNotFalselyMarkedPass" classname="Lattirune.Tests.ManualQAReadinessTests" runstate="Runnable" seed="455440551" result="Passed" start-time="2026-08-20 08:11:01Z" end-time="2026-08-20 08:11:01Z" duration="0.000157" asserts="0">
              <properties>
                <property name="retryIteration" value="0" />
                <property name="repeatIteration" value="0" />
              </properties>
            </test-case>
            <test-case id="1368" name="ManualQA_PackageIdentifier_IsExact" fullname="Lattirune.Tests.ManualQAReadinessTests.ManualQA_PackageIdentifier_IsExact" methodname="ManualQA_PackageIdentifier_IsExact" classname="Lattirune.Tests.ManualQAReadinessTests" runstate="Runnable" seed="36266128" result="Passed" start-time="2026-08-20 08:11:01Z" end-time="2026-08-20 08:11:01Z" duration="0.000145" asserts="0">
              <properties>
                <property name="retryIteration" value="0" />
                <property name="repeatIteration" value="0" />
              </properties>
            </test-case>
            <test-case id="1371" name="ManualQA_ReleaseArtifactTargets_Configured" fullname="Lattirune.Tests.ManualQAReadinessTests.ManualQA_ReleaseArtifactTargets_Configured" methodname="ManualQA_ReleaseArtifactTargets_Configured" classname="Lattirune.Tests.ManualQAReadinessTests" runstate="Runnable" seed="28858357" result="Passed" start-time="2026-08-20 08:11:01Z" end-time="2026-08-20 08:11:01Z" duration="0.000164" asserts="0">
              <properties>
                <property name="retryIteration" value="0" />
                <property name="repeatIteration" value="0" />
              </properties>
            </test-case>
            <test-case id="1366" name="ManualQA_ReleaseManifestDocument_Exists" fullname="Lattirune.Tests.ManualQAReadinessTests.ManualQA_ReleaseManifestDocument_Exists" methodname="ManualQA_ReleaseManifestDocument_Exists" classname="Lattirune.Tests.ManualQAReadinessTests" runstate="Runnable" seed="1726612371" result="Passed" start-time="2026-08-20 08:11:01Z" end-time="2026-08-20 08:11:01Z" duration="0.000188" asserts="0">
              <properties>
                <property name="retryIteration" value="0" />
                <property name="repeatIteration" value="0" />
              </properties>
            </test-case>
            <test-case id="1365" name="ManualQA_ReleaseNotesDocument_Exists" fullname="Lattirune.Tests.ManualQAReadinessTests.ManualQA_ReleaseNotesDocument_Exists" methodname="ManualQA_ReleaseNotesDocument_Exists" classname="Lattirune.Tests.ManualQAReadinessTests" runstate="Runnable" seed="775061009" result="Passed" start-time="2026-08-20 08:11:01Z" end-time="2026-08-20 08:11:01Z" duration="0.000209" asserts="0">
              <properties>
                <property name="retryIteration" value="0" />
                <property name="repeatIteration" value="0" />
              </properties>
            </test-case>
            <test-case id="1370" name="ManualQA_SaveVersion_IsExact" fullname="Lattirune.Tests.ManualQAReadinessTests.ManualQA_SaveVersion_IsExact" methodname="ManualQA_SaveVersion_IsExact" classname="Lattirune.Tests.ManualQAReadinessTests" runstate="Runnable" seed="1317909910" result="Passed" start-time="2026-08-20 08:11:01Z" end-time="2026-08-20 08:11:01Z" duration="0.000205" asserts="0">
              <properties>
                <property name="retryIteration" value="0" />
                <property name="repeatIteration" value="0" />
              </properties>
            </test-case>
            <test-case id="1372" name="ManualQA_TenFloorDungeon_IsConfigured" fullname="Lattirune.Tests.ManualQAReadinessTests.ManualQA_TenFloorDungeon_IsConfigured" methodname="ManualQA_TenFloorDungeon_IsConfigured" classname="Lattirune.Tests.ManualQAReadinessTests" runstate="Runnable" seed="281002651" result="Failed" start-time="2026-08-20 08:11:01Z" end-time="2026-08-20 08:11:01Z" duration="0.000740" asserts="0">
              <properties>
                <property name="retryIteration" value="0" />
                <property name="repeatIteration" value="0" />
              </properties>
              <failure>
                <message><![CDATA[  Expected string length 27 but was 26. Strings differ at index 10.
  Expected: "Floor 8: Campfire Rest Site"
  But was:  "Floor 8: Crystalline Chasm"
  ---------------------^
]]></message>
                <stack-trace><![CDATA[at Lattirune.Tests.ManualQAReadinessTests.ManualQA_TenFloorDungeon_IsConfigured () [0x00033] in C:\GAME PLAN\Assets\_Project\Tests\ManualQAReadinessTests.cs:112
]]></stack-trace>
              </failure>
            </test-case>
            <test-case id="1367" name="ManualQA_TraceabilityDocument_Exists" fullname="Lattirune.Tests.ManualQAReadinessTests.ManualQA_TraceabilityDocument_Exists" methodname="ManualQA_TraceabilityDocument_Exists" classname="Lattirune.Tests.ManualQAReadinessTests" runstate="Runnable" seed="896414168" result="Passed" start-time="2026-08-20 08:11:01Z" end-time="2026-08-20 08:11:01Z" duration="0.000178" asserts="0">
              <properties>
                <property name="retryIteration" value="0" />
                <property name="repeatIteration" value="0" />
              </properties>
            </test-case>
            <test-case id="1369" name="ManualQA_VersionNameAndCode_AreExact" fullname="Lattirune.Tests.ManualQAReadinessTests.ManualQA_VersionNameAndCode_AreExact" methodname="ManualQA_VersionNameAndCode_AreExact" classname="Lattirune.Tests.ManualQAReadinessTests" runstate="Runnable" seed="382753482" result="Passed" start-time="2026-08-20 08:11:01Z" end-time="2026-08-20 08:11:01Z" duration="0.000157" asserts="0">
              <properties>
                <property name="retryIteration" value="0" />
                <property name="repeatIteration" value="0" />
              </properties>
            </test-case>
          </test-suite>
          <test-suite type="TestFixture" id="1376" name="MasterFullGameIntegrationTests" fullname="Lattirune.Tests.MasterFullGameIntegrationTests" classname="Lattirune.Tests.MasterFullGameIntegrationTests" runstate="Runnable" testcasecount="1" result="Passed" start-time="2026-08-20 08:11:01Z" end-time="2026-08-20 08:11:01Z" duration="0.005055" total="1" passed="1" failed="0" inconclusive="0" skipped="0" asserts="0">
            <properties />
            <test-case id="1377" name="FullGame_UnifiedLoop_ExecutesSeamlesslyWithZeroExceptions" fullname="Lattirune.Tests.MasterFullGameIntegrationTests.FullGame_UnifiedLoop_ExecutesSeamlesslyWithZeroExceptions" methodname="FullGame_UnifiedLoop_ExecutesSeamlesslyWithZeroExceptions" classname="Lattirune.Tests.MasterFullGameIntegrationTests" runstate="Runnable" seed="1443559738" result="Passed" start-time="2026-08-20 08:11:01Z" end-time="2026-08-20 08:11:01Z" duration="0.004554" asserts="0">
              <properties>
                <property name="retryIteration" value="0" />
                <property name="repeatIteration" value="0" />
              </properties>
            </test-case>
          </test-suite>
          <test-suite type="TestFixture" id="1378" name="MasterSynergyAndChainReactionTests" fullname="Lattirune.Tests.MasterSynergyAndChainReactionTests" classname="Lattirune.Tests.MasterSynergyAndChainReactionTests" runstate="Runnable" testcasecount="14" result="Passed" start-time="2026-08-20 08:11:01Z" end-time="2026-08-20 08:11:01Z" duration="0.016646" total="14" passed="14" failed="0" inconclusive="0" skipped="0" asserts="0">
            <properties />
            <test-case id="1391" name="ChainEngine_CyclicDuplicateEvents_AreRejected" fullname="Lattirune.Tests.MasterSynergyAndChainReactionTests.ChainEngine_CyclicDuplicateEvents_AreRejected" methodname="ChainEngine_CyclicDuplicateEvents_AreRejected" classname="Lattirune.Tests.MasterSynergyAndChainReactionTests" runstate="Runnable" seed="365965797" result="Passed" start-time="2026-08-20 08:11:01Z" end-time="2026-08-20 08:11:01Z" duration="0.002456" asserts="0">
              <properties>
                <property name="retryIteration" value="0" />
                <property name="repeatIteration" value="0" />
              </properties>
            </test-case>
            <test-case id="1388" name="ChainEngine_Depth0To4_ExecuteSuccessfully" fullname="Lattirune.Tests.MasterSynergyAndChainReactionTests.ChainEngine_Depth0To4_ExecuteSuccessfully" methodname="ChainEngine_Depth0To4_ExecuteSuccessfully" classname="Lattirune.Tests.MasterSynergyAndChainReactionTests" runstate="Runnable" seed="1959508434" result="Passed" start-time="2026-08-20 08:11:01Z" end-time="2026-08-20 08:11:01Z" duration="0.001068" asserts="0">
              <properties>
                <property name="retryIteration" value="0" />
                <property name="repeatIteration" value="0" />
              </properties>
            </test-case>
            <test-case id="1389" name="ChainEngine_Depth5_IsRejected" fullname="Lattirune.Tests.MasterSynergyAndChainReactionTests.ChainEngine_Depth5_IsRejected" methodname="ChainEngine_Depth5_IsRejected" classname="Lattirune.Tests.MasterSynergyAndChainReactionTests" runstate="Runnable" seed="1104901806" result="Passed" start-time="2026-08-20 08:11:01Z" end-time="2026-08-20 08:11:01Z" duration="0.000857" asserts="0">
              <properties>
                <property name="retryIteration" value="0" />
                <property name="repeatIteration" value="0" />
              </properties>
            </test-case>
            <test-case id="1387" name="ChainEngine_EventsExecuteSequentially" fullname="Lattirune.Tests.MasterSynergyAndChainReactionTests.ChainEngine_EventsExecuteSequentially" methodname="ChainEngine_EventsExecuteSequentially" classname="Lattirune.Tests.MasterSynergyAndChainReactionTests" runstate="Runnable" seed="192697067" result="Passed" start-time="2026-08-20 08:11:01Z" end-time="2026-08-20 08:11:01Z" duration="0.001163" asserts="0">
              <properties>
                <property name="retryIteration" value="0" />
                <property name="repeatIteration" value="0" />
              </properties>
            </test-case>
            <test-case id="1390" name="ChainEngine_FrameTickPropagationCap_RejectsWithin0_02s" fullname="Lattirune.Tests.MasterSynergyAndChainReactionTests.ChainEngine_FrameTickPropagationCap_RejectsWithin0_02s" methodname="ChainEngine_FrameTickPropagationCap_RejectsWithin0_02s" classname="Lattirune.Tests.MasterSynergyAndChainReactionTests" runstate="Runnable" seed="2087270187" result="Passed" start-time="2026-08-20 08:11:01Z" end-time="2026-08-20 08:11:01Z" duration="0.000873" asserts="0">
              <properties>
                <property name="retryIteration" value="0" />
                <property name="repeatIteration" value="0" />
              </properties>
            </test-case>
            <test-case id="1392" name="ChainEngine_ResetEngine_ClearsTransientState" fullname="Lattirune.Tests.MasterSynergyAndChainReactionTests.ChainEngine_ResetEngine_ClearsTransientState" methodname="ChainEngine_ResetEngine_ClearsTransientState" classname="Lattirune.Tests.MasterSynergyAndChainReactionTests" runstate="Runnable" seed="1278197708" result="Passed" start-time="2026-08-20 08:11:01Z" end-time="2026-08-20 08:11:01Z" duration="0.001137" asserts="0">
              <properties>
                <property name="retryIteration" value="0" />
                <property name="repeatIteration" value="0" />
              </properties>
            </test-case>
            <test-case id="1379" name="FlamingBlade_EmberRune_And_Broadsword_Activates" fullname="Lattirune.Tests.MasterSynergyAndChainReactionTests.FlamingBlade_EmberRune_And_Broadsword_Activates" methodname="FlamingBlade_EmberRune_And_Broadsword_Activates" classname="Lattirune.Tests.MasterSynergyAndChainReactionTests" runstate="Runnable" seed="669746971" result="Passed" start-time="2026-08-20 08:11:01Z" end-time="2026-08-20 08:11:01Z" duration="0.000914" asserts="0">
              <properties>
                <property name="retryIteration" value="0" />
                <property name="repeatIteration" value="0" />
              </properties>
            </test-case>
            <test-case id="1385" name="GenericSynergy_StillAppliesToUnrelatedWeapons" fullname="Lattirune.Tests.MasterSynergyAndChainReactionTests.GenericSynergy_StillAppliesToUnrelatedWeapons" methodname="GenericSynergy_StillAppliesToUnrelatedWeapons" classname="Lattirune.Tests.MasterSynergyAndChainReactionTests" runstate="Runnable" seed="2006983338" result="Passed" start-time="2026-08-20 08:11:01Z" end-time="2026-08-20 08:11:01Z" duration="0.000904" asserts="0">
              <properties>
                <property name="retryIteration" value="0" />
                <property name="repeatIteration" value="0" />
              </properties>
            </test-case>
            <test-case id="1384" name="MasterSynergy_TakesPriorityOverGenericCategorySynergy" fullname="Lattirune.Tests.MasterSynergyAndChainReactionTests.MasterSynergy_TakesPriorityOverGenericCategorySynergy" methodname="MasterSynergy_TakesPriorityOverGenericCategorySynergy" classname="Lattirune.Tests.MasterSynergyAndChainReactionTests" runstate="Runnable" seed="1523989001" result="Passed" start-time="2026-08-20 08:11:01Z" end-time="2026-08-20 08:11:01Z" duration="0.000795" asserts="0">
              <properties>
                <property name="retryIteration" value="0" />
                <property name="repeatIteration" value="0" />
              </properties>
            </test-case>
            <test-case id="1382" name="MoltenWall_EmberRune_And_TowerShield_Activates" fullname="Lattirune.Tests.MasterSynergyAndChainReactionTests.MoltenWall_EmberRune_And_TowerShield_Activates" methodname="MoltenWall_EmberRune_And_TowerShield_Activates" classname="Lattirune.Tests.MasterSynergyAndChainReactionTests" runstate="Runnable" seed="441355552" result="Passed" start-time="2026-08-20 08:11:01Z" end-time="2026-08-20 08:11:01Z" duration="0.000921" asserts="0">
              <properties>
                <property name="retryIteration" value="0" />
                <property name="repeatIteration" value="0" />
              </properties>
            </test-case>
            <test-case id="1383" name="Shatterstrike_FrostRune_And_Battleaxe_Activates" fullname="Lattirune.Tests.MasterSynergyAndChainReactionTests.Shatterstrike_FrostRune_And_Battleaxe_Activates" methodname="Shatterstrike_FrostRune_And_Battleaxe_Activates" classname="Lattirune.Tests.MasterSynergyAndChainReactionTests" runstate="Runnable" seed="1590755034" result="Passed" start-time="2026-08-20 08:11:01Z" end-time="2026-08-20 08:11:01Z" duration="0.000803" asserts="0">
              <properties>
                <property name="retryIteration" value="0" />
                <property name="repeatIteration" value="0" />
              </properties>
            </test-case>
            <test-case id="1386" name="SynergyDatabase_IsValid_NoDuplicateIds" fullname="Lattirune.Tests.MasterSynergyAndChainReactionTests.SynergyDatabase_IsValid_NoDuplicateIds" methodname="SynergyDatabase_IsValid_NoDuplicateIds" classname="Lattirune.Tests.MasterSynergyAndChainReactionTests" runstate="Runnable" seed="2015088174" result="Passed" start-time="2026-08-20 08:11:01Z" end-time="2026-08-20 08:11:01Z" duration="0.000872" asserts="0">
              <properties>
                <property name="retryIteration" value="0" />
                <property name="repeatIteration" value="0" />
              </properties>
            </test-case>
            <test-case id="1381" name="ThunderBow_SparkRune_And_Shortbow_Activates" fullname="Lattirune.Tests.MasterSynergyAndChainReactionTests.ThunderBow_SparkRune_And_Shortbow_Activates" methodname="ThunderBow_SparkRune_And_Shortbow_Activates" classname="Lattirune.Tests.MasterSynergyAndChainReactionTests" runstate="Runnable" seed="916970254" result="Passed" start-time="2026-08-20 08:11:01Z" end-time="2026-08-20 08:11:01Z" duration="0.000863" asserts="0">
              <properties>
                <property name="retryIteration" value="0" />
                <property name="repeatIteration" value="0" />
              </properties>
            </test-case>
            <test-case id="1380" name="VenomShiv_VenomRune_And_RustyDagger_Activates" fullname="Lattirune.Tests.MasterSynergyAndChainReactionTests.VenomShiv_VenomRune_And_RustyDagger_Activates" methodname="VenomShiv_VenomRune_And_RustyDagger_Activates" classname="Lattirune.Tests.MasterSynergyAndChainReactionTests" runstate="Runnable" seed="98356767" result="Passed" start-time="2026-08-20 08:11:01Z" end-time="2026-08-20 08:11:01Z" duration="0.000823" asserts="0">
              <properties>
                <property name="retryIteration" value="0" />
                <property name="repeatIteration" value="0" />
              </properties>
            </test-case>
          </test-suite>
          <test-suite type="TestFixture" id="1393" name="MerchantSystemTests" fullname="Lattirune.Tests.MerchantSystemTests" classname="Lattirune.Tests.MerchantSystemTests" runstate="Runnable" testcasecount="5" result="Failed" site="Child" start-time="2026-08-20 08:11:01Z" end-time="2026-08-20 08:11:01Z" duration="0.006300" total="5" passed="4" failed="1" inconclusive="0" skipped="0" asserts="0">
            <properties />
            <failure>
              <message><![CDATA[One or more child tests had errors]]></message>
            </failure>
            <test-case id="1397" name="BuyOffer_FailsWhenInsufficientGold" fullname="Lattirune.Tests.MerchantSystemTests.BuyOffer_FailsWhenInsufficientGold" methodname="BuyOffer_FailsWhenInsufficientGold" classname="Lattirune.Tests.MerchantSystemTests" runstate="Runnable" seed="14506251" result="Passed" start-time="2026-08-20 08:11:01Z" end-time="2026-08-20 08:11:01Z" duration="0.001230" asserts="0">
              <properties>
                <property name="retryIteration" value="0" />
                <property name="repeatIteration" value="0" />
              </properties>
            </test-case>
            <test-case id="1396" name="BuyOffer_HealthPotion_HealsWoundedPlayer" fullname="Lattirune.Tests.MerchantSystemTests.BuyOffer_HealthPotion_HealsWoundedPlayer" methodname="BuyOffer_HealthPotion_HealsWoundedPlayer" classname="Lattirune.Tests.MerchantSystemTests" runstate="Runnable" seed="1337636457" result="Passed" start-time="2026-08-20 08:11:01Z" end-time="2026-08-20 08:11:01Z" duration="0.000869" asserts="0">
              <properties>
                <property name="retryIteration" value="0" />
                <property name="repeatIteration" value="0" />
              </properties>
            </test-case>
            <test-case id="1395" name="BuyOffer_SlotExpansion_DeductsGoldAndUnlocksGridCell" fullname="Lattirune.Tests.MerchantSystemTests.BuyOffer_SlotExpansion_DeductsGoldAndUnlocksGridCell" methodname="BuyOffer_SlotExpansion_DeductsGoldAndUnlocksGridCell" classname="Lattirune.Tests.MerchantSystemTests" runstate="Runnable" seed="1477712599" result="Passed" start-time="2026-08-20 08:11:01Z" end-time="2026-08-20 08:11:01Z" duration="0.000863" asserts="0">
              <properties>
                <property name="retryIteration" value="0" />
                <property name="repeatIteration" value="0" />
              </properties>
            </test-case>
            <test-case id="1394" name="GenerateOffers_ProducesBalancedCanonicalOfferSet" fullname="Lattirune.Tests.MerchantSystemTests.GenerateOffers_ProducesBalancedCanonicalOfferSet" methodname="GenerateOffers_ProducesBalancedCanonicalOfferSet" classname="Lattirune.Tests.MerchantSystemTests" runstate="Runnable" seed="208895831" result="Passed" start-time="2026-08-20 08:11:01Z" end-time="2026-08-20 08:11:01Z" duration="0.001247" asserts="0">
              <properties>
                <property name="retryIteration" value="0" />
                <property name="repeatIteration" value="0" />
              </properties>
            </test-case>
            <test-case id="1398" name="RerollOffers_SpendsFeeAndRegeneratesNewOffers" fullname="Lattirune.Tests.MerchantSystemTests.RerollOffers_SpendsFeeAndRegeneratesNewOffers" methodname="RerollOffers_SpendsFeeAndRegeneratesNewOffers" classname="Lattirune.Tests.MerchantSystemTests" runstate="Runnable" seed="495449555" result="Failed" start-time="2026-08-20 08:11:01Z" end-time="2026-08-20 08:11:01Z" duration="0.001055" asserts="0">
              <properties>
                <property name="retryIteration" value="0" />
                <property name="repeatIteration" value="0" />
              </properties>
              <failure>
                <message><![CDATA[  Expected: 4
  But was:  6
]]></message>
                <stack-trace><![CDATA[at Lattirune.Tests.MerchantSystemTests.RerollOffers_SpendsFeeAndRegeneratesNewOffers () [0x00058] in C:\GAME PLAN\Assets\_Project\Tests\MerchantSystemTests.cs:164
]]></stack-trace>
              </failure>
            </test-case>
          </test-suite>
          <test-suite type="TestFixture" id="1399" name="MetaProgressionIntegrationTests" fullname="Lattirune.Tests.MetaProgressionIntegrationTests" classname="Lattirune.Tests.MetaProgressionIntegrationTests" runstate="Runnable" testcasecount="9" result="Passed" start-time="2026-08-20 08:11:01Z" end-time="2026-08-20 08:11:01Z" duration="0.015336" total="9" passed="9" failed="0" inconclusive="0" skipped="0" asserts="0">
            <properties />
            <test-case id="1408" name="BlueprintDefinitionSO_Immutability_DoesNotMutateDuringForgeUnlocks" fullname="Lattirune.Tests.MetaProgressionIntegrationTests.BlueprintDefinitionSO_Immutability_DoesNotMutateDuringForgeUnlocks" methodname="BlueprintDefinitionSO_Immutability_DoesNotMutateDuringForgeUnlocks" classname="Lattirune.Tests.MetaProgressionIntegrationTests" runstate="Runnable" seed="1925596556" result="Passed" start-time="2026-08-20 08:11:01Z" end-time="2026-08-20 08:11:01Z" duration="0.002164" asserts="0">
              <properties>
                <property name="retryIteration" value="0" />
                <property name="repeatIteration" value="0" />
              </properties>
            </test-case>
            <test-case id="1402" name="BlueprintEffects_MultipleStartingBonuses_AccumulateDeterministically" fullname="Lattirune.Tests.MetaProgressionIntegrationTests.BlueprintEffects_MultipleStartingBonuses_AccumulateDeterministically" methodname="BlueprintEffects_MultipleStartingBonuses_AccumulateDeterministically" classname="Lattirune.Tests.MetaProgressionIntegrationTests" runstate="Runnable" seed="1129615392" result="Passed" start-time="2026-08-20 08:11:01Z" end-time="2026-08-20 08:11:01Z" duration="0.001479" asserts="0">
              <properties>
                <property name="retryIteration" value="0" />
                <property name="repeatIteration" value="0" />
              </properties>
            </test-case>
            <test-case id="1403" name="BlueprintEffects_ResetRun_DoesNotStackStartingBonuses" fullname="Lattirune.Tests.MetaProgressionIntegrationTests.BlueprintEffects_ResetRun_DoesNotStackStartingBonuses" methodname="BlueprintEffects_ResetRun_DoesNotStackStartingBonuses" classname="Lattirune.Tests.MetaProgressionIntegrationTests" runstate="Runnable" seed="903221052" result="Passed" start-time="2026-08-20 08:11:01Z" end-time="2026-08-20 08:11:01Z" duration="0.001404" asserts="0">
              <properties>
                <property name="retryIteration" value="0" />
                <property name="repeatIteration" value="0" />
              </properties>
            </test-case>
            <test-case id="1400" name="BlueprintEffects_StartingGoldBonus_AppliedAtStartOfRun" fullname="Lattirune.Tests.MetaProgressionIntegrationTests.BlueprintEffects_StartingGoldBonus_AppliedAtStartOfRun" methodname="BlueprintEffects_StartingGoldBonus_AppliedAtStartOfRun" classname="Lattirune.Tests.MetaProgressionIntegrationTests" runstate="Runnable" seed="1496950357" result="Passed" start-time="2026-08-20 08:11:01Z" end-time="2026-08-20 08:11:01Z" duration="0.001264" asserts="0">
              <properties>
                <property name="retryIteration" value="0" />
                <property name="repeatIteration" value="0" />
              </properties>
            </test-case>
            <test-case id="1401" name="BlueprintEffects_StartingHpBonus_AppliedAtStartOfRun" fullname="Lattirune.Tests.MetaProgressionIntegrationTests.BlueprintEffects_StartingHpBonus_AppliedAtStartOfRun" methodname="BlueprintEffects_StartingHpBonus_AppliedAtStartOfRun" classname="Lattirune.Tests.MetaProgressionIntegrationTests" runstate="Runnable" seed="601013442" result="Passed" start-time="2026-08-20 08:11:01Z" end-time="2026-08-20 08:11:01Z" duration="0.001375" asserts="0">
              <properties>
                <property name="retryIteration" value="0" />
                <property name="repeatIteration" value="0" />
              </properties>
            </test-case>
            <test-case id="1404" name="ItemUnlocks_RewardGenerator_RespectsUnlockedItemPool" fullname="Lattirune.Tests.MetaProgressionIntegrationTests.ItemUnlocks_RewardGenerator_RespectsUnlockedItemPool" methodname="ItemUnlocks_RewardGenerator_RespectsUnlockedItemPool" classname="Lattirune.Tests.MetaProgressionIntegrationTests" runstate="Runnable" seed="787646268" result="Passed" start-time="2026-08-20 08:11:01Z" end-time="2026-08-20 08:11:01Z" duration="0.001772" asserts="0">
              <properties>
                <property name="retryIteration" value="0" />
                <property name="repeatIteration" value="0" />
              </properties>
            </test-case>
            <test-case id="1406" name="PermanentUpgrades_SurviveRunDefeat_AndRunVictory" fullname="Lattirune.Tests.MetaProgressionIntegrationTests.PermanentUpgrades_SurviveRunDefeat_AndRunVictory" methodname="PermanentUpgrades_SurviveRunDefeat_AndRunVictory" classname="Lattirune.Tests.MetaProgressionIntegrationTests" runstate="Runnable" seed="1679854636" result="Passed" start-time="2026-08-20 08:11:01Z" end-time="2026-08-20 08:11:01Z" duration="0.001291" asserts="0">
              <properties>
                <property name="retryIteration" value="0" />
                <property name="repeatIteration" value="0" />
              </properties>
            </test-case>
            <test-case id="1405" name="RuneUnlocks_ComputeUnlockedRuneIds_AggregatesRuneBlueprints" fullname="Lattirune.Tests.MetaProgressionIntegrationTests.RuneUnlocks_ComputeUnlockedRuneIds_AggregatesRuneBlueprints" methodname="RuneUnlocks_ComputeUnlockedRuneIds_AggregatesRuneBlueprints" classname="Lattirune.Tests.MetaProgressionIntegrationTests" runstate="Runnable" seed="1427190041" result="Passed" start-time="2026-08-20 08:11:01Z" end-time="2026-08-20 08:11:01Z" duration="0.001514" asserts="0">
              <properties>
                <property name="retryIteration" value="0" />
                <property name="repeatIteration" value="0" />
              </properties>
            </test-case>
            <test-case id="1407" name="SaveSystem_MetaProgression_RoundtripsAccuratelyWithSaveData" fullname="Lattirune.Tests.MetaProgressionIntegrationTests.SaveSystem_MetaProgression_RoundtripsAccuratelyWithSaveData" methodname="SaveSystem_MetaProgression_RoundtripsAccuratelyWithSaveData" classname="Lattirune.Tests.MetaProgressionIntegrationTests" runstate="Runnable" seed="1080401081" result="Passed" start-time="2026-08-20 08:11:01Z" end-time="2026-08-20 08:11:01Z" duration="0.001616" asserts="0">
              <properties>
                <property name="retryIteration" value="0" />
                <property name="repeatIteration" value="0" />
              </properties>
            </test-case>
          </test-suite>
          <test-suite type="TestFixture" id="1409" name="MetaProgressionTests" fullname="Lattirune.Tests.MetaProgressionTests" classname="Lattirune.Tests.MetaProgressionTests" runstate="Runnable" testcasecount="11" result="Passed" start-time="2026-08-20 08:11:01Z" end-time="2026-08-20 08:11:01Z" duration="0.008101" total="11" passed="11" failed="0" inconclusive="0" skipped="0" asserts="0">
            <properties />
            <test-case id="1413" name="BlueprintDatabase_ContainsCanonicalBlueprints" fullname="Lattirune.Tests.MetaProgressionTests.BlueprintDatabase_ContainsCanonicalBlueprints" methodname="BlueprintDatabase_ContainsCanonicalBlueprints" classname="Lattirune.Tests.MetaProgressionTests" runstate="Runnable" seed="1729979244" result="Passed" start-time="2026-08-20 08:11:01Z" end-time="2026-08-20 08:11:01Z" duration="0.000732" asserts="0">
              <properties>
                <property name="retryIteration" value="0" />
                <property name="repeatIteration" value="0" />
              </properties>
            </test-case>
            <test-case id="1420" name="BlueprintDefinitionSO_Immutability_DoesNotMutateDuringForgeUnlocks" fullname="Lattirune.Tests.MetaProgressionTests.BlueprintDefinitionSO_Immutability_DoesNotMutateDuringForgeUnlocks" methodname="BlueprintDefinitionSO_Immutability_DoesNotMutateDuringForgeUnlocks" classname="Lattirune.Tests.MetaProgressionTests" runstate="Runnable" seed="1507215978" result="Passed" start-time="2026-08-20 08:11:01Z" end-time="2026-08-20 08:11:01Z" duration="0.000398" asserts="0">
              <properties>
                <property name="retryIteration" value="0" />
                <property name="repeatIteration" value="0" />
              </properties>
            </test-case>
            <test-case id="1415" name="BlueprintForge_DuplicateUnlock_IsRejected" fullname="Lattirune.Tests.MetaProgressionTests.BlueprintForge_DuplicateUnlock_IsRejected" methodname="BlueprintForge_DuplicateUnlock_IsRejected" classname="Lattirune.Tests.MetaProgressionTests" runstate="Runnable" seed="1449063161" result="Passed" start-time="2026-08-20 08:11:01Z" end-time="2026-08-20 08:11:01Z" duration="0.000443" asserts="0">
              <properties>
                <property name="retryIteration" value="0" />
                <property name="repeatIteration" value="0" />
              </properties>
            </test-case>
            <test-case id="1416" name="BlueprintForge_InsufficientEmbers_RejectsUnlock" fullname="Lattirune.Tests.MetaProgressionTests.BlueprintForge_InsufficientEmbers_RejectsUnlock" methodname="BlueprintForge_InsufficientEmbers_RejectsUnlock" classname="Lattirune.Tests.MetaProgressionTests" runstate="Runnable" seed="339723342" result="Passed" start-time="2026-08-20 08:11:01Z" end-time="2026-08-20 08:11:01Z" duration="0.000527" asserts="0">
              <properties>
                <property name="retryIteration" value="0" />
                <property name="repeatIteration" value="0" />
              </properties>
            </test-case>
            <test-case id="1414" name="BlueprintForge_SuccessfulUnlock_DeductsEmbers_AddsToUnlocked" fullname="Lattirune.Tests.MetaProgressionTests.BlueprintForge_SuccessfulUnlock_DeductsEmbers_AddsToUnlocked" methodname="BlueprintForge_SuccessfulUnlock_DeductsEmbers_AddsToUnlocked" classname="Lattirune.Tests.MetaProgressionTests" runstate="Runnable" seed="1610038822" result="Passed" start-time="2026-08-20 08:11:01Z" end-time="2026-08-20 08:11:01Z" duration="0.000530" asserts="0">
              <properties>
                <property name="retryIteration" value="0" />
                <property name="repeatIteration" value="0" />
              </properties>
            </test-case>
            <test-case id="1417" name="CampfireHub_LifetimeStats_RecordRunAndBossClear" fullname="Lattirune.Tests.MetaProgressionTests.CampfireHub_LifetimeStats_RecordRunAndBossClear" methodname="CampfireHub_LifetimeStats_RecordRunAndBossClear" classname="Lattirune.Tests.MetaProgressionTests" runstate="Runnable" seed="2097095959" result="Passed" start-time="2026-08-20 08:11:01Z" end-time="2026-08-20 08:11:01Z" duration="0.000510" asserts="0">
              <properties>
                <property name="retryIteration" value="0" />
                <property name="repeatIteration" value="0" />
              </properties>
            </test-case>
            <test-case id="1411" name="EmberWallet_AddAndSpend_UpdatesBalanceCorrectly" fullname="Lattirune.Tests.MetaProgressionTests.EmberWallet_AddAndSpend_UpdatesBalanceCorrectly" methodname="EmberWallet_AddAndSpend_UpdatesBalanceCorrectly" classname="Lattirune.Tests.MetaProgressionTests" runstate="Runnable" seed="714281034" result="Passed" start-time="2026-08-20 08:11:01Z" end-time="2026-08-20 08:11:01Z" duration="0.000472" asserts="0">
              <properties>
                <property name="retryIteration" value="0" />
                <property name="repeatIteration" value="0" />
              </properties>
            </test-case>
            <test-case id="1412" name="EmberWallet_InsufficientEmbers_Rejected_NoNegativeBalance" fullname="Lattirune.Tests.MetaProgressionTests.EmberWallet_InsufficientEmbers_Rejected_NoNegativeBalance" methodname="EmberWallet_InsufficientEmbers_Rejected_NoNegativeBalance" classname="Lattirune.Tests.MetaProgressionTests" runstate="Runnable" seed="2006756702" result="Passed" start-time="2026-08-20 08:11:01Z" end-time="2026-08-20 08:11:01Z" duration="0.000415" asserts="0">
              <properties>
                <property name="retryIteration" value="0" />
                <property name="repeatIteration" value="0" />
              </properties>
            </test-case>
            <test-case id="1410" name="MetaProgression_InitialState_ZeroEmbersAndStats" fullname="Lattirune.Tests.MetaProgressionTests.MetaProgression_InitialState_ZeroEmbersAndStats" methodname="MetaProgression_InitialState_ZeroEmbersAndStats" classname="Lattirune.Tests.MetaProgressionTests" runstate="Runnable" seed="2075546233" result="Passed" start-time="2026-08-20 08:11:01Z" end-time="2026-08-20 08:11:01Z" duration="0.000443" asserts="0">
              <properties>
                <property name="retryIteration" value="0" />
                <property name="repeatIteration" value="0" />
              </properties>
            </test-case>
            <test-case id="1419" name="Persistence_ExportAndImportMetaData_RoundtripsAccurately" fullname="Lattirune.Tests.MetaProgressionTests.Persistence_ExportAndImportMetaData_RoundtripsAccurately" methodname="Persistence_ExportAndImportMetaData_RoundtripsAccurately" classname="Lattirune.Tests.MetaProgressionTests" runstate="Runnable" seed="1630230202" result="Passed" start-time="2026-08-20 08:11:01Z" end-time="2026-08-20 08:11:01Z" duration="0.000835" asserts="0">
              <properties>
                <property name="retryIteration" value="0" />
                <property name="repeatIteration" value="0" />
              </properties>
            </test-case>
            <test-case id="1418" name="RunVsMetaSeparation_RunReset_PreservesPersistentEmbersAndBlueprints" fullname="Lattirune.Tests.MetaProgressionTests.RunVsMetaSeparation_RunReset_PreservesPersistentEmbersAndBlueprints" methodname="RunVsMetaSeparation_RunReset_PreservesPersistentEmbersAndBlueprints" classname="Lattirune.Tests.MetaProgressionTests" runstate="Runnable" seed="1906037152" result="Passed" start-time="2026-08-20 08:11:01Z" end-time="2026-08-20 08:11:01Z" duration="0.000882" asserts="0">
              <properties>
                <property name="retryIteration" value="0" />
                <property name="repeatIteration" value="0" />
              </properties>
            </test-case>
          </test-suite>
          <test-suite type="TestFixture" id="1421" name="MetaProgressionUITests" fullname="Lattirune.Tests.MetaProgressionUITests" classname="Lattirune.Tests.MetaProgressionUITests" runstate="Runnable" testcasecount="14" result="Passed" start-time="2026-08-20 08:11:01Z" end-time="2026-08-20 08:11:01Z" duration="0.010025" total="14" passed="14" failed="0" inconclusive="0" skipped="0" asserts="0">
            <properties />
            <test-case id="1425" name="BlueprintForge_CanonicalBlueprintListLoaded" fullname="Lattirune.Tests.MetaProgressionUITests.BlueprintForge_CanonicalBlueprintListLoaded" methodname="BlueprintForge_CanonicalBlueprintListLoaded" classname="Lattirune.Tests.MetaProgressionUITests" runstate="Runnable" seed="86684749" result="Passed" start-time="2026-08-20 08:11:01Z" end-time="2026-08-20 08:11:01Z" duration="0.000950" asserts="0">
              <properties>
                <property name="retryIteration" value="0" />
                <property name="repeatIteration" value="0" />
              </properties>
            </test-case>
            <test-case id="1432" name="BlueprintForge_Purchase_RejectsDuplicatePurchase" fullname="Lattirune.Tests.MetaProgressionUITests.BlueprintForge_Purchase_RejectsDuplicatePurchase" methodname="BlueprintForge_Purchase_RejectsDuplicatePurchase" classname="Lattirune.Tests.MetaProgressionUITests" runstate="Runnable" seed="1489720244" result="Passed" start-time="2026-08-20 08:11:01Z" end-time="2026-08-20 08:11:01Z" duration="0.000747" asserts="0">
              <properties>
                <property name="retryIteration" value="0" />
                <property name="repeatIteration" value="0" />
              </properties>
            </test-case>
            <test-case id="1431" name="BlueprintForge_Purchase_RejectsInsufficientEmbers" fullname="Lattirune.Tests.MetaProgressionUITests.BlueprintForge_Purchase_RejectsInsufficientEmbers" methodname="BlueprintForge_Purchase_RejectsInsufficientEmbers" classname="Lattirune.Tests.MetaProgressionUITests" runstate="Runnable" seed="1419406020" result="Passed" start-time="2026-08-20 08:11:01Z" end-time="2026-08-20 08:11:01Z" duration="0.000448" asserts="0">
              <properties>
                <property name="retryIteration" value="0" />
                <property name="repeatIteration" value="0" />
              </properties>
            </test-case>
            <test-case id="1430" name="BlueprintForge_PurchaseSelectedBlueprint_DeductsEmbers_AndUpdatesState" fullname="Lattirune.Tests.MetaProgressionUITests.BlueprintForge_PurchaseSelectedBlueprint_DeductsEmbers_AndUpdatesState" methodname="BlueprintForge_PurchaseSelectedBlueprint_DeductsEmbers_AndUpdatesState" classname="Lattirune.Tests.MetaProgressionUITests" runstate="Runnable" seed="1156863196" result="Passed" start-time="2026-08-20 08:11:01Z" end-time="2026-08-20 08:11:01Z" duration="0.000519" asserts="0">
              <properties>
                <property name="retryIteration" value="0" />
                <property name="repeatIteration" value="0" />
              </properties>
            </test-case>
            <test-case id="1433" name="BlueprintForge_ReflectsLoadedSaveData" fullname="Lattirune.Tests.MetaProgressionUITests.BlueprintForge_ReflectsLoadedSaveData" methodname="BlueprintForge_ReflectsLoadedSaveData" classname="Lattirune.Tests.MetaProgressionUITests" runstate="Runnable" seed="1800066788" result="Passed" start-time="2026-08-20 08:11:01Z" end-time="2026-08-20 08:11:01Z" duration="0.000635" asserts="0">
              <properties>
                <property name="retryIteration" value="0" />
                <property name="repeatIteration" value="0" />
              </properties>
            </test-case>
            <test-case id="1426" name="BlueprintForge_State_Available_WhenAffordable" fullname="Lattirune.Tests.MetaProgressionUITests.BlueprintForge_State_Available_WhenAffordable" methodname="BlueprintForge_State_Available_WhenAffordable" classname="Lattirune.Tests.MetaProgressionUITests" runstate="Runnable" seed="30437832" result="Passed" start-time="2026-08-20 08:11:01Z" end-time="2026-08-20 08:11:01Z" duration="0.000451" asserts="0">
              <properties>
                <property name="retryIteration" value="0" />
                <property name="repeatIteration" value="0" />
              </properties>
            </test-case>
            <test-case id="1427" name="BlueprintForge_State_InsufficientEmbers_WhenCannotAfford" fullname="Lattirune.Tests.MetaProgressionUITests.BlueprintForge_State_InsufficientEmbers_WhenCannotAfford" methodname="BlueprintForge_State_InsufficientEmbers_WhenCannotAfford" classname="Lattirune.Tests.MetaProgressionUITests" runstate="Runnable" seed="2141804" result="Passed" start-time="2026-08-20 08:11:01Z" end-time="2026-08-20 08:11:01Z" duration="0.000426" asserts="0">
              <properties>
                <property name="retryIteration" value="0" />
                <property name="repeatIteration" value="0" />
              </properties>
            </test-case>
            <test-case id="1429" name="BlueprintForge_State_Locked_WhenPrerequisitesMissing" fullname="Lattirune.Tests.MetaProgressionUITests.BlueprintForge_State_Locked_WhenPrerequisitesMissing" methodname="BlueprintForge_State_Locked_WhenPrerequisitesMissing" classname="Lattirune.Tests.MetaProgressionUITests" runstate="Runnable" seed="205703962" result="Passed" start-time="2026-08-20 08:11:01Z" end-time="2026-08-20 08:11:01Z" duration="0.000474" asserts="0">
              <properties>
                <property name="retryIteration" value="0" />
                <property name="repeatIteration" value="0" />
              </properties>
            </test-case>
            <test-case id="1428" name="BlueprintForge_State_Unlocked_WhenAlreadyPurchased" fullname="Lattirune.Tests.MetaProgressionUITests.BlueprintForge_State_Unlocked_WhenAlreadyPurchased" methodname="BlueprintForge_State_Unlocked_WhenAlreadyPurchased" classname="Lattirune.Tests.MetaProgressionUITests" runstate="Runnable" seed="1737696310" result="Passed" start-time="2026-08-20 08:11:01Z" end-time="2026-08-20 08:11:01Z" duration="0.000431" asserts="0">
              <properties>
                <property name="retryIteration" value="0" />
                <property name="repeatIteration" value="0" />
              </properties>
            </test-case>
            <test-case id="1423" name="CampfireHub_DisplaysBlueprintCountsCorrectly" fullname="Lattirune.Tests.MetaProgressionUITests.CampfireHub_DisplaysBlueprintCountsCorrectly" methodname="CampfireHub_DisplaysBlueprintCountsCorrectly" classname="Lattirune.Tests.MetaProgressionUITests" runstate="Runnable" seed="1221450767" result="Passed" start-time="2026-08-20 08:11:01Z" end-time="2026-08-20 08:11:01Z" duration="0.000492" asserts="0">
              <properties>
                <property name="retryIteration" value="0" />
                <property name="repeatIteration" value="0" />
              </properties>
            </test-case>
            <test-case id="1422" name="CampfireHub_DisplaysEmberBalanceCorrectly" fullname="Lattirune.Tests.MetaProgressionUITests.CampfireHub_DisplaysEmberBalanceCorrectly" methodname="CampfireHub_DisplaysEmberBalanceCorrectly" classname="Lattirune.Tests.MetaProgressionUITests" runstate="Runnable" seed="256114378" result="Passed" start-time="2026-08-20 08:11:01Z" end-time="2026-08-20 08:11:01Z" duration="0.000489" asserts="0">
              <properties>
                <property name="retryIteration" value="0" />
                <property name="repeatIteration" value="0" />
              </properties>
            </test-case>
            <test-case id="1424" name="CampfireHub_OpenAndCloseForge_TogglesForgeState" fullname="Lattirune.Tests.MetaProgressionUITests.CampfireHub_OpenAndCloseForge_TogglesForgeState" methodname="CampfireHub_OpenAndCloseForge_TogglesForgeState" classname="Lattirune.Tests.MetaProgressionUITests" runstate="Runnable" seed="1663255834" result="Passed" start-time="2026-08-20 08:11:01Z" end-time="2026-08-20 08:11:01Z" duration="0.000583" asserts="0">
              <properties>
                <property name="retryIteration" value="0" />
                <property name="repeatIteration" value="0" />
              </properties>
            </test-case>
            <test-case id="1434" name="CampfireHub_ResetRun_PreservesHubStateAndEmbers" fullname="Lattirune.Tests.MetaProgressionUITests.CampfireHub_ResetRun_PreservesHubStateAndEmbers" methodname="CampfireHub_ResetRun_PreservesHubStateAndEmbers" classname="Lattirune.Tests.MetaProgressionUITests" runstate="Runnable" seed="921809708" result="Passed" start-time="2026-08-20 08:11:01Z" end-time="2026-08-20 08:11:01Z" duration="0.000890" asserts="0">
              <properties>
                <property name="retryIteration" value="0" />
                <property name="repeatIteration" value="0" />
              </properties>
            </test-case>
            <test-case id="1435" name="TouchTargets_MeetMinimum52dpRequirement" fullname="Lattirune.Tests.MetaProgressionUITests.TouchTargets_MeetMinimum52dpRequirement" methodname="TouchTargets_MeetMinimum52dpRequirement" classname="Lattirune.Tests.MetaProgressionUITests" runstate="Runnable" seed="64254599" result="Passed" start-time="2026-08-20 08:11:01Z" end-time="2026-08-20 08:11:01Z" duration="0.000617" asserts="0">
              <properties>
                <property name="retryIteration" value="0" />
                <property name="repeatIteration" value="0" />
              </properties>
              <reason>
                <message><![CDATA[]]></message>
              </reason>
            </test-case>
          </test-suite>
          <test-suite type="TestFixture" id="1436" name="MobileUIFlowTests" fullname="Lattirune.Tests.MobileUIFlowTests" classname="Lattirune.Tests.MobileUIFlowTests" runstate="Runnable" testcasecount="14" result="Passed" start-time="2026-08-20 08:11:01Z" end-time="2026-08-20 08:11:01Z" duration="0.015883" total="14" passed="14" failed="0" inconclusive="0" skipped="0" asserts="0">
            <properties />
            <test-case id="1444" name="MainMenu_OpenCampfireHub_NavigatesToHub" fullname="Lattirune.Tests.MobileUIFlowTests.MainMenu_OpenCampfireHub_NavigatesToHub" methodname="MainMenu_OpenCampfireHub_NavigatesToHub" classname="Lattirune.Tests.MobileUIFlowTests" runstate="Runnable" seed="2025169651" result="Passed" start-time="2026-08-20 08:11:01Z" end-time="2026-08-20 08:11:01Z" duration="0.001935" asserts="0">
              <properties>
                <property name="retryIteration" value="0" />
                <property name="repeatIteration" value="0" />
              </properties>
            </test-case>
            <test-case id="1445" name="MainMenu_OpenSettings_NavigatesToSettings" fullname="Lattirune.Tests.MobileUIFlowTests.MainMenu_OpenSettings_NavigatesToSettings" methodname="MainMenu_OpenSettings_NavigatesToSettings" classname="Lattirune.Tests.MobileUIFlowTests" runstate="Runnable" seed="1708607712" result="Passed" start-time="2026-08-20 08:11:01Z" end-time="2026-08-20 08:11:01Z" duration="0.000963" asserts="0">
              <properties>
                <property name="retryIteration" value="0" />
                <property name="repeatIteration" value="0" />
              </properties>
            </test-case>
            <test-case id="1443" name="MainMenu_StartNewRun_InitializesRunAndNavigatesToGridBuild" fullname="Lattirune.Tests.MobileUIFlowTests.MainMenu_StartNewRun_InitializesRunAndNavigatesToGridBuild" methodname="MainMenu_StartNewRun_InitializesRunAndNavigatesToGridBuild" classname="Lattirune.Tests.MobileUIFlowTests" runstate="Runnable" seed="346275346" result="Passed" start-time="2026-08-20 08:11:01Z" end-time="2026-08-20 08:11:01Z" duration="0.001088" asserts="0">
              <properties>
                <property name="retryIteration" value="0" />
                <property name="repeatIteration" value="0" />
              </properties>
            </test-case>
            <test-case id="1437" name="Navigation_InitialScreen_IsMainMenu" fullname="Lattirune.Tests.MobileUIFlowTests.Navigation_InitialScreen_IsMainMenu" methodname="Navigation_InitialScreen_IsMainMenu" classname="Lattirune.Tests.MobileUIFlowTests" runstate="Runnable" seed="1638837160" result="Passed" start-time="2026-08-20 08:11:01Z" end-time="2026-08-20 08:11:01Z" duration="0.000873" asserts="0">
              <properties>
                <property name="retryIteration" value="0" />
                <property name="repeatIteration" value="0" />
              </properties>
            </test-case>
            <test-case id="1440" name="Navigation_NavigateBack_FromCombat_IsBlockedForSafety" fullname="Lattirune.Tests.MobileUIFlowTests.Navigation_NavigateBack_FromCombat_IsBlockedForSafety" methodname="Navigation_NavigateBack_FromCombat_IsBlockedForSafety" classname="Lattirune.Tests.MobileUIFlowTests" runstate="Runnable" seed="161754291" result="Passed" start-time="2026-08-20 08:11:01Z" end-time="2026-08-20 08:11:01Z" duration="0.000906" asserts="0">
              <properties>
                <property name="retryIteration" value="0" />
                <property name="repeatIteration" value="0" />
              </properties>
            </test-case>
            <test-case id="1441" name="Navigation_NavigateBack_FromForge_ReturnsToHub" fullname="Lattirune.Tests.MobileUIFlowTests.Navigation_NavigateBack_FromForge_ReturnsToHub" methodname="Navigation_NavigateBack_FromForge_ReturnsToHub" classname="Lattirune.Tests.MobileUIFlowTests" runstate="Runnable" seed="1617386239" result="Passed" start-time="2026-08-20 08:11:01Z" end-time="2026-08-20 08:11:01Z" duration="0.000904" asserts="0">
              <properties>
                <property name="retryIteration" value="0" />
                <property name="repeatIteration" value="0" />
              </properties>
            </test-case>
            <test-case id="1442" name="Navigation_NavigateBack_FromHub_ReturnsToMainMenu" fullname="Lattirune.Tests.MobileUIFlowTests.Navigation_NavigateBack_FromHub_ReturnsToMainMenu" methodname="Navigation_NavigateBack_FromHub_ReturnsToMainMenu" classname="Lattirune.Tests.MobileUIFlowTests" runstate="Runnable" seed="822355828" result="Passed" start-time="2026-08-20 08:11:01Z" end-time="2026-08-20 08:11:01Z" duration="0.000826" asserts="0">
              <properties>
                <property name="retryIteration" value="0" />
                <property name="repeatIteration" value="0" />
              </properties>
            </test-case>
            <test-case id="1439" name="Navigation_NavigateBack_PopsHistory" fullname="Lattirune.Tests.MobileUIFlowTests.Navigation_NavigateBack_PopsHistory" methodname="Navigation_NavigateBack_PopsHistory" classname="Lattirune.Tests.MobileUIFlowTests" runstate="Runnable" seed="1954967673" result="Passed" start-time="2026-08-20 08:11:01Z" end-time="2026-08-20 08:11:01Z" duration="0.000809" asserts="0">
              <properties>
                <property name="retryIteration" value="0" />
                <property name="repeatIteration" value="0" />
              </properties>
            </test-case>
            <test-case id="1438" name="Navigation_NavigateTo_PushesHistoryAndUpdatesScreen" fullname="Lattirune.Tests.MobileUIFlowTests.Navigation_NavigateTo_PushesHistoryAndUpdatesScreen" methodname="Navigation_NavigateTo_PushesHistoryAndUpdatesScreen" classname="Lattirune.Tests.MobileUIFlowTests" runstate="Runnable" seed="1910938028" result="Passed" start-time="2026-08-20 08:11:01Z" end-time="2026-08-20 08:11:01Z" duration="0.000891" asserts="0">
              <properties>
                <property name="retryIteration" value="0" />
                <property name="repeatIteration" value="0" />
              </properties>
            </test-case>
            <test-case id="1447" name="RunComplete_ReturnToCampfireHub_ResetsRunAndNavigatesToHub" fullname="Lattirune.Tests.MobileUIFlowTests.RunComplete_ReturnToCampfireHub_ResetsRunAndNavigatesToHub" methodname="RunComplete_ReturnToCampfireHub_ResetsRunAndNavigatesToHub" classname="Lattirune.Tests.MobileUIFlowTests" runstate="Runnable" seed="2093069195" result="Passed" start-time="2026-08-20 08:11:01Z" end-time="2026-08-20 08:11:01Z" duration="0.001014" asserts="0">
              <properties>
                <property name="retryIteration" value="0" />
                <property name="repeatIteration" value="0" />
              </properties>
            </test-case>
            <test-case id="1446" name="RunComplete_SetupSummary_DisplaysAccurateStats" fullname="Lattirune.Tests.MobileUIFlowTests.RunComplete_SetupSummary_DisplaysAccurateStats" methodname="RunComplete_SetupSummary_DisplaysAccurateStats" classname="Lattirune.Tests.MobileUIFlowTests" runstate="Runnable" seed="912582019" result="Passed" start-time="2026-08-20 08:11:01Z" end-time="2026-08-20 08:11:01Z" duration="0.000880" asserts="0">
              <properties>
                <property name="retryIteration" value="0" />
                <property name="repeatIteration" value="0" />
              </properties>
            </test-case>
            <test-case id="1449" name="ScreenFlow_CompleteRunCycle_FromMenuToBossAndBackToHub" fullname="Lattirune.Tests.MobileUIFlowTests.ScreenFlow_CompleteRunCycle_FromMenuToBossAndBackToHub" methodname="ScreenFlow_CompleteRunCycle_FromMenuToBossAndBackToHub" classname="Lattirune.Tests.MobileUIFlowTests" runstate="Runnable" seed="1506843098" result="Passed" start-time="2026-08-20 08:11:01Z" end-time="2026-08-20 08:11:01Z" duration="0.001036" asserts="0">
              <properties>
                <property name="retryIteration" value="0" />
                <property name="repeatIteration" value="0" />
              </properties>
            </test-case>
            <test-case id="1448" name="Settings_VolumeSlidersAndToggles_UpdateCorrectly" fullname="Lattirune.Tests.MobileUIFlowTests.Settings_VolumeSlidersAndToggles_UpdateCorrectly" methodname="Settings_VolumeSlidersAndToggles_UpdateCorrectly" classname="Lattirune.Tests.MobileUIFlowTests" runstate="Runnable" seed="1728796208" result="Passed" start-time="2026-08-20 08:11:01Z" end-time="2026-08-20 08:11:01Z" duration="0.000985" asserts="0">
              <properties>
                <property name="retryIteration" value="0" />
                <property name="repeatIteration" value="0" />
              </properties>
            </test-case>
            <test-case id="1450" name="TouchTargets_Meet52dpStandardAcrossAllControllers" fullname="Lattirune.Tests.MobileUIFlowTests.TouchTargets_Meet52dpStandardAcrossAllControllers" methodname="TouchTargets_Meet52dpStandardAcrossAllControllers" classname="Lattirune.Tests.MobileUIFlowTests" runstate="Runnable" seed="1498487858" result="Passed" start-time="2026-08-20 08:11:01Z" end-time="2026-08-20 08:11:01Z" duration="0.000924" asserts="0">
              <properties>
                <property name="retryIteration" value="0" />
                <property name="repeatIteration" value="0" />
              </properties>
              <reason>
                <message><![CDATA[]]></message>
              </reason>
            </test-case>
          </test-suite>
          <test-suite type="TestFixture" id="1451" name="MonetizationServiceTests" fullname="Lattirune.Tests.MonetizationServiceTests" classname="Lattirune.Tests.MonetizationServiceTests" runstate="Runnable" testcasecount="3" result="Passed" start-time="2026-08-20 08:11:01Z" end-time="2026-08-20 08:11:01Z" duration="0.002791" total="3" passed="3" failed="0" inconclusive="0" skipped="0" asserts="0">
            <properties />
            <test-case id="1453" name="PurchaseNoAds_GrantsInstantEntitlement" fullname="Lattirune.Tests.MonetizationServiceTests.PurchaseNoAds_GrantsInstantEntitlement" methodname="PurchaseNoAds_GrantsInstantEntitlement" classname="Lattirune.Tests.MonetizationServiceTests" runstate="Runnable" seed="203845095" result="Passed" start-time="2026-08-20 08:11:01Z" end-time="2026-08-20 08:11:01Z" duration="0.000431" asserts="0">
              <properties>
                <property name="retryIteration" value="0" />
                <property name="repeatIteration" value="0" />
              </properties>
            </test-case>
            <test-case id="1452" name="RewardedAd_InvokesRewardCallbackSuccessfully" fullname="Lattirune.Tests.MonetizationServiceTests.RewardedAd_InvokesRewardCallbackSuccessfully" methodname="RewardedAd_InvokesRewardCallbackSuccessfully" classname="Lattirune.Tests.MonetizationServiceTests" runstate="Runnable" seed="44152275" result="Passed" start-time="2026-08-20 08:11:01Z" end-time="2026-08-20 08:11:01Z" duration="0.000307" asserts="0">
              <properties>
                <property name="retryIteration" value="0" />
                <property name="repeatIteration" value="0" />
              </properties>
            </test-case>
            <test-case id="1454" name="RunManager_RevivePlayer_RestoresHpAndEnforcesSingleUsePerRun" fullname="Lattirune.Tests.MonetizationServiceTests.RunManager_RevivePlayer_RestoresHpAndEnforcesSingleUsePerRun" methodname="RunManager_RevivePlayer_RestoresHpAndEnforcesSingleUsePerRun" classname="Lattirune.Tests.MonetizationServiceTests" runstate="Runnable" seed="648191759" result="Passed" start-time="2026-08-20 08:11:01Z" end-time="2026-08-20 08:11:01Z" duration="0.001213" asserts="0">
              <properties>
                <property name="retryIteration" value="0" />
                <property name="repeatIteration" value="0" />
              </properties>
            </test-case>
          </test-suite>
          <test-suite type="TestFixture" id="1455" name="MonteCarloBalanceSimulationTests" fullname="Lattirune.Tests.MonteCarloBalanceSimulationTests" classname="Lattirune.Tests.MonteCarloBalanceSimulationTests" runstate="Runnable" testcasecount="1" result="Passed" start-time="2026-08-20 08:11:01Z" end-time="2026-08-20 08:11:01Z" duration="0.009412" total="1" passed="1" failed="0" inconclusive="0" skipped="0" asserts="0">
            <properties />
            <test-case id="1456" name="MonteCarlo_1000Runs_SimulatesWithZeroCrashesAndBalancedWinRates" fullname="Lattirune.Tests.MonteCarloBalanceSimulationTests.MonteCarlo_1000Runs_SimulatesWithZeroCrashesAndBalancedWinRates" methodname="MonteCarlo_1000Runs_SimulatesWithZeroCrashesAndBalancedWinRates" classname="Lattirune.Tests.MonteCarloBalanceSimulationTests" runstate="Runnable" seed="535452814" result="Passed" start-time="2026-08-20 08:11:01Z" end-time="2026-08-20 08:11:01Z" duration="0.008884" asserts="0">
              <properties>
                <property name="retryIteration" value="0" />
                <property name="repeatIteration" value="0" />
              </properties>
              <output><![CDATA[[MONTE CARLO STATS] Base: Monte Carlo Results: 119/1000 Cleared (121%) | Avg Floor: 82 | Avg DPS: 191
[MONTE CARLO STATS] Upgraded: Monte Carlo Results: 250/1000 Cleared (251%) | Avg Floor: 92 | Avg DPS: 251
]]></output>
            </test-case>
          </test-suite>
          <test-suite type="TestFixture" id="1457" name="MvpBalanceAuditTests" fullname="Lattirune.Tests.MvpBalanceAuditTests" classname="Lattirune.Tests.MvpBalanceAuditTests" runstate="Runnable" testcasecount="14" result="Failed" site="Child" start-time="2026-08-20 08:11:01Z" end-time="2026-08-20 08:11:01Z" duration="0.009340" total="14" passed="13" failed="1" inconclusive="0" skipped="0" asserts="0">
            <properties />
            <failure>
              <message><![CDATA[One or more child tests had errors]]></message>
            </failure>
            <test-case id="1471" name="ChainReaction_RecursionDepthLimit_ClampedAtFour" fullname="Lattirune.Tests.MvpBalanceAuditTests.ChainReaction_RecursionDepthLimit_ClampedAtFour" methodname="ChainReaction_RecursionDepthLimit_ClampedAtFour" classname="Lattirune.Tests.MvpBalanceAuditTests" runstate="Runnable" seed="1634181972" result="Passed" start-time="2026-08-20 08:11:01Z" end-time="2026-08-20 08:11:01Z" duration="0.000344" asserts="0">
              <properties>
                <property name="retryIteration" value="0" />
                <property name="repeatIteration" value="0" />
              </properties>
            </test-case>
            <test-case id="1464" name="CombatDamagePipeline_MatchesPlanSection9_2" fullname="Lattirune.Tests.MvpBalanceAuditTests.CombatDamagePipeline_MatchesPlanSection9_2" methodname="CombatDamagePipeline_MatchesPlanSection9_2" classname="Lattirune.Tests.MvpBalanceAuditTests" runstate="Runnable" seed="492716348" result="Passed" start-time="2026-08-20 08:11:01Z" end-time="2026-08-20 08:11:01Z" duration="0.000241" asserts="0">
              <properties>
                <property name="retryIteration" value="0" />
                <property name="repeatIteration" value="0" />
              </properties>
            </test-case>
            <test-case id="1465" name="CombatSpeedMultipliers_SupportedValues_1x_2x_3x" fullname="Lattirune.Tests.MvpBalanceAuditTests.CombatSpeedMultipliers_SupportedValues_1x_2x_3x" methodname="CombatSpeedMultipliers_SupportedValues_1x_2x_3x" classname="Lattirune.Tests.MvpBalanceAuditTests" runstate="Runnable" seed="347910743" result="Passed" start-time="2026-08-20 08:11:01Z" end-time="2026-08-20 08:11:01Z" duration="0.000677" asserts="0">
              <properties>
                <property name="retryIteration" value="0" />
                <property name="repeatIteration" value="0" />
              </properties>
              <output><![CDATA[[Lattirune.Combat] Unsupported combat speed multiplier: 5. Only 1.0x, 2.0x, and 3.0x are supported.
]]></output>
            </test-case>
            <test-case id="1468" name="DungeonTopology_10Floors_MatchPlanSection11" fullname="Lattirune.Tests.MvpBalanceAuditTests.DungeonTopology_10Floors_MatchPlanSection11" methodname="DungeonTopology_10Floors_MatchPlanSection11" classname="Lattirune.Tests.MvpBalanceAuditTests" runstate="Runnable" seed="947145672" result="Failed" start-time="2026-08-20 08:11:01Z" end-time="2026-08-20 08:11:01Z" duration="0.000771" asserts="0">
              <properties>
                <property name="retryIteration" value="0" />
                <property name="repeatIteration" value="0" />
              </properties>
              <failure>
                <message><![CDATA[  Expected string length 23 but was 21. Strings differ at index 9.
  Expected: "Floor 6: Treasure Vault"
  But was:  "Floor 6: Shadow Vault"
  --------------------^
]]></message>
                <stack-trace><![CDATA[at Lattirune.Tests.MvpBalanceAuditTests.DungeonTopology_10Floors_MatchPlanSection11 () [0x0008b] in C:\GAME PLAN\Assets\_Project\Tests\MvpBalanceAuditTests.cs:428
]]></stack-trace>
              </failure>
            </test-case>
            <test-case id="1469" name="Economy_DropRangesAndPrices_MatchPlanSection13_1" fullname="Lattirune.Tests.MvpBalanceAuditTests.Economy_DropRangesAndPrices_MatchPlanSection13_1" methodname="Economy_DropRangesAndPrices_MatchPlanSection13_1" classname="Lattirune.Tests.MvpBalanceAuditTests" runstate="Runnable" seed="1310689045" result="Passed" start-time="2026-08-20 08:11:01Z" end-time="2026-08-20 08:11:01Z" duration="0.000573" asserts="0">
              <properties>
                <property name="retryIteration" value="0" />
                <property name="repeatIteration" value="0" />
              </properties>
            </test-case>
            <test-case id="1463" name="ElementalReactions_SymmetricPairs_MatchPlanSection8" fullname="Lattirune.Tests.MvpBalanceAuditTests.ElementalReactions_SymmetricPairs_MatchPlanSection8" methodname="ElementalReactions_SymmetricPairs_MatchPlanSection8" classname="Lattirune.Tests.MvpBalanceAuditTests" runstate="Runnable" seed="1301335999" result="Passed" start-time="2026-08-20 08:11:01Z" end-time="2026-08-20 08:11:01Z" duration="0.000362" asserts="0">
              <properties>
                <property name="retryIteration" value="0" />
                <property name="repeatIteration" value="0" />
              </properties>
            </test-case>
            <test-case id="1466" name="EnemyBestiary_StatProfiles_MatchPlanSection10" fullname="Lattirune.Tests.MvpBalanceAuditTests.EnemyBestiary_StatProfiles_MatchPlanSection10" methodname="EnemyBestiary_StatProfiles_MatchPlanSection10" classname="Lattirune.Tests.MvpBalanceAuditTests" runstate="Runnable" seed="616776507" result="Passed" start-time="2026-08-20 08:11:01Z" end-time="2026-08-20 08:11:01Z" duration="0.000623" asserts="0">
              <properties>
                <property name="retryIteration" value="0" />
                <property name="repeatIteration" value="0" />
              </properties>
            </test-case>
            <test-case id="1470" name="Inventory_CapacityAndExpansionLimits_MatchPlan" fullname="Lattirune.Tests.MvpBalanceAuditTests.Inventory_CapacityAndExpansionLimits_MatchPlan" methodname="Inventory_CapacityAndExpansionLimits_MatchPlan" classname="Lattirune.Tests.MvpBalanceAuditTests" runstate="Runnable" seed="735922681" result="Passed" start-time="2026-08-20 08:11:01Z" end-time="2026-08-20 08:11:01Z" duration="0.000220" asserts="0">
              <properties>
                <property name="retryIteration" value="0" />
                <property name="repeatIteration" value="0" />
              </properties>
            </test-case>
            <test-case id="1460" name="ItemBalance_RelicsAndConsumables_MatchPlanSection6_1" fullname="Lattirune.Tests.MvpBalanceAuditTests.ItemBalance_RelicsAndConsumables_MatchPlanSection6_1" methodname="ItemBalance_RelicsAndConsumables_MatchPlanSection6_1" classname="Lattirune.Tests.MvpBalanceAuditTests" runstate="Runnable" seed="1318052927" result="Passed" start-time="2026-08-20 08:11:01Z" end-time="2026-08-20 08:11:01Z" duration="0.000711" asserts="0">
              <properties>
                <property name="retryIteration" value="0" />
                <property name="repeatIteration" value="0" />
              </properties>
            </test-case>
            <test-case id="1459" name="ItemBalance_ShieldsAndArmor_MatchPlanSection6_1" fullname="Lattirune.Tests.MvpBalanceAuditTests.ItemBalance_ShieldsAndArmor_MatchPlanSection6_1" methodname="ItemBalance_ShieldsAndArmor_MatchPlanSection6_1" classname="Lattirune.Tests.MvpBalanceAuditTests" runstate="Runnable" seed="224998917" result="Passed" start-time="2026-08-20 08:11:01Z" end-time="2026-08-20 08:11:01Z" duration="0.000856" asserts="0">
              <properties>
                <property name="retryIteration" value="0" />
                <property name="repeatIteration" value="0" />
              </properties>
            </test-case>
            <test-case id="1458" name="ItemBalance_Weapons_MatchPlanSection6_1" fullname="Lattirune.Tests.MvpBalanceAuditTests.ItemBalance_Weapons_MatchPlanSection6_1" methodname="ItemBalance_Weapons_MatchPlanSection6_1" classname="Lattirune.Tests.MvpBalanceAuditTests" runstate="Runnable" seed="287390324" result="Passed" start-time="2026-08-20 08:11:01Z" end-time="2026-08-20 08:11:01Z" duration="0.000895" asserts="0">
              <properties>
                <property name="retryIteration" value="0" />
                <property name="repeatIteration" value="0" />
              </properties>
            </test-case>
            <test-case id="1467" name="LichLordBoss_StatProfileAndPhases_MatchPlanSection10" fullname="Lattirune.Tests.MvpBalanceAuditTests.LichLordBoss_StatProfileAndPhases_MatchPlanSection10" methodname="LichLordBoss_StatProfileAndPhases_MatchPlanSection10" classname="Lattirune.Tests.MvpBalanceAuditTests" runstate="Runnable" seed="2055751219" result="Passed" start-time="2026-08-20 08:11:01Z" end-time="2026-08-20 08:11:01Z" duration="0.000441" asserts="0">
              <properties>
                <property name="retryIteration" value="0" />
                <property name="repeatIteration" value="0" />
              </properties>
            </test-case>
            <test-case id="1462" name="MasterSynergies_MatchPlanSection7_1" fullname="Lattirune.Tests.MvpBalanceAuditTests.MasterSynergies_MatchPlanSection7_1" methodname="MasterSynergies_MatchPlanSection7_1" classname="Lattirune.Tests.MvpBalanceAuditTests" runstate="Runnable" seed="280541643" result="Passed" start-time="2026-08-20 08:11:01Z" end-time="2026-08-20 08:11:01Z" duration="0.000335" asserts="0">
              <properties>
                <property name="retryIteration" value="0" />
                <property name="repeatIteration" value="0" />
              </properties>
            </test-case>
            <test-case id="1461" name="RuneBalance_Canonical10Runes_MatchPlanSection5_1" fullname="Lattirune.Tests.MvpBalanceAuditTests.RuneBalance_Canonical10Runes_MatchPlanSection5_1" methodname="RuneBalance_Canonical10Runes_MatchPlanSection5_1" classname="Lattirune.Tests.MvpBalanceAuditTests" runstate="Runnable" seed="293151630" result="Passed" start-time="2026-08-20 08:11:01Z" end-time="2026-08-20 08:11:01Z" duration="0.000641" asserts="0">
              <properties>
                <property name="retryIteration" value="0" />
                <property name="repeatIteration" value="0" />
              </properties>
            </test-case>
          </test-suite>
          <test-suite type="TestFixture" id="1472" name="MvpFinalHandoffTests" fullname="Lattirune.Tests.MvpFinalHandoffTests" classname="Lattirune.Tests.MvpFinalHandoffTests" runstate="Runnable" testcasecount="16" result="Passed" start-time="2026-08-20 08:11:01Z" end-time="2026-08-20 08:11:01Z" duration="0.004474" total="16" passed="16" failed="0" inconclusive="0" skipped="0" asserts="0">
            <properties />
            <test-case id="1483" name="FinalHandoff_ExternalActionTrackerDoc_Exists" fullname="Lattirune.Tests.MvpFinalHandoffTests.FinalHandoff_ExternalActionTrackerDoc_Exists" methodname="FinalHandoff_ExternalActionTrackerDoc_Exists" classname="Lattirune.Tests.MvpFinalHandoffTests" runstate="Runnable" seed="1988762983" result="Passed" start-time="2026-08-20 08:11:01Z" end-time="2026-08-20 08:11:01Z" duration="0.000319" asserts="0">
              <properties>
                <property name="retryIteration" value="0" />
                <property name="repeatIteration" value="0" />
              </properties>
            </test-case>
            <test-case id="1484" name="FinalHandoff_FinalHandoffDoc_Exists" fullname="Lattirune.Tests.MvpFinalHandoffTests.FinalHandoff_FinalHandoffDoc_Exists" methodname="FinalHandoff_FinalHandoffDoc_Exists" classname="Lattirune.Tests.MvpFinalHandoffTests" runstate="Runnable" seed="1959171053" result="Passed" start-time="2026-08-20 08:11:01Z" end-time="2026-08-20 08:11:01Z" duration="0.000168" asserts="0">
              <properties>
                <property name="retryIteration" value="0" />
                <property name="repeatIteration" value="0" />
              </properties>
            </test-case>
            <test-case id="1480" name="FinalHandoff_ManualQAChecklistDoc_Exists" fullname="Lattirune.Tests.MvpFinalHandoffTests.FinalHandoff_ManualQAChecklistDoc_Exists" methodname="FinalHandoff_ManualQAChecklistDoc_Exists" classname="Lattirune.Tests.MvpFinalHandoffTests" runstate="Runnable" seed="492547932" result="Passed" start-time="2026-08-20 08:11:01Z" end-time="2026-08-20 08:11:01Z" duration="0.000154" asserts="0">
              <properties>
                <property name="retryIteration" value="0" />
                <property name="repeatIteration" value="0" />
              </properties>
            </test-case>
            <test-case id="1486" name="FinalHandoff_NoAabTracked_ByGit" fullname="Lattirune.Tests.MvpFinalHandoffTests.FinalHandoff_NoAabTracked_ByGit" methodname="FinalHandoff_NoAabTracked_ByGit" classname="Lattirune.Tests.MvpFinalHandoffTests" runstate="Runnable" seed="1883187982" result="Passed" start-time="2026-08-20 08:11:01Z" end-time="2026-08-20 08:11:01Z" duration="0.000146" asserts="0">
              <properties>
                <property name="retryIteration" value="0" />
                <property name="repeatIteration" value="0" />
              </properties>
            </test-case>
            <test-case id="1485" name="FinalHandoff_NoApkTracked_ByGit" fullname="Lattirune.Tests.MvpFinalHandoffTests.FinalHandoff_NoApkTracked_ByGit" methodname="FinalHandoff_NoApkTracked_ByGit" classname="Lattirune.Tests.MvpFinalHandoffTests" runstate="Runnable" seed="856699668" result="Passed" start-time="2026-08-20 08:11:01Z" end-time="2026-08-20 08:11:01Z" duration="0.000141" asserts="0">
              <properties>
                <property name="retryIteration" value="0" />
                <property name="repeatIteration" value="0" />
              </properties>
            </test-case>
            <test-case id="1487" name="FinalHandoff_NoKeystoreTracked_ByGit" fullname="Lattirune.Tests.MvpFinalHandoffTests.FinalHandoff_NoKeystoreTracked_ByGit" methodname="FinalHandoff_NoKeystoreTracked_ByGit" classname="Lattirune.Tests.MvpFinalHandoffTests" runstate="Runnable" seed="1156511570" result="Passed" start-time="2026-08-20 08:11:01Z" end-time="2026-08-20 08:11:01Z" duration="0.000130" asserts="0">
              <properties>
                <property name="retryIteration" value="0" />
                <property name="repeatIteration" value="0" />
              </properties>
            </test-case>
            <test-case id="1488" name="FinalHandoff_NoSigningCredentialsTracked_ByGit" fullname="Lattirune.Tests.MvpFinalHandoffTests.FinalHandoff_NoSigningCredentialsTracked_ByGit" methodname="FinalHandoff_NoSigningCredentialsTracked_ByGit" classname="Lattirune.Tests.MvpFinalHandoffTests" runstate="Runnable" seed="992955415" result="Passed" start-time="2026-08-20 08:11:01Z" end-time="2026-08-20 08:11:01Z" duration="0.000161" asserts="0">
              <properties>
                <property name="retryIteration" value="0" />
                <property name="repeatIteration" value="0" />
              </properties>
            </test-case>
            <test-case id="1473" name="FinalHandoff_PackageIdentifier_Matches" fullname="Lattirune.Tests.MvpFinalHandoffTests.FinalHandoff_PackageIdentifier_Matches" methodname="FinalHandoff_PackageIdentifier_Matches" classname="Lattirune.Tests.MvpFinalHandoffTests" runstate="Runnable" seed="1917411637" result="Passed" start-time="2026-08-20 08:11:01Z" end-time="2026-08-20 08:11:01Z" duration="0.000141" asserts="0">
              <properties>
                <property name="retryIteration" value="0" />
                <property name="repeatIteration" value="0" />
              </properties>
            </test-case>
            <test-case id="1482" name="FinalHandoff_PrivacyPolicyDoc_Exists" fullname="Lattirune.Tests.MvpFinalHandoffTests.FinalHandoff_PrivacyPolicyDoc_Exists" methodname="FinalHandoff_PrivacyPolicyDoc_Exists" classname="Lattirune.Tests.MvpFinalHandoffTests" runstate="Runnable" seed="768308276" result="Passed" start-time="2026-08-20 08:11:01Z" end-time="2026-08-20 08:11:01Z" duration="0.000138" asserts="0">
              <properties>
                <property name="retryIteration" value="0" />
                <property name="repeatIteration" value="0" />
              </properties>
            </test-case>
            <test-case id="1477" name="FinalHandoff_ReleaseManifestDoc_Exists" fullname="Lattirune.Tests.MvpFinalHandoffTests.FinalHandoff_ReleaseManifestDoc_Exists" methodname="FinalHandoff_ReleaseManifestDoc_Exists" classname="Lattirune.Tests.MvpFinalHandoffTests" runstate="Runnable" seed="1734385379" result="Passed" start-time="2026-08-20 08:11:01Z" end-time="2026-08-20 08:11:01Z" duration="0.000136" asserts="0">
              <properties>
                <property name="retryIteration" value="0" />
                <property name="repeatIteration" value="0" />
              </properties>
            </test-case>
            <test-case id="1479" name="FinalHandoff_ReleaseNotesDoc_Exists" fullname="Lattirune.Tests.MvpFinalHandoffTests.FinalHandoff_ReleaseNotesDoc_Exists" methodname="FinalHandoff_ReleaseNotesDoc_Exists" classname="Lattirune.Tests.MvpFinalHandoffTests" runstate="Runnable" seed="544570655" result="Passed" start-time="2026-08-20 08:11:01Z" end-time="2026-08-20 08:11:01Z" duration="0.000137" asserts="0">
              <properties>
                <property name="retryIteration" value="0" />
                <property name="repeatIteration" value="0" />
              </properties>
            </test-case>
            <test-case id="1476" name="FinalHandoff_SaveVersion_Matches" fullname="Lattirune.Tests.MvpFinalHandoffTests.FinalHandoff_SaveVersion_Matches" methodname="FinalHandoff_SaveVersion_Matches" classname="Lattirune.Tests.MvpFinalHandoffTests" runstate="Runnable" seed="1454794446" result="Passed" start-time="2026-08-20 08:11:01Z" end-time="2026-08-20 08:11:01Z" duration="0.000180" asserts="0">
              <properties>
                <property name="retryIteration" value="0" />
                <property name="repeatIteration" value="0" />
              </properties>
            </test-case>
            <test-case id="1481" name="FinalHandoff_StoreListingDoc_Exists" fullname="Lattirune.Tests.MvpFinalHandoffTests.FinalHandoff_StoreListingDoc_Exists" methodname="FinalHandoff_StoreListingDoc_Exists" classname="Lattirune.Tests.MvpFinalHandoffTests" runstate="Runnable" seed="1591236731" result="Passed" start-time="2026-08-20 08:11:01Z" end-time="2026-08-20 08:11:01Z" duration="0.000135" asserts="0">
              <properties>
                <property name="retryIteration" value="0" />
                <property name="repeatIteration" value="0" />
              </properties>
            </test-case>
            <test-case id="1478" name="FinalHandoff_TraceabilityDoc_Exists" fullname="Lattirune.Tests.MvpFinalHandoffTests.FinalHandoff_TraceabilityDoc_Exists" methodname="FinalHandoff_TraceabilityDoc_Exists" classname="Lattirune.Tests.MvpFinalHandoffTests" runstate="Runnable" seed="881874886" result="Passed" start-time="2026-08-20 08:11:01Z" end-time="2026-08-20 08:11:01Z" duration="0.000133" asserts="0">
              <properties>
                <property name="retryIteration" value="0" />
                <property name="repeatIteration" value="0" />
              </properties>
            </test-case>
            <test-case id="1475" name="FinalHandoff_VersionCode_Matches" fullname="Lattirune.Tests.MvpFinalHandoffTests.FinalHandoff_VersionCode_Matches" methodname="FinalHandoff_VersionCode_Matches" classname="Lattirune.Tests.MvpFinalHandoffTests" runstate="Runnable" seed="1492729226" result="Passed" start-time="2026-08-20 08:11:01Z" end-time="2026-08-20 08:11:01Z" duration="0.000144" asserts="0">
              <properties>
                <property name="retryIteration" value="0" />
                <property name="repeatIteration" value="0" />
              </properties>
            </test-case>
            <test-case id="1474" name="FinalHandoff_VersionName_Matches" fullname="Lattirune.Tests.MvpFinalHandoffTests.FinalHandoff_VersionName_Matches" methodname="FinalHandoff_VersionName_Matches" classname="Lattirune.Tests.MvpFinalHandoffTests" runstate="Runnable" seed="1302910976" result="Passed" start-time="2026-08-20 08:11:01Z" end-time="2026-08-20 08:11:01Z" duration="0.000129" asserts="0">
              <properties>
                <property name="retryIteration" value="0" />
                <property name="repeatIteration" value="0" />
              </properties>
            </test-case>
          </test-suite>
          <test-suite type="TestFixture" id="1489" name="MvpReleaseTraceabilityTests" fullname="Lattirune.Tests.MvpReleaseTraceabilityTests" classname="Lattirune.Tests.MvpReleaseTraceabilityTests" runstate="Runnable" testcasecount="19" result="Failed" site="Child" start-time="2026-08-20 08:11:01Z" end-time="2026-08-20 08:11:01Z" duration="0.009948" total="19" passed="18" failed="1" inconclusive="0" skipped="0" asserts="0">
            <properties />
            <failure>
              <message><![CDATA[One or more child tests had errors]]></message>
            </failure>
            <test-case id="1508" name="Traceability_Android_PackageAndPortraitConfig" fullname="Lattirune.Tests.MvpReleaseTraceabilityTests.Traceability_Android_PackageAndPortraitConfig" methodname="Traceability_Android_PackageAndPortraitConfig" classname="Lattirune.Tests.MvpReleaseTraceabilityTests" runstate="Runnable" seed="834765879" result="Passed" start-time="2026-08-20 08:11:01Z" end-time="2026-08-20 08:11:01Z" duration="0.000347" asserts="0">
              <properties>
                <property name="retryIteration" value="0" />
                <property name="repeatIteration" value="0" />
              </properties>
            </test-case>
            <test-case id="1500" name="Traceability_Boss_LichLord3Phases750Hp" fullname="Lattirune.Tests.MvpReleaseTraceabilityTests.Traceability_Boss_LichLord3Phases750Hp" methodname="Traceability_Boss_LichLord3Phases750Hp" classname="Lattirune.Tests.MvpReleaseTraceabilityTests" runstate="Runnable" seed="836473899" result="Passed" start-time="2026-08-20 08:11:01Z" end-time="2026-08-20 08:11:01Z" duration="0.000291" asserts="0">
              <properties>
                <property name="retryIteration" value="0" />
                <property name="repeatIteration" value="0" />
              </properties>
            </test-case>
            <test-case id="1497" name="Traceability_Combat_CanonicalFormulaAndSpeeds" fullname="Lattirune.Tests.MvpReleaseTraceabilityTests.Traceability_Combat_CanonicalFormulaAndSpeeds" methodname="Traceability_Combat_CanonicalFormulaAndSpeeds" classname="Lattirune.Tests.MvpReleaseTraceabilityTests" runstate="Runnable" seed="211225681" result="Passed" start-time="2026-08-20 08:11:01Z" end-time="2026-08-20 08:11:01Z" duration="0.000288" asserts="0">
              <properties>
                <property name="retryIteration" value="0" />
                <property name="repeatIteration" value="0" />
              </properties>
            </test-case>
            <test-case id="1498" name="Traceability_CombatEffects_5CanonicalTypes" fullname="Lattirune.Tests.MvpReleaseTraceabilityTests.Traceability_CombatEffects_5CanonicalTypes" methodname="Traceability_CombatEffects_5CanonicalTypes" classname="Lattirune.Tests.MvpReleaseTraceabilityTests" runstate="Runnable" seed="1410010351" result="Passed" start-time="2026-08-20 08:11:01Z" end-time="2026-08-20 08:11:01Z" duration="0.000297" asserts="0">
              <properties>
                <property name="retryIteration" value="0" />
                <property name="repeatIteration" value="0" />
              </properties>
            </test-case>
            <test-case id="1490" name="Traceability_CoreGrid_TopologyAndActiveCells" fullname="Lattirune.Tests.MvpReleaseTraceabilityTests.Traceability_CoreGrid_TopologyAndActiveCells" methodname="Traceability_CoreGrid_TopologyAndActiveCells" classname="Lattirune.Tests.MvpReleaseTraceabilityTests" runstate="Runnable" seed="267434802" result="Passed" start-time="2026-08-20 08:11:01Z" end-time="2026-08-20 08:11:01Z" duration="0.000286" asserts="0">
              <properties>
                <property name="retryIteration" value="0" />
                <property name="repeatIteration" value="0" />
              </properties>
            </test-case>
            <test-case id="1496" name="Traceability_Crossfire_FourCardinalEmissions" fullname="Lattirune.Tests.MvpReleaseTraceabilityTests.Traceability_Crossfire_FourCardinalEmissions" methodname="Traceability_Crossfire_FourCardinalEmissions" classname="Lattirune.Tests.MvpReleaseTraceabilityTests" runstate="Runnable" seed="133866647" result="Passed" start-time="2026-08-20 08:11:01Z" end-time="2026-08-20 08:11:01Z" duration="0.000414" asserts="0">
              <properties>
                <property name="retryIteration" value="0" />
                <property name="repeatIteration" value="0" />
              </properties>
            </test-case>
            <test-case id="1501" name="Traceability_Dungeon_10FloorsSequence" fullname="Lattirune.Tests.MvpReleaseTraceabilityTests.Traceability_Dungeon_10FloorsSequence" methodname="Traceability_Dungeon_10FloorsSequence" classname="Lattirune.Tests.MvpReleaseTraceabilityTests" runstate="Runnable" seed="351163638" result="Failed" start-time="2026-08-20 08:11:01Z" end-time="2026-08-20 08:11:01Z" duration="0.000634" asserts="0">
              <properties>
                <property name="retryIteration" value="0" />
                <property name="repeatIteration" value="0" />
              </properties>
              <failure>
                <message><![CDATA[  Expected string length 27 but was 26. Strings differ at index 10.
  Expected: "Floor 8: Campfire Rest Site"
  But was:  "Floor 8: Crystalline Chasm"
  ---------------------^
]]></message>
                <stack-trace><![CDATA[at Lattirune.Tests.MvpReleaseTraceabilityTests.Traceability_Dungeon_10FloorsSequence () [0x00033] in C:\GAME PLAN\Assets\_Project\Tests\MvpReleaseTraceabilityTests.cs:188
]]></stack-trace>
              </failure>
            </test-case>
            <test-case id="1504" name="Traceability_Economy_DropsAndPricing" fullname="Lattirune.Tests.MvpReleaseTraceabilityTests.Traceability_Economy_DropsAndPricing" methodname="Traceability_Economy_DropsAndPricing" classname="Lattirune.Tests.MvpReleaseTraceabilityTests" runstate="Runnable" seed="15076215" result="Passed" start-time="2026-08-20 08:11:01Z" end-time="2026-08-20 08:11:01Z" duration="0.000188" asserts="0">
              <properties>
                <property name="retryIteration" value="0" />
                <property name="repeatIteration" value="0" />
              </properties>
            </test-case>
            <test-case id="1499" name="Traceability_Enemies_6CanonicalBestiary" fullname="Lattirune.Tests.MvpReleaseTraceabilityTests.Traceability_Enemies_6CanonicalBestiary" methodname="Traceability_Enemies_6CanonicalBestiary" classname="Lattirune.Tests.MvpReleaseTraceabilityTests" runstate="Runnable" seed="1765560590" result="Passed" start-time="2026-08-20 08:11:01Z" end-time="2026-08-20 08:11:01Z" duration="0.000418" asserts="0">
              <properties>
                <property name="retryIteration" value="0" />
                <property name="repeatIteration" value="0" />
              </properties>
            </test-case>
            <test-case id="1502" name="Traceability_Inventory_CapacityProgression" fullname="Lattirune.Tests.MvpReleaseTraceabilityTests.Traceability_Inventory_CapacityProgression" methodname="Traceability_Inventory_CapacityProgression" classname="Lattirune.Tests.MvpReleaseTraceabilityTests" runstate="Runnable" seed="1419287243" result="Passed" start-time="2026-08-20 08:11:01Z" end-time="2026-08-20 08:11:01Z" duration="0.000213" asserts="0">
              <properties>
                <property name="retryIteration" value="0" />
                <property name="repeatIteration" value="0" />
              </properties>
            </test-case>
            <test-case id="1491" name="Traceability_Items_20CanonicalCatalogue" fullname="Lattirune.Tests.MvpReleaseTraceabilityTests.Traceability_Items_20CanonicalCatalogue" methodname="Traceability_Items_20CanonicalCatalogue" classname="Lattirune.Tests.MvpReleaseTraceabilityTests" runstate="Runnable" seed="100109485" result="Passed" start-time="2026-08-20 08:11:01Z" end-time="2026-08-20 08:11:01Z" duration="0.000567" asserts="0">
              <properties>
                <property name="retryIteration" value="0" />
                <property name="repeatIteration" value="0" />
              </properties>
            </test-case>
            <test-case id="1505" name="Traceability_MetaProgression_EmbersAndBlueprints" fullname="Lattirune.Tests.MvpReleaseTraceabilityTests.Traceability_MetaProgression_EmbersAndBlueprints" methodname="Traceability_MetaProgression_EmbersAndBlueprints" classname="Lattirune.Tests.MvpReleaseTraceabilityTests" runstate="Runnable" seed="1681205263" result="Passed" start-time="2026-08-20 08:11:01Z" end-time="2026-08-20 08:11:01Z" duration="0.000446" asserts="0">
              <properties>
                <property name="retryIteration" value="0" />
                <property name="repeatIteration" value="0" />
              </properties>
            </test-case>
            <test-case id="1495" name="Traceability_Prism_BeamSplittingAndRecursionCap" fullname="Lattirune.Tests.MvpReleaseTraceabilityTests.Traceability_Prism_BeamSplittingAndRecursionCap" methodname="Traceability_Prism_BeamSplittingAndRecursionCap" classname="Lattirune.Tests.MvpReleaseTraceabilityTests" runstate="Runnable" seed="1168687747" result="Passed" start-time="2026-08-20 08:11:01Z" end-time="2026-08-20 08:11:01Z" duration="0.000393" asserts="0">
              <properties>
                <property name="retryIteration" value="0" />
                <property name="repeatIteration" value="0" />
              </properties>
            </test-case>
            <test-case id="1494" name="Traceability_Reactions_5CanonicalReactions_Symmetric" fullname="Lattirune.Tests.MvpReleaseTraceabilityTests.Traceability_Reactions_5CanonicalReactions_Symmetric" methodname="Traceability_Reactions_5CanonicalReactions_Symmetric" classname="Lattirune.Tests.MvpReleaseTraceabilityTests" runstate="Runnable" seed="449246458" result="Passed" start-time="2026-08-20 08:11:01Z" end-time="2026-08-20 08:11:01Z" duration="0.000323" asserts="0">
              <properties>
                <property name="retryIteration" value="0" />
                <property name="repeatIteration" value="0" />
              </properties>
            </test-case>
            <test-case id="1503" name="Traceability_Rewards_ThreeCardDraft_NoDuplicates" fullname="Lattirune.Tests.MvpReleaseTraceabilityTests.Traceability_Rewards_ThreeCardDraft_NoDuplicates" methodname="Traceability_Rewards_ThreeCardDraft_NoDuplicates" classname="Lattirune.Tests.MvpReleaseTraceabilityTests" runstate="Runnable" seed="1083841108" result="Passed" start-time="2026-08-20 08:11:01Z" end-time="2026-08-20 08:11:01Z" duration="0.000571" asserts="0">
              <properties>
                <property name="retryIteration" value="0" />
                <property name="repeatIteration" value="0" />
              </properties>
            </test-case>
            <test-case id="1492" name="Traceability_Runes_10CanonicalCatalogue" fullname="Lattirune.Tests.MvpReleaseTraceabilityTests.Traceability_Runes_10CanonicalCatalogue" methodname="Traceability_Runes_10CanonicalCatalogue" classname="Lattirune.Tests.MvpReleaseTraceabilityTests" runstate="Runnable" seed="2135502467" result="Passed" start-time="2026-08-20 08:11:01Z" end-time="2026-08-20 08:11:01Z" duration="0.000385" asserts="0">
              <properties>
                <property name="retryIteration" value="0" />
                <property name="repeatIteration" value="0" />
              </properties>
            </test-case>
            <test-case id="1507" name="Traceability_SaveSystem_Version1_Encrypted" fullname="Lattirune.Tests.MvpReleaseTraceabilityTests.Traceability_SaveSystem_Version1_Encrypted" methodname="Traceability_SaveSystem_Version1_Encrypted" classname="Lattirune.Tests.MvpReleaseTraceabilityTests" runstate="Runnable" seed="859384393" result="Passed" start-time="2026-08-20 08:11:01Z" end-time="2026-08-20 08:11:01Z" duration="0.000814" asserts="0">
              <properties>
                <property name="retryIteration" value="0" />
                <property name="repeatIteration" value="0" />
              </properties>
            </test-case>
            <test-case id="1493" name="Traceability_Synergies_5ElementalAnd5MasterCombos" fullname="Lattirune.Tests.MvpReleaseTraceabilityTests.Traceability_Synergies_5ElementalAnd5MasterCombos" methodname="Traceability_Synergies_5ElementalAnd5MasterCombos" classname="Lattirune.Tests.MvpReleaseTraceabilityTests" runstate="Runnable" seed="1708977171" result="Passed" start-time="2026-08-20 08:11:01Z" end-time="2026-08-20 08:11:01Z" duration="0.000428" asserts="0">
              <properties>
                <property name="retryIteration" value="0" />
                <property name="repeatIteration" value="0" />
              </properties>
            </test-case>
            <test-case id="1506" name="Traceability_UI_NavigationAndAndroidBackSafety" fullname="Lattirune.Tests.MvpReleaseTraceabilityTests.Traceability_UI_NavigationAndAndroidBackSafety" methodname="Traceability_UI_NavigationAndAndroidBackSafety" classname="Lattirune.Tests.MvpReleaseTraceabilityTests" runstate="Runnable" seed="1115887711" result="Passed" start-time="2026-08-20 08:11:01Z" end-time="2026-08-20 08:11:01Z" duration="0.000385" asserts="0">
              <properties>
                <property name="retryIteration" value="0" />
                <property name="repeatIteration" value="0" />
              </properties>
            </test-case>
          </test-suite>
          <test-suite type="TestFixture" id="1509" name="MvpShipExecutionTests" fullname="Lattirune.Tests.MvpShipExecutionTests" classname="Lattirune.Tests.MvpShipExecutionTests" runstate="Runnable" testcasecount="17" result="Passed" start-time="2026-08-20 08:11:01Z" end-time="2026-08-20 08:11:01Z" duration="0.004949" total="17" passed="17" failed="0" inconclusive="0" skipped="0" asserts="0">
            <properties />
            <test-case id="1511" name="ShipExecution_AllEightBlockers_Represented" fullname="Lattirune.Tests.MvpShipExecutionTests.ShipExecution_AllEightBlockers_Represented" methodname="ShipExecution_AllEightBlockers_Represented" classname="Lattirune.Tests.MvpShipExecutionTests" runstate="Runnable" seed="1400114204" result="Passed" start-time="2026-08-20 08:11:01Z" end-time="2026-08-20 08:11:01Z" duration="0.000428" asserts="0">
              <properties>
                <property name="retryIteration" value="0" />
                <property name="repeatIteration" value="0" />
              </properties>
            </test-case>
            <test-case id="1512" name="ShipExecution_Ext01_PhysicalQA_RemainsBlocked" fullname="Lattirune.Tests.MvpShipExecutionTests.ShipExecution_Ext01_PhysicalQA_RemainsBlocked" methodname="ShipExecution_Ext01_PhysicalQA_RemainsBlocked" classname="Lattirune.Tests.MvpShipExecutionTests" runstate="Runnable" seed="328889631" result="Passed" start-time="2026-08-20 08:11:01Z" end-time="2026-08-20 08:11:01Z" duration="0.000175" asserts="0">
              <properties>
                <property name="retryIteration" value="0" />
                <property name="repeatIteration" value="0" />
              </properties>
            </test-case>
            <test-case id="1513" name="ShipExecution_Ext02_PrivacyUrl_RemainsBlocked" fullname="Lattirune.Tests.MvpShipExecutionTests.ShipExecution_Ext02_PrivacyUrl_RemainsBlocked" methodname="ShipExecution_Ext02_PrivacyUrl_RemainsBlocked" classname="Lattirune.Tests.MvpShipExecutionTests" runstate="Runnable" seed="815827918" result="Passed" start-time="2026-08-20 08:11:01Z" end-time="2026-08-20 08:11:01Z" duration="0.000159" asserts="0">
              <properties>
                <property name="retryIteration" value="0" />
                <property name="repeatIteration" value="0" />
              </properties>
            </test-case>
            <test-case id="1514" name="ShipExecution_Ext03_AppIcon_RemainsBlocked" fullname="Lattirune.Tests.MvpShipExecutionTests.ShipExecution_Ext03_AppIcon_RemainsBlocked" methodname="ShipExecution_Ext03_AppIcon_RemainsBlocked" classname="Lattirune.Tests.MvpShipExecutionTests" runstate="Runnable" seed="153597935" result="Passed" start-time="2026-08-20 08:11:01Z" end-time="2026-08-20 08:11:01Z" duration="0.000141" asserts="0">
              <properties>
                <property name="retryIteration" value="0" />
                <property name="repeatIteration" value="0" />
              </properties>
            </test-case>
            <test-case id="1515" name="ShipExecution_Ext04_FeatureGraphic_RemainsBlocked" fullname="Lattirune.Tests.MvpShipExecutionTests.ShipExecution_Ext04_FeatureGraphic_RemainsBlocked" methodname="ShipExecution_Ext04_FeatureGraphic_RemainsBlocked" classname="Lattirune.Tests.MvpShipExecutionTests" runstate="Runnable" seed="789925175" result="Passed" start-time="2026-08-20 08:11:01Z" end-time="2026-08-20 08:11:01Z" duration="0.000155" asserts="0">
              <properties>
                <property name="retryIteration" value="0" />
                <property name="repeatIteration" value="0" />
              </properties>
            </test-case>
            <test-case id="1516" name="ShipExecution_Ext05_Screenshots_RemainsBlocked" fullname="Lattirune.Tests.MvpShipExecutionTests.ShipExecution_Ext05_Screenshots_RemainsBlocked" methodname="ShipExecution_Ext05_Screenshots_RemainsBlocked" classname="Lattirune.Tests.MvpShipExecutionTests" runstate="Runnable" seed="1216481407" result="Passed" start-time="2026-08-20 08:11:01Z" end-time="2026-08-20 08:11:01Z" duration="0.000155" asserts="0">
              <properties>
                <property name="retryIteration" value="0" />
                <property name="repeatIteration" value="0" />
              </properties>
            </test-case>
            <test-case id="1517" name="ShipExecution_Ext06_Aab_RemainsBlocked" fullname="Lattirune.Tests.MvpShipExecutionTests.ShipExecution_Ext06_Aab_RemainsBlocked" methodname="ShipExecution_Ext06_Aab_RemainsBlocked" classname="Lattirune.Tests.MvpShipExecutionTests" runstate="Runnable" seed="440397129" result="Passed" start-time="2026-08-20 08:11:01Z" end-time="2026-08-20 08:11:01Z" duration="0.000160" asserts="0">
              <properties>
                <property name="retryIteration" value="0" />
                <property name="repeatIteration" value="0" />
              </properties>
            </test-case>
            <test-case id="1518" name="ShipExecution_Ext07_Signing_RemainsBlocked" fullname="Lattirune.Tests.MvpShipExecutionTests.ShipExecution_Ext07_Signing_RemainsBlocked" methodname="ShipExecution_Ext07_Signing_RemainsBlocked" classname="Lattirune.Tests.MvpShipExecutionTests" runstate="Runnable" seed="1622839518" result="Passed" start-time="2026-08-20 08:11:01Z" end-time="2026-08-20 08:11:01Z" duration="0.000136" asserts="0">
              <properties>
                <property name="retryIteration" value="0" />
                <property name="repeatIteration" value="0" />
              </properties>
            </test-case>
            <test-case id="1519" name="ShipExecution_Ext08_PlayConsole_RequiresAllPrerequisites" fullname="Lattirune.Tests.MvpShipExecutionTests.ShipExecution_Ext08_PlayConsole_RequiresAllPrerequisites" methodname="ShipExecution_Ext08_PlayConsole_RequiresAllPrerequisites" classname="Lattirune.Tests.MvpShipExecutionTests" runstate="Runnable" seed="894173204" result="Passed" start-time="2026-08-20 08:11:01Z" end-time="2026-08-20 08:11:01Z" duration="0.000164" asserts="0">
              <properties>
                <property name="retryIteration" value="0" />
                <property name="repeatIteration" value="0" />
              </properties>
            </test-case>
            <test-case id="1524" name="ShipExecution_NoCredentials_AreStored" fullname="Lattirune.Tests.MvpShipExecutionTests.ShipExecution_NoCredentials_AreStored" methodname="ShipExecution_NoCredentials_AreStored" classname="Lattirune.Tests.MvpShipExecutionTests" runstate="Runnable" seed="643997369" result="Passed" start-time="2026-08-20 08:11:01Z" end-time="2026-08-20 08:11:01Z" duration="0.000148" asserts="0">
              <properties>
                <property name="retryIteration" value="0" />
                <property name="repeatIteration" value="0" />
              </properties>
            </test-case>
            <test-case id="1525" name="ShipExecution_NoFakeBinaryArtifacts_Accepted" fullname="Lattirune.Tests.MvpShipExecutionTests.ShipExecution_NoFakeBinaryArtifacts_Accepted" methodname="ShipExecution_NoFakeBinaryArtifacts_Accepted" classname="Lattirune.Tests.MvpShipExecutionTests" runstate="Runnable" seed="1958918304" result="Passed" start-time="2026-08-20 08:11:01Z" end-time="2026-08-20 08:11:01Z" duration="0.000163" asserts="0">
              <properties>
                <property name="retryIteration" value="0" />
                <property name="repeatIteration" value="0" />
              </properties>
            </test-case>
            <test-case id="1520" name="ShipExecution_PackageId_IsCorrect" fullname="Lattirune.Tests.MvpShipExecutionTests.ShipExecution_PackageId_IsCorrect" methodname="ShipExecution_PackageId_IsCorrect" classname="Lattirune.Tests.MvpShipExecutionTests" runstate="Runnable" seed="1588577345" result="Passed" start-time="2026-08-20 08:11:01Z" end-time="2026-08-20 08:11:01Z" duration="0.000156" asserts="0">
              <properties>
                <property name="retryIteration" value="0" />
                <property name="repeatIteration" value="0" />
              </properties>
            </test-case>
            <test-case id="1510" name="ShipExecution_Record_Exists" fullname="Lattirune.Tests.MvpShipExecutionTests.ShipExecution_Record_Exists" methodname="ShipExecution_Record_Exists" classname="Lattirune.Tests.MvpShipExecutionTests" runstate="Runnable" seed="610744634" result="Passed" start-time="2026-08-20 08:11:01Z" end-time="2026-08-20 08:11:01Z" duration="0.000163" asserts="0">
              <properties>
                <property name="retryIteration" value="0" />
                <property name="repeatIteration" value="0" />
              </properties>
            </test-case>
            <test-case id="1526" name="ShipExecution_ReleaseStatus_IsBlocked" fullname="Lattirune.Tests.MvpShipExecutionTests.ShipExecution_ReleaseStatus_IsBlocked" methodname="ShipExecution_ReleaseStatus_IsBlocked" classname="Lattirune.Tests.MvpShipExecutionTests" runstate="Runnable" seed="151249355" result="Passed" start-time="2026-08-20 08:11:01Z" end-time="2026-08-20 08:11:01Z" duration="0.000161" asserts="0">
              <properties>
                <property name="retryIteration" value="0" />
                <property name="repeatIteration" value="0" />
              </properties>
            </test-case>
            <test-case id="1523" name="ShipExecution_SaveVersion_IsCorrect" fullname="Lattirune.Tests.MvpShipExecutionTests.ShipExecution_SaveVersion_IsCorrect" methodname="ShipExecution_SaveVersion_IsCorrect" classname="Lattirune.Tests.MvpShipExecutionTests" runstate="Runnable" seed="1765590680" result="Passed" start-time="2026-08-20 08:11:01Z" end-time="2026-08-20 08:11:01Z" duration="0.000170" asserts="0">
              <properties>
                <property name="retryIteration" value="0" />
                <property name="repeatIteration" value="0" />
              </properties>
            </test-case>
            <test-case id="1522" name="ShipExecution_VersionCode_IsCorrect" fullname="Lattirune.Tests.MvpShipExecutionTests.ShipExecution_VersionCode_IsCorrect" methodname="ShipExecution_VersionCode_IsCorrect" classname="Lattirune.Tests.MvpShipExecutionTests" runstate="Runnable" seed="1438904528" result="Passed" start-time="2026-08-20 08:11:01Z" end-time="2026-08-20 08:11:01Z" duration="0.000150" asserts="0">
              <properties>
                <property name="retryIteration" value="0" />
                <property name="repeatIteration" value="0" />
              </properties>
            </test-case>
            <test-case id="1521" name="ShipExecution_VersionName_IsCorrect" fullname="Lattirune.Tests.MvpShipExecutionTests.ShipExecution_VersionName_IsCorrect" methodname="ShipExecution_VersionName_IsCorrect" classname="Lattirune.Tests.MvpShipExecutionTests" runstate="Runnable" seed="736306668" result="Passed" start-time="2026-08-20 08:11:01Z" end-time="2026-08-20 08:11:01Z" duration="0.000133" asserts="0">
              <properties>
                <property name="retryIteration" value="0" />
                <property name="repeatIteration" value="0" />
              </properties>
            </test-case>
          </test-suite>
          <test-suite type="TestFixture" id="1527" name="Phase1MilestoneVerificationTests" fullname="Lattirune.Tests.Phase1MilestoneVerificationTests" classname="Lattirune.Tests.Phase1MilestoneVerificationTests" runstate="Runnable" testcasecount="2" result="Passed" start-time="2026-08-20 08:11:01Z" end-time="2026-08-20 08:11:01Z" duration="0.057331" total="2" passed="2" failed="0" inconclusive="0" skipped="0" asserts="0">
            <properties />
            <test-case id="1528" name="Phase1_CompleteCoreGameplayLoop_ExecutesAndSavesSuccessfully" fullname="Lattirune.Tests.Phase1MilestoneVerificationTests.Phase1_CompleteCoreGameplayLoop_ExecutesAndSavesSuccessfully" methodname="Phase1_CompleteCoreGameplayLoop_ExecutesAndSavesSuccessfully" classname="Lattirune.Tests.Phase1MilestoneVerificationTests" runstate="Runnable" seed="1731670028" result="Passed" start-time="2026-08-20 08:11:01Z" end-time="2026-08-20 08:11:01Z" duration="0.054145" asserts="0">
              <properties>
                <property name="retryIteration" value="0" />
                <property name="repeatIteration" value="0" />
              </properties>
              <output><![CDATA[[Lattirune.Save] Save file written successfully.
]]></output>
            </test-case>
            <test-case id="1529" name="Phase1_DefeatAndRetry_ResetsCombatCleanlyWithoutDuplicateListeners" fullname="Lattirune.Tests.Phase1MilestoneVerificationTests.Phase1_DefeatAndRetry_ResetsCombatCleanlyWithoutDuplicateListeners" methodname="Phase1_DefeatAndRetry_ResetsCombatCleanlyWithoutDuplicateListeners" classname="Lattirune.Tests.Phase1MilestoneVerificationTests" runstate="Runnable" seed="1222853847" result="Passed" start-time="2026-08-20 08:11:01Z" end-time="2026-08-20 08:11:01Z" duration="0.002564" asserts="0">
              <properties>
                <property name="retryIteration" value="0" />
                <property name="repeatIteration" value="0" />
              </properties>
            </test-case>
          </test-suite>
          <test-suite type="TestFixture" id="1530" name="Phase2MilestoneVerificationTests" fullname="Lattirune.Tests.Phase2MilestoneVerificationTests" classname="Lattirune.Tests.Phase2MilestoneVerificationTests" runstate="Runnable" testcasecount="1" result="Passed" start-time="2026-08-20 08:11:01Z" end-time="2026-08-20 08:11:01Z" duration="0.033267" total="1" passed="1" failed="0" inconclusive="0" skipped="0" asserts="0">
            <properties />
            <test-case id="1531" name="Phase2_CompleteVerticalSliceLoop_ThreeFloors_Reactions_Prisms_LichLordBoss_AndSaveLoad" fullname="Lattirune.Tests.Phase2MilestoneVerificationTests.Phase2_CompleteVerticalSliceLoop_ThreeFloors_Reactions_Prisms_LichLordBoss_AndSaveLoad" methodname="Phase2_CompleteVerticalSliceLoop_ThreeFloors_Reactions_Prisms_LichLordBoss_AndSaveLoad" classname="Lattirune.Tests.Phase2MilestoneVerificationTests" runstate="Runnable" seed="1550824834" result="Passed" start-time="2026-08-20 08:11:01Z" end-time="2026-08-20 08:11:01Z" duration="0.031489" asserts="0">
              <properties>
                <property name="retryIteration" value="0" />
                <property name="repeatIteration" value="0" />
              </properties>
              <output><![CDATA[[Lattirune.Save] Save file written successfully.
]]></output>
            </test-case>
          </test-suite>
          <test-suite type="TestFixture" id="1532" name="Phase3Milestone11VerificationTests" fullname="Lattirune.Tests.Phase3Milestone11VerificationTests" classname="Lattirune.Tests.Phase3Milestone11VerificationTests" runstate="Runnable" testcasecount="1" result="Passed" start-time="2026-08-20 08:11:01Z" end-time="2026-08-20 08:11:01Z" duration="0.005885" total="1" passed="1" failed="0" inconclusive="0" skipped="0" asserts="0">
            <properties />
            <test-case id="1533" name="Lattirune11_CompleteEndToEndRunFlow_ExecutesWithHighFidelity" fullname="Lattirune.Tests.Phase3Milestone11VerificationTests.Lattirune11_CompleteEndToEndRunFlow_ExecutesWithHighFidelity" methodname="Lattirune11_CompleteEndToEndRunFlow_ExecutesWithHighFidelity" classname="Lattirune.Tests.Phase3Milestone11VerificationTests" runstate="Runnable" seed="683665224" result="Passed" start-time="2026-08-20 08:11:01Z" end-time="2026-08-20 08:11:01Z" duration="0.005243" asserts="0">
              <properties>
                <property name="retryIteration" value="0" />
                <property name="repeatIteration" value="0" />
              </properties>
            </test-case>
          </test-suite>
          <test-suite type="TestFixture" id="1534" name="PhysicalAndroidQARecordTests" fullname="Lattirune.Tests.PhysicalAndroidQARecordTests" classname="Lattirune.Tests.PhysicalAndroidQARecordTests" runstate="Runnable" testcasecount="13" result="Passed" start-time="2026-08-20 08:11:01Z" end-time="2026-08-20 08:11:01Z" duration="0.004004" total="13" passed="13" failed="0" inconclusive="0" skipped="0" asserts="0">
            <properties />
            <test-case id="1544" name="PhysicalQA_ExternalActionTrackerDoc_Exists" fullname="Lattirune.Tests.PhysicalAndroidQARecordTests.PhysicalQA_ExternalActionTrackerDoc_Exists" methodname="PhysicalQA_ExternalActionTrackerDoc_Exists" classname="Lattirune.Tests.PhysicalAndroidQARecordTests" runstate="Runnable" seed="1603837725" result="Passed" start-time="2026-08-20 08:11:01Z" end-time="2026-08-20 08:11:01Z" duration="0.000347" asserts="0">
              <properties>
                <property name="retryIteration" value="0" />
                <property name="repeatIteration" value="0" />
              </properties>
            </test-case>
            <test-case id="1540" name="PhysicalQA_ManualChecklistDoc_Exists" fullname="Lattirune.Tests.PhysicalAndroidQARecordTests.PhysicalQA_ManualChecklistDoc_Exists" methodname="PhysicalQA_ManualChecklistDoc_Exists" classname="Lattirune.Tests.PhysicalAndroidQARecordTests" runstate="Runnable" seed="570879220" result="Passed" start-time="2026-08-20 08:11:01Z" end-time="2026-08-20 08:11:01Z" duration="0.000157" asserts="0">
              <properties>
                <property name="retryIteration" value="0" />
                <property name="repeatIteration" value="0" />
              </properties>
            </test-case>
            <test-case id="1546" name="PhysicalQA_NoAabTrackedInGit" fullname="Lattirune.Tests.PhysicalAndroidQARecordTests.PhysicalQA_NoAabTrackedInGit" methodname="PhysicalQA_NoAabTrackedInGit" classname="Lattirune.Tests.PhysicalAndroidQARecordTests" runstate="Runnable" seed="341706258" result="Passed" start-time="2026-08-20 08:11:01Z" end-time="2026-08-20 08:11:01Z" duration="0.000150" asserts="0">
              <properties>
                <property name="retryIteration" value="0" />
                <property name="repeatIteration" value="0" />
              </properties>
            </test-case>
            <test-case id="1545" name="PhysicalQA_NoApkTrackedInGit" fullname="Lattirune.Tests.PhysicalAndroidQARecordTests.PhysicalQA_NoApkTrackedInGit" methodname="PhysicalQA_NoApkTrackedInGit" classname="Lattirune.Tests.PhysicalAndroidQARecordTests" runstate="Runnable" seed="702516320" result="Passed" start-time="2026-08-20 08:11:01Z" end-time="2026-08-20 08:11:01Z" duration="0.000133" asserts="0">
              <properties>
                <property name="retryIteration" value="0" />
                <property name="repeatIteration" value="0" />
              </properties>
            </test-case>
            <test-case id="1543" name="PhysicalQA_NoFabricatedPass_Allowed" fullname="Lattirune.Tests.PhysicalAndroidQARecordTests.PhysicalQA_NoFabricatedPass_Allowed" methodname="PhysicalQA_NoFabricatedPass_Allowed" classname="Lattirune.Tests.PhysicalAndroidQARecordTests" runstate="Runnable" seed="1341090455" result="Passed" start-time="2026-08-20 08:11:01Z" end-time="2026-08-20 08:11:01Z" duration="0.000160" asserts="0">
              <properties>
                <property name="retryIteration" value="0" />
                <property name="repeatIteration" value="0" />
              </properties>
            </test-case>
            <test-case id="1547" name="PhysicalQA_NoKeystoreTrackedInGit" fullname="Lattirune.Tests.PhysicalAndroidQARecordTests.PhysicalQA_NoKeystoreTrackedInGit" methodname="PhysicalQA_NoKeystoreTrackedInGit" classname="Lattirune.Tests.PhysicalAndroidQARecordTests" runstate="Runnable" seed="62273615" result="Passed" start-time="2026-08-20 08:11:01Z" end-time="2026-08-20 08:11:01Z" duration="0.000156" asserts="0">
              <properties>
                <property name="retryIteration" value="0" />
                <property name="repeatIteration" value="0" />
              </properties>
            </test-case>
            <test-case id="1535" name="PhysicalQA_PackageIdentifier_Matches" fullname="Lattirune.Tests.PhysicalAndroidQARecordTests.PhysicalQA_PackageIdentifier_Matches" methodname="PhysicalQA_PackageIdentifier_Matches" classname="Lattirune.Tests.PhysicalAndroidQARecordTests" runstate="Runnable" seed="1586194742" result="Passed" start-time="2026-08-20 08:11:01Z" end-time="2026-08-20 08:11:01Z" duration="0.000141" asserts="0">
              <properties>
                <property name="retryIteration" value="0" />
                <property name="repeatIteration" value="0" />
              </properties>
            </test-case>
            <test-case id="1539" name="PhysicalQA_RecordDoc_Exists" fullname="Lattirune.Tests.PhysicalAndroidQARecordTests.PhysicalQA_RecordDoc_Exists" methodname="PhysicalQA_RecordDoc_Exists" classname="Lattirune.Tests.PhysicalAndroidQARecordTests" runstate="Runnable" seed="892213287" result="Passed" start-time="2026-08-20 08:11:01Z" end-time="2026-08-20 08:11:01Z" duration="0.000138" asserts="0">
              <properties>
                <property name="retryIteration" value="0" />
                <property name="repeatIteration" value="0" />
              </properties>
            </test-case>
            <test-case id="1541" name="PhysicalQA_ReleaseApkPath_Matches" fullname="Lattirune.Tests.PhysicalAndroidQARecordTests.PhysicalQA_ReleaseApkPath_Matches" methodname="PhysicalQA_ReleaseApkPath_Matches" classname="Lattirune.Tests.PhysicalAndroidQARecordTests" runstate="Runnable" seed="533899906" result="Passed" start-time="2026-08-20 08:11:01Z" end-time="2026-08-20 08:11:01Z" duration="0.000132" asserts="0">
              <properties>
                <property name="retryIteration" value="0" />
                <property name="repeatIteration" value="0" />
              </properties>
            </test-case>
            <test-case id="1538" name="PhysicalQA_SaveVersion_Matches" fullname="Lattirune.Tests.PhysicalAndroidQARecordTests.PhysicalQA_SaveVersion_Matches" methodname="PhysicalQA_SaveVersion_Matches" classname="Lattirune.Tests.PhysicalAndroidQARecordTests" runstate="Runnable" seed="549402472" result="Passed" start-time="2026-08-20 08:11:01Z" end-time="2026-08-20 08:11:01Z" duration="0.000184" asserts="0">
              <properties>
                <property name="retryIteration" value="0" />
                <property name="repeatIteration" value="0" />
              </properties>
            </test-case>
            <test-case id="1542" name="PhysicalQA_Status_IsExplicitlyBlocked" fullname="Lattirune.Tests.PhysicalAndroidQARecordTests.PhysicalQA_Status_IsExplicitlyBlocked" methodname="PhysicalQA_Status_IsExplicitlyBlocked" classname="Lattirune.Tests.PhysicalAndroidQARecordTests" runstate="Runnable" seed="491155003" result="Passed" start-time="2026-08-20 08:11:01Z" end-time="2026-08-20 08:11:01Z" duration="0.000164" asserts="0">
              <properties>
                <property name="retryIteration" value="0" />
                <property name="repeatIteration" value="0" />
              </properties>
            </test-case>
            <test-case id="1537" name="PhysicalQA_VersionCode_Matches" fullname="Lattirune.Tests.PhysicalAndroidQARecordTests.PhysicalQA_VersionCode_Matches" methodname="PhysicalQA_VersionCode_Matches" classname="Lattirune.Tests.PhysicalAndroidQARecordTests" runstate="Runnable" seed="1928068859" result="Passed" start-time="2026-08-20 08:11:01Z" end-time="2026-08-20 08:11:01Z" duration="0.000173" asserts="0">
              <properties>
                <property name="retryIteration" value="0" />
                <property name="repeatIteration" value="0" />
              </properties>
            </test-case>
            <test-case id="1536" name="PhysicalQA_VersionName_Matches" fullname="Lattirune.Tests.PhysicalAndroidQARecordTests.PhysicalQA_VersionName_Matches" methodname="PhysicalQA_VersionName_Matches" classname="Lattirune.Tests.PhysicalAndroidQARecordTests" runstate="Runnable" seed="928351121" result="Passed" start-time="2026-08-20 08:11:01Z" end-time="2026-08-20 08:11:01Z" duration="0.000151" asserts="0">
              <properties>
                <property name="retryIteration" value="0" />
                <property name="repeatIteration" value="0" />
              </properties>
            </test-case>
          </test-suite>
          <test-suite type="TestFixture" id="1548" name="PrismConduitTests" fullname="Lattirune.Tests.PrismConduitTests" classname="Lattirune.Tests.PrismConduitTests" runstate="Runnable" testcasecount="7" result="Passed" start-time="2026-08-20 08:11:01Z" end-time="2026-08-20 08:11:01Z" duration="0.003864" total="7" passed="7" failed="0" inconclusive="0" skipped="0" asserts="0">
            <properties />
            <test-case id="1550" name="NonPrismRune_ProducesSingleBeamPath" fullname="Lattirune.Tests.PrismConduitTests.NonPrismRune_ProducesSingleBeamPath" methodname="NonPrismRune_ProducesSingleBeamPath" classname="Lattirune.Tests.PrismConduitTests" runstate="Runnable" seed="1813281074" result="Passed" start-time="2026-08-20 08:11:01Z" end-time="2026-08-20 08:11:01Z" duration="0.000397" asserts="0">
              <properties>
                <property name="retryIteration" value="0" />
                <property name="repeatIteration" value="0" />
              </properties>
            </test-case>
            <test-case id="1555" name="Prism_CircularLoopProtection_TerminatesSafely" fullname="Lattirune.Tests.PrismConduitTests.Prism_CircularLoopProtection_TerminatesSafely" methodname="Prism_CircularLoopProtection_TerminatesSafely" classname="Lattirune.Tests.PrismConduitTests" runstate="Runnable" seed="575191402" result="Passed" start-time="2026-08-20 08:11:01Z" end-time="2026-08-20 08:11:01Z" duration="0.000366" asserts="0">
              <properties>
                <property name="retryIteration" value="0" />
                <property name="repeatIteration" value="0" />
              </properties>
            </test-case>
            <test-case id="1551" name="Prism_EastBeamSplitsIntoNorthAndSouth" fullname="Lattirune.Tests.PrismConduitTests.Prism_EastBeamSplitsIntoNorthAndSouth" methodname="Prism_EastBeamSplitsIntoNorthAndSouth" classname="Lattirune.Tests.PrismConduitTests" runstate="Runnable" seed="1983832435" result="Passed" start-time="2026-08-20 08:11:01Z" end-time="2026-08-20 08:11:01Z" duration="0.000579" asserts="0">
              <properties>
                <property name="retryIteration" value="0" />
                <property name="repeatIteration" value="0" />
              </properties>
            </test-case>
            <test-case id="1552" name="Prism_NorthBeamSplitsIntoEastAndWest" fullname="Lattirune.Tests.PrismConduitTests.Prism_NorthBeamSplitsIntoEastAndWest" methodname="Prism_NorthBeamSplitsIntoEastAndWest" classname="Lattirune.Tests.PrismConduitTests" runstate="Runnable" seed="1590833726" result="Passed" start-time="2026-08-20 08:11:01Z" end-time="2026-08-20 08:11:01Z" duration="0.000436" asserts="0">
              <properties>
                <property name="retryIteration" value="0" />
                <property name="repeatIteration" value="0" />
              </properties>
            </test-case>
            <test-case id="1554" name="Prism_ParentChildRelationship_AndUniqueIds" fullname="Lattirune.Tests.PrismConduitTests.Prism_ParentChildRelationship_AndUniqueIds" methodname="Prism_ParentChildRelationship_AndUniqueIds" classname="Lattirune.Tests.PrismConduitTests" runstate="Runnable" seed="2093639877" result="Passed" start-time="2026-08-20 08:11:01Z" end-time="2026-08-20 08:11:01Z" duration="0.000414" asserts="0">
              <properties>
                <property name="retryIteration" value="0" />
                <property name="repeatIteration" value="0" />
              </properties>
            </test-case>
            <test-case id="1553" name="Prism_SplitBranches_StopAtGridBoundaries" fullname="Lattirune.Tests.PrismConduitTests.Prism_SplitBranches_StopAtGridBoundaries" methodname="Prism_SplitBranches_StopAtGridBoundaries" classname="Lattirune.Tests.PrismConduitTests" runstate="Runnable" seed="142567675" result="Passed" start-time="2026-08-20 08:11:01Z" end-time="2026-08-20 08:11:01Z" duration="0.000367" asserts="0">
              <properties>
                <property name="retryIteration" value="0" />
                <property name="repeatIteration" value="0" />
              </properties>
            </test-case>
            <test-case id="1549" name="PrismData_ValidatesCorrectly" fullname="Lattirune.Tests.PrismConduitTests.PrismData_ValidatesCorrectly" methodname="PrismData_ValidatesCorrectly" classname="Lattirune.Tests.PrismConduitTests" runstate="Runnable" seed="2071186447" result="Passed" start-time="2026-08-20 08:11:01Z" end-time="2026-08-20 08:11:01Z" duration="0.000284" asserts="0">
              <properties>
                <property name="retryIteration" value="0" />
                <property name="repeatIteration" value="0" />
              </properties>
            </test-case>
          </test-suite>
          <test-suite type="TestFixture" id="1556" name="PrismIntersectionTests" fullname="Lattirune.Tests.PrismIntersectionTests" classname="Lattirune.Tests.PrismIntersectionTests" runstate="Runnable" testcasecount="3" result="Passed" start-time="2026-08-20 08:11:01Z" end-time="2026-08-20 08:11:01Z" duration="0.003338" total="3" passed="3" failed="0" inconclusive="0" skipped="0" asserts="0">
            <properties />
            <test-case id="1557" name="PrismBranch_FirePlusIce_TriggersSteamReaction" fullname="Lattirune.Tests.PrismIntersectionTests.PrismBranch_FirePlusIce_TriggersSteamReaction" methodname="PrismBranch_FirePlusIce_TriggersSteamReaction" classname="Lattirune.Tests.PrismIntersectionTests" runstate="Runnable" seed="1005534468" result="Passed" start-time="2026-08-20 08:11:01Z" end-time="2026-08-20 08:11:01Z" duration="0.001013" asserts="0">
              <properties>
                <property name="retryIteration" value="0" />
                <property name="repeatIteration" value="0" />
              </properties>
            </test-case>
            <test-case id="1558" name="PrismBranch_PowersWeapon_ActivatesSynergy" fullname="Lattirune.Tests.PrismIntersectionTests.PrismBranch_PowersWeapon_ActivatesSynergy" methodname="PrismBranch_PowersWeapon_ActivatesSynergy" classname="Lattirune.Tests.PrismIntersectionTests" runstate="Runnable" seed="1946907546" result="Passed" start-time="2026-08-20 08:11:01Z" end-time="2026-08-20 08:11:01Z" duration="0.001108" asserts="0">
              <properties>
                <property name="retryIteration" value="0" />
                <property name="repeatIteration" value="0" />
              </properties>
            </test-case>
            <test-case id="1559" name="PrismBranch_SelfBranches_DoNotIntersectEachOther" fullname="Lattirune.Tests.PrismIntersectionTests.PrismBranch_SelfBranches_DoNotIntersectEachOther" methodname="PrismBranch_SelfBranches_DoNotIntersectEachOther" classname="Lattirune.Tests.PrismIntersectionTests" runstate="Runnable" seed="1243476318" result="Passed" start-time="2026-08-20 08:11:01Z" end-time="2026-08-20 08:11:01Z" duration="0.000610" asserts="0">
              <properties>
                <property name="retryIteration" value="0" />
                <property name="repeatIteration" value="0" />
              </properties>
            </test-case>
          </test-suite>
          <test-suite type="TestFixture" id="1560" name="ProceduralAudioSynthesisTests" fullname="Lattirune.Tests.ProceduralAudioSynthesisTests" classname="Lattirune.Tests.ProceduralAudioSynthesisTests" runstate="Runnable" testcasecount="2" result="Passed" start-time="2026-08-20 08:11:01Z" end-time="2026-08-20 08:11:01Z" duration="0.539705" total="2" passed="2" failed="0" inconclusive="0" skipped="0" asserts="0">
            <properties />
            <test-case id="1562" name="AudioController_PlaysProceduralSfxSeamlessly" fullname="Lattirune.Tests.ProceduralAudioSynthesisTests.AudioController_PlaysProceduralSfxSeamlessly" methodname="AudioController_PlaysProceduralSfxSeamlessly" classname="Lattirune.Tests.ProceduralAudioSynthesisTests" runstate="Runnable" seed="310468078" result="Passed" start-time="2026-08-20 08:11:01Z" end-time="2026-08-20 08:11:01Z" duration="0.002369" asserts="0">
              <properties>
                <property name="retryIteration" value="0" />
                <property name="repeatIteration" value="0" />
              </properties>
            </test-case>
            <test-case id="1561" name="ProceduralSynthesizer_GeneratesValidAudioClipsForAllCanonicalCues" fullname="Lattirune.Tests.ProceduralAudioSynthesisTests.ProceduralSynthesizer_GeneratesValidAudioClipsForAllCanonicalCues" methodname="ProceduralSynthesizer_GeneratesValidAudioClipsForAllCanonicalCues" classname="Lattirune.Tests.ProceduralAudioSynthesisTests" runstate="Runnable" seed="278279431" result="Passed" start-time="2026-08-20 08:11:01Z" end-time="2026-08-20 08:11:01Z" duration="0.536710" asserts="0">
              <properties>
                <property name="retryIteration" value="0" />
                <property name="repeatIteration" value="0" />
              </properties>
            </test-case>
          </test-suite>
          <test-suite type="TestFixture" id="1563" name="ProductionHardeningTests" fullname="Lattirune.Tests.ProductionHardeningTests" classname="Lattirune.Tests.ProductionHardeningTests" runstate="Runnable" testcasecount="18" result="Passed" start-time="2026-08-20 08:11:01Z" end-time="2026-08-20 08:11:01Z" duration="0.015319" total="18" passed="18" failed="0" inconclusive="0" skipped="0" asserts="0">
            <properties />
            <test-case id="1576" name="CampfireRest_SingleUse_ChoiceACannotBeFollowedByChoiceB" fullname="Lattirune.Tests.ProductionHardeningTests.CampfireRest_SingleUse_ChoiceACannotBeFollowedByChoiceB" methodname="CampfireRest_SingleUse_ChoiceACannotBeFollowedByChoiceB" classname="Lattirune.Tests.ProductionHardeningTests" runstate="Runnable" seed="1272968295" result="Passed" start-time="2026-08-20 08:11:01Z" end-time="2026-08-20 08:11:01Z" duration="0.000976" asserts="0">
              <properties>
                <property name="retryIteration" value="0" />
                <property name="repeatIteration" value="0" />
              </properties>
            </test-case>
            <test-case id="1570" name="CombatHardening_DeadCombatant_CannotExecuteAttacks" fullname="Lattirune.Tests.ProductionHardeningTests.CombatHardening_DeadCombatant_CannotExecuteAttacks" methodname="CombatHardening_DeadCombatant_CannotExecuteAttacks" classname="Lattirune.Tests.ProductionHardeningTests" runstate="Runnable" seed="369697605" result="Passed" start-time="2026-08-20 08:11:01Z" end-time="2026-08-20 08:11:01Z" duration="0.000358" asserts="0">
              <properties>
                <property name="retryIteration" value="0" />
                <property name="repeatIteration" value="0" />
              </properties>
            </test-case>
            <test-case id="1572" name="CombatHardening_EmergencyPotion_CannotHealDeadPlayer" fullname="Lattirune.Tests.ProductionHardeningTests.CombatHardening_EmergencyPotion_CannotHealDeadPlayer" methodname="CombatHardening_EmergencyPotion_CannotHealDeadPlayer" classname="Lattirune.Tests.ProductionHardeningTests" runstate="Runnable" seed="835068859" result="Passed" start-time="2026-08-20 08:11:01Z" end-time="2026-08-20 08:11:01Z" duration="0.000347" asserts="0">
              <properties>
                <property name="retryIteration" value="0" />
                <property name="repeatIteration" value="0" />
              </properties>
            </test-case>
            <test-case id="1571" name="CombatHardening_NegativeDamage_ClampedToMinimumZeroOrOne" fullname="Lattirune.Tests.ProductionHardeningTests.CombatHardening_NegativeDamage_ClampedToMinimumZeroOrOne" methodname="CombatHardening_NegativeDamage_ClampedToMinimumZeroOrOne" classname="Lattirune.Tests.ProductionHardeningTests" runstate="Runnable" seed="1074870822" result="Passed" start-time="2026-08-20 08:11:01Z" end-time="2026-08-20 08:11:01Z" duration="0.000187" asserts="0">
              <properties>
                <property name="retryIteration" value="0" />
                <property name="repeatIteration" value="0" />
              </properties>
            </test-case>
            <test-case id="1568" name="DataAudit_BlueprintIds_AreUniqueAndValid" fullname="Lattirune.Tests.ProductionHardeningTests.DataAudit_BlueprintIds_AreUniqueAndValid" methodname="DataAudit_BlueprintIds_AreUniqueAndValid" classname="Lattirune.Tests.ProductionHardeningTests" runstate="Runnable" seed="1203521726" result="Passed" start-time="2026-08-20 08:11:01Z" end-time="2026-08-20 08:11:01Z" duration="0.000713" asserts="0">
              <properties>
                <property name="retryIteration" value="0" />
                <property name="repeatIteration" value="0" />
              </properties>
            </test-case>
            <test-case id="1564" name="DataAudit_ItemIds_AreUniqueAndValid" fullname="Lattirune.Tests.ProductionHardeningTests.DataAudit_ItemIds_AreUniqueAndValid" methodname="DataAudit_ItemIds_AreUniqueAndValid" classname="Lattirune.Tests.ProductionHardeningTests" runstate="Runnable" seed="274496786" result="Passed" start-time="2026-08-20 08:11:01Z" end-time="2026-08-20 08:11:01Z" duration="0.000890" asserts="0">
              <properties>
                <property name="retryIteration" value="0" />
                <property name="repeatIteration" value="0" />
              </properties>
            </test-case>
            <test-case id="1567" name="DataAudit_ReactionIds_AreUniqueAndValid" fullname="Lattirune.Tests.ProductionHardeningTests.DataAudit_ReactionIds_AreUniqueAndValid" methodname="DataAudit_ReactionIds_AreUniqueAndValid" classname="Lattirune.Tests.ProductionHardeningTests" runstate="Runnable" seed="390409866" result="Passed" start-time="2026-08-20 08:11:01Z" end-time="2026-08-20 08:11:01Z" duration="0.000523" asserts="0">
              <properties>
                <property name="retryIteration" value="0" />
                <property name="repeatIteration" value="0" />
              </properties>
            </test-case>
            <test-case id="1565" name="DataAudit_RuneIds_AreUniqueAndValid" fullname="Lattirune.Tests.ProductionHardeningTests.DataAudit_RuneIds_AreUniqueAndValid" methodname="DataAudit_RuneIds_AreUniqueAndValid" classname="Lattirune.Tests.ProductionHardeningTests" runstate="Runnable" seed="671370388" result="Passed" start-time="2026-08-20 08:11:01Z" end-time="2026-08-20 08:11:01Z" duration="0.000663" asserts="0">
              <properties>
                <property name="retryIteration" value="0" />
                <property name="repeatIteration" value="0" />
              </properties>
            </test-case>
            <test-case id="1566" name="DataAudit_SynergyIds_AreUniqueAndValid" fullname="Lattirune.Tests.ProductionHardeningTests.DataAudit_SynergyIds_AreUniqueAndValid" methodname="DataAudit_SynergyIds_AreUniqueAndValid" classname="Lattirune.Tests.ProductionHardeningTests" runstate="Runnable" seed="721245011" result="Passed" start-time="2026-08-20 08:11:01Z" end-time="2026-08-20 08:11:01Z" duration="0.000587" asserts="0">
              <properties>
                <property name="retryIteration" value="0" />
                <property name="repeatIteration" value="0" />
              </properties>
            </test-case>
            <test-case id="1578" name="DungeonProgression_Floor10Clearing_TransitionsToRunComplete" fullname="Lattirune.Tests.ProductionHardeningTests.DungeonProgression_Floor10Clearing_TransitionsToRunComplete" methodname="DungeonProgression_Floor10Clearing_TransitionsToRunComplete" classname="Lattirune.Tests.ProductionHardeningTests" runstate="Runnable" seed="1456282813" result="Passed" start-time="2026-08-20 08:11:01Z" end-time="2026-08-20 08:11:01Z" duration="0.000752" asserts="0">
              <properties>
                <property name="retryIteration" value="0" />
                <property name="repeatIteration" value="0" />
              </properties>
            </test-case>
            <test-case id="1577" name="DungeonProgression_RunStartsAtFloor1_AndAdvancesSequentially" fullname="Lattirune.Tests.ProductionHardeningTests.DungeonProgression_RunStartsAtFloor1_AndAdvancesSequentially" methodname="DungeonProgression_RunStartsAtFloor1_AndAdvancesSequentially" classname="Lattirune.Tests.ProductionHardeningTests" runstate="Runnable" seed="297171878" result="Passed" start-time="2026-08-20 08:11:01Z" end-time="2026-08-20 08:11:01Z" duration="0.000672" asserts="0">
              <properties>
                <property name="retryIteration" value="0" />
                <property name="repeatIteration" value="0" />
              </properties>
            </test-case>
            <test-case id="1575" name="EconomyHardening_Overdraft_DoesNotDeductCurrencyOrModifyState" fullname="Lattirune.Tests.ProductionHardeningTests.EconomyHardening_Overdraft_DoesNotDeductCurrencyOrModifyState" methodname="EconomyHardening_Overdraft_DoesNotDeductCurrencyOrModifyState" classname="Lattirune.Tests.ProductionHardeningTests" runstate="Runnable" seed="1464724812" result="Passed" start-time="2026-08-20 08:11:01Z" end-time="2026-08-20 08:11:01Z" duration="0.000928" asserts="0">
              <properties>
                <property name="retryIteration" value="0" />
                <property name="repeatIteration" value="0" />
              </properties>
            </test-case>
            <test-case id="1579" name="MetaProgression_StartingBonuses_ApplyOncePerRun_WithoutStacking" fullname="Lattirune.Tests.ProductionHardeningTests.MetaProgression_StartingBonuses_ApplyOncePerRun_WithoutStacking" methodname="MetaProgression_StartingBonuses_ApplyOncePerRun_WithoutStacking" classname="Lattirune.Tests.ProductionHardeningTests" runstate="Runnable" seed="1873202593" result="Passed" start-time="2026-08-20 08:11:01Z" end-time="2026-08-20 08:11:01Z" duration="0.000888" asserts="0">
              <properties>
                <property name="retryIteration" value="0" />
                <property name="repeatIteration" value="0" />
              </properties>
            </test-case>
            <test-case id="1580" name="NavigationSafety_CombatBackBlocked_DoesNotAbandonRun" fullname="Lattirune.Tests.ProductionHardeningTests.NavigationSafety_CombatBackBlocked_DoesNotAbandonRun" methodname="NavigationSafety_CombatBackBlocked_DoesNotAbandonRun" classname="Lattirune.Tests.ProductionHardeningTests" runstate="Runnable" seed="659937098" result="Passed" start-time="2026-08-20 08:11:01Z" end-time="2026-08-20 08:11:01Z" duration="0.000296" asserts="0">
              <properties>
                <property name="retryIteration" value="0" />
                <property name="repeatIteration" value="0" />
              </properties>
            </test-case>
            <test-case id="1574" name="RewardHardening_EmptyCatalogue_ReturnsEmptyWithoutThrowing" fullname="Lattirune.Tests.ProductionHardeningTests.RewardHardening_EmptyCatalogue_ReturnsEmptyWithoutThrowing" methodname="RewardHardening_EmptyCatalogue_ReturnsEmptyWithoutThrowing" classname="Lattirune.Tests.ProductionHardeningTests" runstate="Runnable" seed="607797982" result="Passed" start-time="2026-08-20 08:11:01Z" end-time="2026-08-20 08:11:01Z" duration="0.000314" asserts="0">
              <properties>
                <property name="retryIteration" value="0" />
                <property name="repeatIteration" value="0" />
              </properties>
            </test-case>
            <test-case id="1573" name="RewardHardening_SelectionLock_PreventsDoubleGranting" fullname="Lattirune.Tests.ProductionHardeningTests.RewardHardening_SelectionLock_PreventsDoubleGranting" methodname="RewardHardening_SelectionLock_PreventsDoubleGranting" classname="Lattirune.Tests.ProductionHardeningTests" runstate="Runnable" seed="559563049" result="Passed" start-time="2026-08-20 08:11:01Z" end-time="2026-08-20 08:11:01Z" duration="0.001465" asserts="0">
              <properties>
                <property name="retryIteration" value="0" />
                <property name="repeatIteration" value="0" />
              </properties>
              <output><![CDATA[[Lattirune.UI] Reward selection is locked. Double-selection prevented.
]]></output>
            </test-case>
            <test-case id="1581" name="SaveHardening_SaveVersion1_CompatibleWithAllSystems" fullname="Lattirune.Tests.ProductionHardeningTests.SaveHardening_SaveVersion1_CompatibleWithAllSystems" methodname="SaveHardening_SaveVersion1_CompatibleWithAllSystems" classname="Lattirune.Tests.ProductionHardeningTests" runstate="Runnable" seed="1100416171" result="Passed" start-time="2026-08-20 08:11:01Z" end-time="2026-08-20 08:11:01Z" duration="0.000267" asserts="0">
              <properties>
                <property name="retryIteration" value="0" />
                <property name="repeatIteration" value="0" />
              </properties>
            </test-case>
            <test-case id="1569" name="ScriptableObjectImmutability_CombatAndForge_LeaveDefinitionsUntouched" fullname="Lattirune.Tests.ProductionHardeningTests.ScriptableObjectImmutability_CombatAndForge_LeaveDefinitionsUntouched" methodname="ScriptableObjectImmutability_CombatAndForge_LeaveDefinitionsUntouched" classname="Lattirune.Tests.ProductionHardeningTests" runstate="Runnable" seed="458686903" result="Passed" start-time="2026-08-20 08:11:01Z" end-time="2026-08-20 08:11:01Z" duration="0.001013" asserts="0">
              <properties>
                <property name="retryIteration" value="0" />
                <property name="repeatIteration" value="0" />
              </properties>
            </test-case>
          </test-suite>
          <test-suite type="TestFixture" id="1582" name="ReactionCombatIntegrationTests" fullname="Lattirune.Tests.ReactionCombatIntegrationTests" classname="Lattirune.Tests.ReactionCombatIntegrationTests" runstate="Runnable" testcasecount="4" result="Passed" start-time="2026-08-20 08:11:01Z" end-time="2026-08-20 08:11:01Z" duration="0.003102" total="4" passed="4" failed="0" inconclusive="0" skipped="0" asserts="0">
            <properties />
            <test-case id="1585" name="ReactionCombat_Frostbite_IncreasesDamageVulnerability" fullname="Lattirune.Tests.ReactionCombatIntegrationTests.ReactionCombat_Frostbite_IncreasesDamageVulnerability" methodname="ReactionCombat_Frostbite_IncreasesDamageVulnerability" classname="Lattirune.Tests.ReactionCombatIntegrationTests" runstate="Runnable" seed="734176541" result="Passed" start-time="2026-08-20 08:11:01Z" end-time="2026-08-20 08:11:01Z" duration="0.000915" asserts="0">
              <properties>
                <property name="retryIteration" value="0" />
                <property name="repeatIteration" value="0" />
              </properties>
            </test-case>
            <test-case id="1586" name="ReactionCombat_MultipleEffects_CoexistOnSameTarget" fullname="Lattirune.Tests.ReactionCombatIntegrationTests.ReactionCombat_MultipleEffects_CoexistOnSameTarget" methodname="ReactionCombat_MultipleEffects_CoexistOnSameTarget" classname="Lattirune.Tests.ReactionCombatIntegrationTests" runstate="Runnable" seed="581088769" result="Passed" start-time="2026-08-20 08:11:01Z" end-time="2026-08-20 08:11:01Z" duration="0.000402" asserts="0">
              <properties>
                <property name="retryIteration" value="0" />
                <property name="repeatIteration" value="0" />
              </properties>
            </test-case>
            <test-case id="1583" name="ReactionCombat_Steam_InflictsBlindAttackReduction" fullname="Lattirune.Tests.ReactionCombatIntegrationTests.ReactionCombat_Steam_InflictsBlindAttackReduction" methodname="ReactionCombat_Steam_InflictsBlindAttackReduction" classname="Lattirune.Tests.ReactionCombatIntegrationTests" runstate="Runnable" seed="344419404" result="Passed" start-time="2026-08-20 08:11:01Z" end-time="2026-08-20 08:11:01Z" duration="0.000450" asserts="0">
              <properties>
                <property name="retryIteration" value="0" />
                <property name="repeatIteration" value="0" />
              </properties>
            </test-case>
            <test-case id="1584" name="ReactionCombat_Superconductor_ShredsArmorInDamagePipeline" fullname="Lattirune.Tests.ReactionCombatIntegrationTests.ReactionCombat_Superconductor_ShredsArmorInDamagePipeline" methodname="ReactionCombat_Superconductor_ShredsArmorInDamagePipeline" classname="Lattirune.Tests.ReactionCombatIntegrationTests" runstate="Runnable" seed="1144807283" result="Passed" start-time="2026-08-20 08:11:01Z" end-time="2026-08-20 08:11:01Z" duration="0.000417" asserts="0">
              <properties>
                <property name="retryIteration" value="0" />
                <property name="repeatIteration" value="0" />
              </properties>
            </test-case>
          </test-suite>
          <test-suite type="TestFixture" id="1587" name="ReleaseBlockerExecutionTests" fullname="Lattirune.Tests.ReleaseBlockerExecutionTests" classname="Lattirune.Tests.ReleaseBlockerExecutionTests" runstate="Runnable" testcasecount="16" result="Passed" start-time="2026-08-20 08:11:01Z" end-time="2026-08-20 08:11:01Z" duration="0.004568" total="16" passed="16" failed="0" inconclusive="0" skipped="0" asserts="0">
            <properties />
            <test-case id="1589" name="ReleaseBlockerExecution_AllEightBlockers_Represented" fullname="Lattirune.Tests.ReleaseBlockerExecutionTests.ReleaseBlockerExecution_AllEightBlockers_Represented" methodname="ReleaseBlockerExecution_AllEightBlockers_Represented" classname="Lattirune.Tests.ReleaseBlockerExecutionTests" runstate="Runnable" seed="1475716225" result="Passed" start-time="2026-08-20 08:11:01Z" end-time="2026-08-20 08:11:01Z" duration="0.000334" asserts="0">
              <properties>
                <property name="retryIteration" value="0" />
                <property name="repeatIteration" value="0" />
              </properties>
            </test-case>
            <test-case id="1590" name="ReleaseBlockerExecution_Ext01_PhysicalQA_NotFabricatedComplete" fullname="Lattirune.Tests.ReleaseBlockerExecutionTests.ReleaseBlockerExecution_Ext01_PhysicalQA_NotFabricatedComplete" methodname="ReleaseBlockerExecution_Ext01_PhysicalQA_NotFabricatedComplete" classname="Lattirune.Tests.ReleaseBlockerExecutionTests" runstate="Runnable" seed="1343775693" result="Passed" start-time="2026-08-20 08:11:01Z" end-time="2026-08-20 08:11:01Z" duration="0.000171" asserts="0">
              <properties>
                <property name="retryIteration" value="0" />
                <property name="repeatIteration" value="0" />
              </properties>
            </test-case>
            <test-case id="1591" name="ReleaseBlockerExecution_Ext02_PrivacyUrl_NotFabricatedComplete" fullname="Lattirune.Tests.ReleaseBlockerExecutionTests.ReleaseBlockerExecution_Ext02_PrivacyUrl_NotFabricatedComplete" methodname="ReleaseBlockerExecution_Ext02_PrivacyUrl_NotFabricatedComplete" classname="Lattirune.Tests.ReleaseBlockerExecutionTests" runstate="Runnable" seed="400201901" result="Passed" start-time="2026-08-20 08:11:01Z" end-time="2026-08-20 08:11:01Z" duration="0.000160" asserts="0">
              <properties>
                <property name="retryIteration" value="0" />
                <property name="repeatIteration" value="0" />
              </properties>
            </test-case>
            <test-case id="1592" name="ReleaseBlockerExecution_Ext03_AppIcon_NotFabricatedComplete" fullname="Lattirune.Tests.ReleaseBlockerExecutionTests.ReleaseBlockerExecution_Ext03_AppIcon_NotFabricatedComplete" methodname="ReleaseBlockerExecution_Ext03_AppIcon_NotFabricatedComplete" classname="Lattirune.Tests.ReleaseBlockerExecutionTests" runstate="Runnable" seed="1934725533" result="Passed" start-time="2026-08-20 08:11:01Z" end-time="2026-08-20 08:11:01Z" duration="0.000144" asserts="0">
              <properties>
                <property name="retryIteration" value="0" />
                <property name="repeatIteration" value="0" />
              </properties>
            </test-case>
            <test-case id="1593" name="ReleaseBlockerExecution_Ext04_FeatureGraphic_NotFabricatedComplete" fullname="Lattirune.Tests.ReleaseBlockerExecutionTests.ReleaseBlockerExecution_Ext04_FeatureGraphic_NotFabricatedComplete" methodname="ReleaseBlockerExecution_Ext04_FeatureGraphic_NotFabricatedComplete" classname="Lattirune.Tests.ReleaseBlockerExecutionTests" runstate="Runnable" seed="1158532632" result="Passed" start-time="2026-08-20 08:11:01Z" end-time="2026-08-20 08:11:01Z" duration="0.000156" asserts="0">
              <properties>
                <property name="retryIteration" value="0" />
                <property name="repeatIteration" value="0" />
              </properties>
            </test-case>
            <test-case id="1594" name="ReleaseBlockerExecution_Ext05_Screenshots_NotFabricatedComplete" fullname="Lattirune.Tests.ReleaseBlockerExecutionTests.ReleaseBlockerExecution_Ext05_Screenshots_NotFabricatedComplete" methodname="ReleaseBlockerExecution_Ext05_Screenshots_NotFabricatedComplete" classname="Lattirune.Tests.ReleaseBlockerExecutionTests" runstate="Runnable" seed="1639426546" result="Passed" start-time="2026-08-20 08:11:01Z" end-time="2026-08-20 08:11:01Z" duration="0.000154" asserts="0">
              <properties>
                <property name="retryIteration" value="0" />
                <property name="repeatIteration" value="0" />
              </properties>
            </test-case>
            <test-case id="1595" name="ReleaseBlockerExecution_Ext06_Aab_NotFabricatedComplete" fullname="Lattirune.Tests.ReleaseBlockerExecutionTests.ReleaseBlockerExecution_Ext06_Aab_NotFabricatedComplete" methodname="ReleaseBlockerExecution_Ext06_Aab_NotFabricatedComplete" classname="Lattirune.Tests.ReleaseBlockerExecutionTests" runstate="Runnable" seed="1588315242" result="Passed" start-time="2026-08-20 08:11:01Z" end-time="2026-08-20 08:11:01Z" duration="0.000146" asserts="0">
              <properties>
                <property name="retryIteration" value="0" />
                <property name="repeatIteration" value="0" />
              </properties>
            </test-case>
            <test-case id="1596" name="ReleaseBlockerExecution_Ext07_Signing_NotFabricatedComplete" fullname="Lattirune.Tests.ReleaseBlockerExecutionTests.ReleaseBlockerExecution_Ext07_Signing_NotFabricatedComplete" methodname="ReleaseBlockerExecution_Ext07_Signing_NotFabricatedComplete" classname="Lattirune.Tests.ReleaseBlockerExecutionTests" runstate="Runnable" seed="211074838" result="Passed" start-time="2026-08-20 08:11:01Z" end-time="2026-08-20 08:11:01Z" duration="0.000157" asserts="0">
              <properties>
                <property name="retryIteration" value="0" />
                <property name="repeatIteration" value="0" />
              </properties>
            </test-case>
            <test-case id="1597" name="ReleaseBlockerExecution_Ext08_PlayConsole_NotFabricatedComplete" fullname="Lattirune.Tests.ReleaseBlockerExecutionTests.ReleaseBlockerExecution_Ext08_PlayConsole_NotFabricatedComplete" methodname="ReleaseBlockerExecution_Ext08_PlayConsole_NotFabricatedComplete" classname="Lattirune.Tests.ReleaseBlockerExecutionTests" runstate="Runnable" seed="45445142" result="Passed" start-time="2026-08-20 08:11:01Z" end-time="2026-08-20 08:11:01Z" duration="0.000161" asserts="0">
              <properties>
                <property name="retryIteration" value="0" />
                <property name="repeatIteration" value="0" />
              </properties>
            </test-case>
            <test-case id="1603" name="ReleaseBlockerExecution_NoFabricatedBinaryArtifacts" fullname="Lattirune.Tests.ReleaseBlockerExecutionTests.ReleaseBlockerExecution_NoFabricatedBinaryArtifacts" methodname="ReleaseBlockerExecution_NoFabricatedBinaryArtifacts" classname="Lattirune.Tests.ReleaseBlockerExecutionTests" runstate="Runnable" seed="1565074208" result="Passed" start-time="2026-08-20 08:11:01Z" end-time="2026-08-20 08:11:01Z" duration="0.000153" asserts="0">
              <properties>
                <property name="retryIteration" value="0" />
                <property name="repeatIteration" value="0" />
              </properties>
            </test-case>
            <test-case id="1602" name="ReleaseBlockerExecution_NoProductionCredentials_Stored" fullname="Lattirune.Tests.ReleaseBlockerExecutionTests.ReleaseBlockerExecution_NoProductionCredentials_Stored" methodname="ReleaseBlockerExecution_NoProductionCredentials_Stored" classname="Lattirune.Tests.ReleaseBlockerExecutionTests" runstate="Runnable" seed="184013306" result="Passed" start-time="2026-08-20 08:11:01Z" end-time="2026-08-20 08:11:01Z" duration="0.000167" asserts="0">
              <properties>
                <property name="retryIteration" value="0" />
                <property name="repeatIteration" value="0" />
              </properties>
            </test-case>
            <test-case id="1598" name="ReleaseBlockerExecution_PackageIdentifier_Matches" fullname="Lattirune.Tests.ReleaseBlockerExecutionTests.ReleaseBlockerExecution_PackageIdentifier_Matches" methodname="ReleaseBlockerExecution_PackageIdentifier_Matches" classname="Lattirune.Tests.ReleaseBlockerExecutionTests" runstate="Runnable" seed="97550436" result="Passed" start-time="2026-08-20 08:11:01Z" end-time="2026-08-20 08:11:01Z" duration="0.000153" asserts="0">
              <properties>
                <property name="retryIteration" value="0" />
                <property name="repeatIteration" value="0" />
              </properties>
            </test-case>
            <test-case id="1588" name="ReleaseBlockerExecution_RecordDoc_Exists" fullname="Lattirune.Tests.ReleaseBlockerExecutionTests.ReleaseBlockerExecution_RecordDoc_Exists" methodname="ReleaseBlockerExecution_RecordDoc_Exists" classname="Lattirune.Tests.ReleaseBlockerExecutionTests" runstate="Runnable" seed="720039162" result="Passed" start-time="2026-08-20 08:11:01Z" end-time="2026-08-20 08:11:01Z" duration="0.000156" asserts="0">
              <properties>
                <property name="retryIteration" value="0" />
                <property name="repeatIteration" value="0" />
              </properties>
            </test-case>
            <test-case id="1601" name="ReleaseBlockerExecution_SaveVersion_Matches" fullname="Lattirune.Tests.ReleaseBlockerExecutionTests.ReleaseBlockerExecution_SaveVersion_Matches" methodname="ReleaseBlockerExecution_SaveVersion_Matches" classname="Lattirune.Tests.ReleaseBlockerExecutionTests" runstate="Runnable" seed="87487310" result="Passed" start-time="2026-08-20 08:11:01Z" end-time="2026-08-20 08:11:01Z" duration="0.000192" asserts="0">
              <properties>
                <property name="retryIteration" value="0" />
                <property name="repeatIteration" value="0" />
              </properties>
            </test-case>
            <test-case id="1600" name="ReleaseBlockerExecution_VersionCode_Matches" fullname="Lattirune.Tests.ReleaseBlockerExecutionTests.ReleaseBlockerExecution_VersionCode_Matches" methodname="ReleaseBlockerExecution_VersionCode_Matches" classname="Lattirune.Tests.ReleaseBlockerExecutionTests" runstate="Runnable" seed="1090577330" result="Passed" start-time="2026-08-20 08:11:01Z" end-time="2026-08-20 08:11:01Z" duration="0.000153" asserts="0">
              <properties>
                <property name="retryIteration" value="0" />
                <property name="repeatIteration" value="0" />
              </properties>
            </test-case>
            <test-case id="1599" name="ReleaseBlockerExecution_VersionName_Matches" fullname="Lattirune.Tests.ReleaseBlockerExecutionTests.ReleaseBlockerExecution_VersionName_Matches" methodname="ReleaseBlockerExecution_VersionName_Matches" classname="Lattirune.Tests.ReleaseBlockerExecutionTests" runstate="Runnable" seed="1054544005" result="Passed" start-time="2026-08-20 08:11:01Z" end-time="2026-08-20 08:11:01Z" duration="0.000136" asserts="0">
              <properties>
                <property name="retryIteration" value="0" />
                <property name="repeatIteration" value="0" />
              </properties>
            </test-case>
          </test-suite>
          <test-suite type="TestFixture" id="1604" name="ReleasePackageTests" fullname="Lattirune.Tests.ReleasePackageTests" classname="Lattirune.Tests.ReleasePackageTests" runstate="Runnable" testcasecount="12" result="Passed" start-time="2026-08-20 08:11:01Z" end-time="2026-08-20 08:11:01Z" duration="0.006360" total="12" passed="12" failed="0" inconclusive="0" skipped="0" asserts="0">
            <properties />
            <test-case id="1613" name="PackageTests_LichLordBoss_ExistsAndHasThreePhases" fullname="Lattirune.Tests.ReleasePackageTests.PackageTests_LichLordBoss_ExistsAndHasThreePhases" methodname="PackageTests_LichLordBoss_ExistsAndHasThreePhases" classname="Lattirune.Tests.ReleasePackageTests" runstate="Runnable" seed="1655295318" result="Passed" start-time="2026-08-20 08:11:01Z" end-time="2026-08-20 08:11:01Z" duration="0.000416" asserts="0">
              <properties>
                <property name="retryIteration" value="0" />
                <property name="repeatIteration" value="0" />
              </properties>
            </test-case>
            <test-case id="1605" name="PackageTests_PackageId_IsExactDeveloperId" fullname="Lattirune.Tests.ReleasePackageTests.PackageTests_PackageId_IsExactDeveloperId" methodname="PackageTests_PackageId_IsExactDeveloperId" classname="Lattirune.Tests.ReleasePackageTests" runstate="Runnable" seed="300350356" result="Passed" start-time="2026-08-20 08:11:01Z" end-time="2026-08-20 08:11:01Z" duration="0.000151" asserts="0">
              <properties>
                <property name="retryIteration" value="0" />
                <property name="repeatIteration" value="0" />
              </properties>
            </test-case>
            <test-case id="1616" name="PackageTests_PortraitConfiguration_IsValid" fullname="Lattirune.Tests.ReleasePackageTests.PackageTests_PortraitConfiguration_IsValid" methodname="PackageTests_PortraitConfiguration_IsValid" classname="Lattirune.Tests.ReleasePackageTests" runstate="Runnable" seed="793127692" result="Passed" start-time="2026-08-20 08:11:01Z" end-time="2026-08-20 08:11:01Z" duration="0.000176" asserts="0">
              <properties>
                <property name="retryIteration" value="0" />
                <property name="repeatIteration" value="0" />
              </properties>
            </test-case>
            <test-case id="1615" name="PackageTests_ReleaseArtifactNames_ConfiguredProperly" fullname="Lattirune.Tests.ReleasePackageTests.PackageTests_ReleaseArtifactNames_ConfiguredProperly" methodname="PackageTests_ReleaseArtifactNames_ConfiguredProperly" classname="Lattirune.Tests.ReleasePackageTests" runstate="Runnable" seed="1677153634" result="Passed" start-time="2026-08-20 08:11:01Z" end-time="2026-08-20 08:11:01Z" duration="0.000158" asserts="0">
              <properties>
                <property name="retryIteration" value="0" />
                <property name="repeatIteration" value="0" />
              </properties>
            </test-case>
            <test-case id="1614" name="PackageTests_RequiredDatabases_InstantiateCorrectly" fullname="Lattirune.Tests.ReleasePackageTests.PackageTests_RequiredDatabases_InstantiateCorrectly" methodname="PackageTests_RequiredDatabases_InstantiateCorrectly" classname="Lattirune.Tests.ReleasePackageTests" runstate="Runnable" seed="1744969017" result="Passed" start-time="2026-08-20 08:11:01Z" end-time="2026-08-20 08:11:01Z" duration="0.001352" asserts="0">
              <properties>
                <property name="retryIteration" value="0" />
                <property name="repeatIteration" value="0" />
              </properties>
            </test-case>
            <test-case id="1608" name="PackageTests_SaveVersion_IsOne" fullname="Lattirune.Tests.ReleasePackageTests.PackageTests_SaveVersion_IsOne" methodname="PackageTests_SaveVersion_IsOne" classname="Lattirune.Tests.ReleasePackageTests" runstate="Runnable" seed="1983787326" result="Passed" start-time="2026-08-20 08:11:01Z" end-time="2026-08-20 08:11:01Z" duration="0.000194" asserts="0">
              <properties>
                <property name="retryIteration" value="0" />
                <property name="repeatIteration" value="0" />
              </properties>
            </test-case>
            <test-case id="1612" name="PackageTests_SixEnemies_InBestiary" fullname="Lattirune.Tests.ReleasePackageTests.PackageTests_SixEnemies_InBestiary" methodname="PackageTests_SixEnemies_InBestiary" classname="Lattirune.Tests.ReleasePackageTests" runstate="Runnable" seed="1651204098" result="Passed" start-time="2026-08-20 08:11:01Z" end-time="2026-08-20 08:11:01Z" duration="0.000266" asserts="0">
              <properties>
                <property name="retryIteration" value="0" />
                <property name="repeatIteration" value="0" />
              </properties>
            </test-case>
            <test-case id="1609" name="PackageTests_TenFloors_InDungeonDefinition" fullname="Lattirune.Tests.ReleasePackageTests.PackageTests_TenFloors_InDungeonDefinition" methodname="PackageTests_TenFloors_InDungeonDefinition" classname="Lattirune.Tests.ReleasePackageTests" runstate="Runnable" seed="45795558" result="Passed" start-time="2026-08-20 08:11:01Z" end-time="2026-08-20 08:11:01Z" duration="0.000541" asserts="0">
              <properties>
                <property name="retryIteration" value="0" />
                <property name="repeatIteration" value="0" />
              </properties>
            </test-case>
            <test-case id="1611" name="PackageTests_TenRunes_InCanonicalDatabase" fullname="Lattirune.Tests.ReleasePackageTests.PackageTests_TenRunes_InCanonicalDatabase" methodname="PackageTests_TenRunes_InCanonicalDatabase" classname="Lattirune.Tests.ReleasePackageTests" runstate="Runnable" seed="1633036577" result="Passed" start-time="2026-08-20 08:11:01Z" end-time="2026-08-20 08:11:01Z" duration="0.000494" asserts="0">
              <properties>
                <property name="retryIteration" value="0" />
                <property name="repeatIteration" value="0" />
              </properties>
            </test-case>
            <test-case id="1610" name="PackageTests_TwentyItems_InCanonicalDatabase" fullname="Lattirune.Tests.ReleasePackageTests.PackageTests_TwentyItems_InCanonicalDatabase" methodname="PackageTests_TwentyItems_InCanonicalDatabase" classname="Lattirune.Tests.ReleasePackageTests" runstate="Runnable" seed="1232985678" result="Passed" start-time="2026-08-20 08:11:01Z" end-time="2026-08-20 08:11:01Z" duration="0.000725" asserts="0">
              <properties>
                <property name="retryIteration" value="0" />
                <property name="repeatIteration" value="0" />
              </properties>
            </test-case>
            <test-case id="1606" name="PackageTests_Version_IsOnePointZeroPointZero" fullname="Lattirune.Tests.ReleasePackageTests.PackageTests_Version_IsOnePointZeroPointZero" methodname="PackageTests_Version_IsOnePointZeroPointZero" classname="Lattirune.Tests.ReleasePackageTests" runstate="Runnable" seed="756058346" result="Passed" start-time="2026-08-20 08:11:01Z" end-time="2026-08-20 08:11:01Z" duration="0.000194" asserts="0">
              <properties>
                <property name="retryIteration" value="0" />
                <property name="repeatIteration" value="0" />
              </properties>
            </test-case>
            <test-case id="1607" name="PackageTests_VersionCode_IsOne" fullname="Lattirune.Tests.ReleasePackageTests.PackageTests_VersionCode_IsOne" methodname="PackageTests_VersionCode_IsOne" classname="Lattirune.Tests.ReleasePackageTests" runstate="Runnable" seed="1614722425" result="Passed" start-time="2026-08-20 08:11:01Z" end-time="2026-08-20 08:11:01Z" duration="0.000163" asserts="0">
              <properties>
                <property name="retryIteration" value="0" />
                <property name="repeatIteration" value="0" />
              </properties>
            </test-case>
          </test-suite>
          <test-suite type="TestFixture" id="1617" name="ReleaseVerificationTests" fullname="Lattirune.Tests.ReleaseVerificationTests" classname="Lattirune.Tests.ReleaseVerificationTests" runstate="Runnable" testcasecount="10" result="Failed" site="Child" start-time="2026-08-20 08:11:01Z" end-time="2026-08-20 08:11:01Z" duration="0.016557" total="10" passed="9" failed="1" inconclusive="0" skipped="0" asserts="0">
            <properties />
            <failure>
              <message><![CDATA[One or more child tests had errors]]></message>
            </failure>
            <test-case id="1623" name="ReleaseVerification_BlueprintForgeDatabase_CompleteAndValid" fullname="Lattirune.Tests.ReleaseVerificationTests.ReleaseVerification_BlueprintForgeDatabase_CompleteAndValid" methodname="ReleaseVerification_BlueprintForgeDatabase_CompleteAndValid" classname="Lattirune.Tests.ReleaseVerificationTests" runstate="Runnable" seed="1298770364" result="Passed" start-time="2026-08-20 08:11:01Z" end-time="2026-08-20 08:11:01Z" duration="0.000649" asserts="0">
              <properties>
                <property name="retryIteration" value="0" />
                <property name="repeatIteration" value="0" />
              </properties>
            </test-case>
            <test-case id="1622" name="ReleaseVerification_Canonical10FloorCursedSewersDungeon_CompleteAndValid" fullname="Lattirune.Tests.ReleaseVerificationTests.ReleaseVerification_Canonical10FloorCursedSewersDungeon_CompleteAndValid" methodname="ReleaseVerification_Canonical10FloorCursedSewersDungeon_CompleteAndValid" classname="Lattirune.Tests.ReleaseVerificationTests" runstate="Runnable" seed="1183117842" result="Failed" start-time="2026-08-20 08:11:01Z" end-time="2026-08-20 08:11:01Z" duration="0.000758" asserts="0">
              <properties>
                <property name="retryIteration" value="0" />
                <property name="repeatIteration" value="0" />
              </properties>
              <failure>
                <message><![CDATA[  Expected string length 27 but was 26. Strings differ at index 10.
  Expected: "Floor 8: Campfire Rest Site"
  But was:  "Floor 8: Crystalline Chasm"
  ---------------------^
]]></message>
                <stack-trace><![CDATA[at Lattirune.Tests.ReleaseVerificationTests.ReleaseVerification_Canonical10FloorCursedSewersDungeon_CompleteAndValid () [0x0004c] in C:\GAME PLAN\Assets\_Project\Tests\ReleaseVerificationTests.cs:97
]]></stack-trace>
              </failure>
            </test-case>
            <test-case id="1620" name="ReleaseVerification_Canonical10RuneCatalogue_CompleteAndValid" fullname="Lattirune.Tests.ReleaseVerificationTests.ReleaseVerification_Canonical10RuneCatalogue_CompleteAndValid" methodname="ReleaseVerification_Canonical10RuneCatalogue_CompleteAndValid" classname="Lattirune.Tests.ReleaseVerificationTests" runstate="Runnable" seed="2118586235" result="Passed" start-time="2026-08-20 08:11:01Z" end-time="2026-08-20 08:11:01Z" duration="0.000415" asserts="0">
              <properties>
                <property name="retryIteration" value="0" />
                <property name="repeatIteration" value="0" />
              </properties>
            </test-case>
            <test-case id="1619" name="ReleaseVerification_Canonical20ItemCatalogue_CompleteAndValid" fullname="Lattirune.Tests.ReleaseVerificationTests.ReleaseVerification_Canonical20ItemCatalogue_CompleteAndValid" methodname="ReleaseVerification_Canonical20ItemCatalogue_CompleteAndValid" classname="Lattirune.Tests.ReleaseVerificationTests" runstate="Runnable" seed="1979925918" result="Passed" start-time="2026-08-20 08:11:01Z" end-time="2026-08-20 08:11:01Z" duration="0.000583" asserts="0">
              <properties>
                <property name="retryIteration" value="0" />
                <property name="repeatIteration" value="0" />
              </properties>
            </test-case>
            <test-case id="1621" name="ReleaseVerification_CanonicalMasterSynergies_CompleteAndValid" fullname="Lattirune.Tests.ReleaseVerificationTests.ReleaseVerification_CanonicalMasterSynergies_CompleteAndValid" methodname="ReleaseVerification_CanonicalMasterSynergies_CompleteAndValid" classname="Lattirune.Tests.ReleaseVerificationTests" runstate="Runnable" seed="1889731353" result="Passed" start-time="2026-08-20 08:11:01Z" end-time="2026-08-20 08:11:01Z" duration="0.000373" asserts="0">
              <properties>
                <property name="retryIteration" value="0" />
                <property name="repeatIteration" value="0" />
              </properties>
            </test-case>
            <test-case id="1627" name="ReleaseVerification_EconomyPricingBalanceSheet_MatchesPlanSection13" fullname="Lattirune.Tests.ReleaseVerificationTests.ReleaseVerification_EconomyPricingBalanceSheet_MatchesPlanSection13" methodname="ReleaseVerification_EconomyPricingBalanceSheet_MatchesPlanSection13" classname="Lattirune.Tests.ReleaseVerificationTests" runstate="Runnable" seed="680696528" result="Passed" start-time="2026-08-20 08:11:01Z" end-time="2026-08-20 08:11:01Z" duration="0.000204" asserts="0">
              <properties>
                <property name="retryIteration" value="0" />
                <property name="repeatIteration" value="0" />
              </properties>
            </test-case>
            <test-case id="1625" name="ReleaseVerification_MetaRunSeparation_Preserved" fullname="Lattirune.Tests.ReleaseVerificationTests.ReleaseVerification_MetaRunSeparation_Preserved" methodname="ReleaseVerification_MetaRunSeparation_Preserved" classname="Lattirune.Tests.ReleaseVerificationTests" runstate="Runnable" seed="818776556" result="Passed" start-time="2026-08-20 08:11:01Z" end-time="2026-08-20 08:11:01Z" duration="0.000854" asserts="0">
              <properties>
                <property name="retryIteration" value="0" />
                <property name="repeatIteration" value="0" />
              </properties>
            </test-case>
            <test-case id="1626" name="ReleaseVerification_NavigationSafety_CombatBackBlocked" fullname="Lattirune.Tests.ReleaseVerificationTests.ReleaseVerification_NavigationSafety_CombatBackBlocked" methodname="ReleaseVerification_NavigationSafety_CombatBackBlocked" classname="Lattirune.Tests.ReleaseVerificationTests" runstate="Runnable" seed="945076604" result="Passed" start-time="2026-08-20 08:11:01Z" end-time="2026-08-20 08:11:01Z" duration="0.000245" asserts="0">
              <properties>
                <property name="retryIteration" value="0" />
                <property name="repeatIteration" value="0" />
              </properties>
            </test-case>
            <test-case id="1618" name="ReleaseVerification_PackageIdentityAndOrientation_MatchSpecification" fullname="Lattirune.Tests.ReleaseVerificationTests.ReleaseVerification_PackageIdentityAndOrientation_MatchSpecification" methodname="ReleaseVerification_PackageIdentityAndOrientation_MatchSpecification" classname="Lattirune.Tests.ReleaseVerificationTests" runstate="Runnable" seed="1679122408" result="Passed" start-time="2026-08-20 08:11:01Z" end-time="2026-08-20 08:11:01Z" duration="0.000164" asserts="0">
              <properties>
                <property name="retryIteration" value="0" />
                <property name="repeatIteration" value="0" />
              </properties>
            </test-case>
            <test-case id="1624" name="ReleaseVerification_SaveEncryption_AES256_Integrity" fullname="Lattirune.Tests.ReleaseVerificationTests.ReleaseVerification_SaveEncryption_AES256_Integrity" methodname="ReleaseVerification_SaveEncryption_AES256_Integrity" classname="Lattirune.Tests.ReleaseVerificationTests" runstate="Runnable" seed="2053345623" result="Passed" start-time="2026-08-20 08:11:01Z" end-time="2026-08-20 08:11:01Z" duration="0.010759" asserts="0">
              <properties>
                <property name="retryIteration" value="0" />
                <property name="repeatIteration" value="0" />
              </properties>
            </test-case>
          </test-suite>
          <test-suite type="TestFixture" id="1628" name="RelicBlueprintsExpansionTests" fullname="Lattirune.Tests.RelicBlueprintsExpansionTests" classname="Lattirune.Tests.RelicBlueprintsExpansionTests" runstate="Runnable" testcasecount="4" result="Passed" start-time="2026-08-20 08:11:01Z" end-time="2026-08-20 08:11:01Z" duration="0.003303" total="4" passed="4" failed="0" inconclusive="0" skipped="0" asserts="0">
            <properties />
            <test-case id="1629" name="BlueprintDatabase_ContainsAll19CanonicalBlueprints" fullname="Lattirune.Tests.RelicBlueprintsExpansionTests.BlueprintDatabase_ContainsAll19CanonicalBlueprints" methodname="BlueprintDatabase_ContainsAll19CanonicalBlueprints" classname="Lattirune.Tests.RelicBlueprintsExpansionTests" runstate="Runnable" seed="1634088949" result="Passed" start-time="2026-08-20 08:11:01Z" end-time="2026-08-20 08:11:01Z" duration="0.000808" asserts="0">
              <properties>
                <property name="retryIteration" value="0" />
                <property name="repeatIteration" value="0" />
              </properties>
            </test-case>
            <test-case id="1632" name="MetaProgression_CannotPurchaseWithInsufficientEmbers" fullname="Lattirune.Tests.RelicBlueprintsExpansionTests.MetaProgression_CannotPurchaseWithInsufficientEmbers" methodname="MetaProgression_CannotPurchaseWithInsufficientEmbers" classname="Lattirune.Tests.RelicBlueprintsExpansionTests" runstate="Runnable" seed="662791783" result="Passed" start-time="2026-08-20 08:11:01Z" end-time="2026-08-20 08:11:01Z" duration="0.000492" asserts="0">
              <properties>
                <property name="retryIteration" value="0" />
                <property name="repeatIteration" value="0" />
              </properties>
            </test-case>
            <test-case id="1631" name="MetaProgression_CanPurchaseAndUnlockNewBlueprints" fullname="Lattirune.Tests.RelicBlueprintsExpansionTests.MetaProgression_CanPurchaseAndUnlockNewBlueprints" methodname="MetaProgression_CanPurchaseAndUnlockNewBlueprints" classname="Lattirune.Tests.RelicBlueprintsExpansionTests" runstate="Runnable" seed="1407583583" result="Passed" start-time="2026-08-20 08:11:01Z" end-time="2026-08-20 08:11:01Z" duration="0.000483" asserts="0">
              <properties>
                <property name="retryIteration" value="0" />
                <property name="repeatIteration" value="0" />
              </properties>
            </test-case>
            <test-case id="1630" name="NewLegendaryBlueprints_ExistWithValidConfigurations" fullname="Lattirune.Tests.RelicBlueprintsExpansionTests.NewLegendaryBlueprints_ExistWithValidConfigurations" methodname="NewLegendaryBlueprints_ExistWithValidConfigurations" classname="Lattirune.Tests.RelicBlueprintsExpansionTests" runstate="Runnable" seed="608092074" result="Passed" start-time="2026-08-20 08:11:01Z" end-time="2026-08-20 08:11:01Z" duration="0.000576" asserts="0">
              <properties>
                <property name="retryIteration" value="0" />
                <property name="repeatIteration" value="0" />
              </properties>
            </test-case>
          </test-suite>
          <test-suite type="TestFixture" id="1633" name="RewardGeneratorTests" fullname="Lattirune.Tests.RewardGeneratorTests" classname="Lattirune.Tests.RewardGeneratorTests" runstate="Runnable" testcasecount="5" result="Passed" start-time="2026-08-20 08:11:01Z" end-time="2026-08-20 08:11:01Z" duration="0.002918" total="5" passed="5" failed="0" inconclusive="0" skipped="0" asserts="0">
            <properties />
            <test-case id="1638" name="RewardGenerator_EmptyOrSmallPool_HandledGracefully" fullname="Lattirune.Tests.RewardGeneratorTests.RewardGenerator_EmptyOrSmallPool_HandledGracefully" methodname="RewardGenerator_EmptyOrSmallPool_HandledGracefully" classname="Lattirune.Tests.RewardGeneratorTests" runstate="Runnable" seed="997429535" result="Passed" start-time="2026-08-20 08:11:01Z" end-time="2026-08-20 08:11:01Z" duration="0.000788" asserts="0">
              <properties>
                <property name="retryIteration" value="0" />
                <property name="repeatIteration" value="0" />
              </properties>
            </test-case>
            <test-case id="1634" name="RewardGenerator_GeneratesExactlyThreeOptions" fullname="Lattirune.Tests.RewardGeneratorTests.RewardGenerator_GeneratesExactlyThreeOptions" methodname="RewardGenerator_GeneratesExactlyThreeOptions" classname="Lattirune.Tests.RewardGeneratorTests" runstate="Runnable" seed="1233811220" result="Passed" start-time="2026-08-20 08:11:01Z" end-time="2026-08-20 08:11:01Z" duration="0.000242" asserts="0">
              <properties>
                <property name="retryIteration" value="0" />
                <property name="repeatIteration" value="0" />
              </properties>
            </test-case>
            <test-case id="1635" name="RewardGenerator_RewardIds_AreUniqueWithinSelection" fullname="Lattirune.Tests.RewardGeneratorTests.RewardGenerator_RewardIds_AreUniqueWithinSelection" methodname="RewardGenerator_RewardIds_AreUniqueWithinSelection" classname="Lattirune.Tests.RewardGeneratorTests" runstate="Runnable" seed="356602933" result="Passed" start-time="2026-08-20 08:11:01Z" end-time="2026-08-20 08:11:01Z" duration="0.000402" asserts="0">
              <properties>
                <property name="retryIteration" value="0" />
                <property name="repeatIteration" value="0" />
              </properties>
            </test-case>
            <test-case id="1636" name="RewardGenerator_Rewards_ReferenceValidItemDataAssets" fullname="Lattirune.Tests.RewardGeneratorTests.RewardGenerator_Rewards_ReferenceValidItemDataAssets" methodname="RewardGenerator_Rewards_ReferenceValidItemDataAssets" classname="Lattirune.Tests.RewardGeneratorTests" runstate="Runnable" seed="1948636394" result="Passed" start-time="2026-08-20 08:11:01Z" end-time="2026-08-20 08:11:01Z" duration="0.000359" asserts="0">
              <properties>
                <property name="retryIteration" value="0" />
                <property name="repeatIteration" value="0" />
              </properties>
            </test-case>
            <test-case id="1637" name="RewardGenerator_SeededGeneration_IsDeterministic" fullname="Lattirune.Tests.RewardGeneratorTests.RewardGenerator_SeededGeneration_IsDeterministic" methodname="RewardGenerator_SeededGeneration_IsDeterministic" classname="Lattirune.Tests.RewardGeneratorTests" runstate="Runnable" seed="764495114" result="Passed" start-time="2026-08-20 08:11:01Z" end-time="2026-08-20 08:11:01Z" duration="0.000325" asserts="0">
              <properties>
                <property name="retryIteration" value="0" />
                <property name="repeatIteration" value="0" />
              </properties>
            </test-case>
          </test-suite>
          <test-suite type="TestFixture" id="1639" name="RewardServiceTests" fullname="Lattirune.Tests.RewardServiceTests" classname="Lattirune.Tests.RewardServiceTests" runstate="Runnable" testcasecount="4" result="Passed" start-time="2026-08-20 08:11:01Z" end-time="2026-08-20 08:11:01Z" duration="0.004141" total="4" passed="4" failed="0" inconclusive="0" skipped="0" asserts="0">
            <properties />
            <test-case id="1640" name="RewardService_ApplyReward_CreatesValidItemInstance" fullname="Lattirune.Tests.RewardServiceTests.RewardService_ApplyReward_CreatesValidItemInstance" methodname="RewardService_ApplyReward_CreatesValidItemInstance" classname="Lattirune.Tests.RewardServiceTests" runstate="Runnable" seed="857365448" result="Passed" start-time="2026-08-20 08:11:01Z" end-time="2026-08-20 08:11:01Z" duration="0.000968" asserts="0">
              <properties>
                <property name="retryIteration" value="0" />
                <property name="repeatIteration" value="0" />
              </properties>
            </test-case>
            <test-case id="1641" name="RewardService_DoubleSelection_IsPreventedByLock" fullname="Lattirune.Tests.RewardServiceTests.RewardService_DoubleSelection_IsPreventedByLock" methodname="RewardService_DoubleSelection_IsPreventedByLock" classname="Lattirune.Tests.RewardServiceTests" runstate="Runnable" seed="970788519" result="Passed" start-time="2026-08-20 08:11:01Z" end-time="2026-08-20 08:11:01Z" duration="0.001036" asserts="0">
              <properties>
                <property name="retryIteration" value="0" />
                <property name="repeatIteration" value="0" />
              </properties>
              <output><![CDATA[[Lattirune.UI] Reward selection is locked. Double-selection prevented.
]]></output>
            </test-case>
            <test-case id="1642" name="RewardService_ItemDataSO_RemainsImmutableAfterRewardApplication" fullname="Lattirune.Tests.RewardServiceTests.RewardService_ItemDataSO_RemainsImmutableAfterRewardApplication" methodname="RewardService_ItemDataSO_RemainsImmutableAfterRewardApplication" classname="Lattirune.Tests.RewardServiceTests" runstate="Runnable" seed="1841880367" result="Passed" start-time="2026-08-20 08:11:01Z" end-time="2026-08-20 08:11:01Z" duration="0.000592" asserts="0">
              <properties>
                <property name="retryIteration" value="0" />
                <property name="repeatIteration" value="0" />
              </properties>
            </test-case>
            <test-case id="1643" name="RewardService_ResetSelectionLock_EnablesNewSelectionRound" fullname="Lattirune.Tests.RewardServiceTests.RewardService_ResetSelectionLock_EnablesNewSelectionRound" methodname="RewardService_ResetSelectionLock_EnablesNewSelectionRound" classname="Lattirune.Tests.RewardServiceTests" runstate="Runnable" seed="151241900" result="Passed" start-time="2026-08-20 08:11:01Z" end-time="2026-08-20 08:11:01Z" duration="0.000769" asserts="0">
              <properties>
                <property name="retryIteration" value="0" />
                <property name="repeatIteration" value="0" />
              </properties>
            </test-case>
          </test-suite>
          <test-suite type="TestFixture" id="1644" name="RuneCatalogue10Tests" fullname="Lattirune.Tests.RuneCatalogue10Tests" classname="Lattirune.Tests.RuneCatalogue10Tests" runstate="Runnable" testcasecount="12" result="Passed" start-time="2026-08-20 08:11:01Z" end-time="2026-08-20 08:11:01Z" duration="0.006181" total="12" passed="12" failed="0" inconclusive="0" skipped="0" asserts="0">
            <properties />
            <test-case id="1652" name="AmplifierNode_ElementDirectionAndOmni_MatchPlan" fullname="Lattirune.Tests.RuneCatalogue10Tests.AmplifierNode_ElementDirectionAndOmni_MatchPlan" methodname="AmplifierNode_ElementDirectionAndOmni_MatchPlan" classname="Lattirune.Tests.RuneCatalogue10Tests" runstate="Runnable" seed="278925293" result="Passed" start-time="2026-08-20 08:11:01Z" end-time="2026-08-20 08:11:01Z" duration="0.000418" asserts="0">
              <properties>
                <property name="retryIteration" value="0" />
                <property name="repeatIteration" value="0" />
              </properties>
            </test-case>
            <test-case id="1650" name="CrossfireRune_ElementDirectionAndMultiEmit_MatchPlan" fullname="Lattirune.Tests.RuneCatalogue10Tests.CrossfireRune_ElementDirectionAndMultiEmit_MatchPlan" methodname="CrossfireRune_ElementDirectionAndMultiEmit_MatchPlan" classname="Lattirune.Tests.RuneCatalogue10Tests" runstate="Runnable" seed="1015643418" result="Passed" start-time="2026-08-20 08:11:01Z" end-time="2026-08-20 08:11:01Z" duration="0.000364" asserts="0">
              <properties>
                <property name="retryIteration" value="0" />
                <property name="repeatIteration" value="0" />
              </properties>
            </test-case>
            <test-case id="1646" name="EmberRune_ElementDirectionAndBurnStats_MatchPlan" fullname="Lattirune.Tests.RuneCatalogue10Tests.EmberRune_ElementDirectionAndBurnStats_MatchPlan" methodname="EmberRune_ElementDirectionAndBurnStats_MatchPlan" classname="Lattirune.Tests.RuneCatalogue10Tests" runstate="Runnable" seed="219051226" result="Passed" start-time="2026-08-20 08:11:01Z" end-time="2026-08-20 08:11:01Z" duration="0.000374" asserts="0">
              <properties>
                <property name="retryIteration" value="0" />
                <property name="repeatIteration" value="0" />
              </properties>
            </test-case>
            <test-case id="1647" name="FrostRune_ElementDirectionAndSlowStats_MatchPlan" fullname="Lattirune.Tests.RuneCatalogue10Tests.FrostRune_ElementDirectionAndSlowStats_MatchPlan" methodname="FrostRune_ElementDirectionAndSlowStats_MatchPlan" classname="Lattirune.Tests.RuneCatalogue10Tests" runstate="Runnable" seed="55200368" result="Passed" start-time="2026-08-20 08:11:01Z" end-time="2026-08-20 08:11:01Z" duration="0.000383" asserts="0">
              <properties>
                <property name="retryIteration" value="0" />
                <property name="repeatIteration" value="0" />
              </properties>
            </test-case>
            <test-case id="1655" name="HasteRune_ElementDirectionAndHaste_MatchPlan" fullname="Lattirune.Tests.RuneCatalogue10Tests.HasteRune_ElementDirectionAndHaste_MatchPlan" methodname="HasteRune_ElementDirectionAndHaste_MatchPlan" classname="Lattirune.Tests.RuneCatalogue10Tests" runstate="Runnable" seed="1227551937" result="Passed" start-time="2026-08-20 08:11:01Z" end-time="2026-08-20 08:11:01Z" duration="0.000352" asserts="0">
              <properties>
                <property name="retryIteration" value="0" />
                <property name="repeatIteration" value="0" />
              </properties>
            </test-case>
            <test-case id="1653" name="IronRune_ElementDirectionAndShield_MatchPlan" fullname="Lattirune.Tests.RuneCatalogue10Tests.IronRune_ElementDirectionAndShield_MatchPlan" methodname="IronRune_ElementDirectionAndShield_MatchPlan" classname="Lattirune.Tests.RuneCatalogue10Tests" runstate="Runnable" seed="2002603004" result="Passed" start-time="2026-08-20 08:11:01Z" end-time="2026-08-20 08:11:01Z" duration="0.000343" asserts="0">
              <properties>
                <property name="retryIteration" value="0" />
                <property name="repeatIteration" value="0" />
              </properties>
            </test-case>
            <test-case id="1651" name="PrismRune_ElementDirectionAndSplit_MatchPlan" fullname="Lattirune.Tests.RuneCatalogue10Tests.PrismRune_ElementDirectionAndSplit_MatchPlan" methodname="PrismRune_ElementDirectionAndSplit_MatchPlan" classname="Lattirune.Tests.RuneCatalogue10Tests" runstate="Runnable" seed="1690541702" result="Passed" start-time="2026-08-20 08:11:01Z" end-time="2026-08-20 08:11:01Z" duration="0.000414" asserts="0">
              <properties>
                <property name="retryIteration" value="0" />
                <property name="repeatIteration" value="0" />
              </properties>
            </test-case>
            <test-case id="1645" name="RuneDatabase_Contains10CanonicalRunes_PlusAliases" fullname="Lattirune.Tests.RuneCatalogue10Tests.RuneDatabase_Contains10CanonicalRunes_PlusAliases" methodname="RuneDatabase_Contains10CanonicalRunes_PlusAliases" classname="Lattirune.Tests.RuneCatalogue10Tests" runstate="Runnable" seed="689597915" result="Passed" start-time="2026-08-20 08:11:01Z" end-time="2026-08-20 08:11:01Z" duration="0.000518" asserts="0">
              <properties>
                <property name="retryIteration" value="0" />
                <property name="repeatIteration" value="0" />
              </properties>
            </test-case>
            <test-case id="1656" name="RuneDatabase_Lookup_ValidAndInvalid" fullname="Lattirune.Tests.RuneCatalogue10Tests.RuneDatabase_Lookup_ValidAndInvalid" methodname="RuneDatabase_Lookup_ValidAndInvalid" classname="Lattirune.Tests.RuneCatalogue10Tests" runstate="Runnable" seed="1743876302" result="Passed" start-time="2026-08-20 08:11:01Z" end-time="2026-08-20 08:11:01Z" duration="0.000428" asserts="0">
              <properties>
                <property name="retryIteration" value="0" />
                <property name="repeatIteration" value="0" />
              </properties>
            </test-case>
            <test-case id="1648" name="SparkRune_ElementDirectionAndChainStats_MatchPlan" fullname="Lattirune.Tests.RuneCatalogue10Tests.SparkRune_ElementDirectionAndChainStats_MatchPlan" methodname="SparkRune_ElementDirectionAndChainStats_MatchPlan" classname="Lattirune.Tests.RuneCatalogue10Tests" runstate="Runnable" seed="1224957794" result="Passed" start-time="2026-08-20 08:11:01Z" end-time="2026-08-20 08:11:01Z" duration="0.000376" asserts="0">
              <properties>
                <property name="retryIteration" value="0" />
                <property name="repeatIteration" value="0" />
              </properties>
            </test-case>
            <test-case id="1654" name="VampireRune_ElementDirectionAndLifesteal_MatchPlan" fullname="Lattirune.Tests.RuneCatalogue10Tests.VampireRune_ElementDirectionAndLifesteal_MatchPlan" methodname="VampireRune_ElementDirectionAndLifesteal_MatchPlan" classname="Lattirune.Tests.RuneCatalogue10Tests" runstate="Runnable" seed="1014515358" result="Passed" start-time="2026-08-20 08:11:01Z" end-time="2026-08-20 08:11:01Z" duration="0.000392" asserts="0">
              <properties>
                <property name="retryIteration" value="0" />
                <property name="repeatIteration" value="0" />
              </properties>
            </test-case>
            <test-case id="1649" name="VenomRune_ElementDirectionAndPoisonStats_MatchPlan" fullname="Lattirune.Tests.RuneCatalogue10Tests.VenomRune_ElementDirectionAndPoisonStats_MatchPlan" methodname="VenomRune_ElementDirectionAndPoisonStats_MatchPlan" classname="Lattirune.Tests.RuneCatalogue10Tests" runstate="Runnable" seed="877033368" result="Passed" start-time="2026-08-20 08:11:01Z" end-time="2026-08-20 08:11:01Z" duration="0.000358" asserts="0">
              <properties>
                <property name="retryIteration" value="0" />
                <property name="repeatIteration" value="0" />
              </properties>
            </test-case>
          </test-suite>
          <test-suite type="TestFixture" id="1657" name="RuneConduitEngineTests" fullname="Lattirune.Tests.RuneConduitEngineTests" classname="Lattirune.Tests.RuneConduitEngineTests" runstate="Runnable" testcasecount="15" result="Passed" start-time="2026-08-20 08:11:01Z" end-time="2026-08-20 08:11:01Z" duration="0.006267" total="15" passed="15" failed="0" inconclusive="0" skipped="0" asserts="0">
            <properties />
            <test-case id="1665" name="Conduit_EastBoundary_TerminatesCleanly" fullname="Lattirune.Tests.RuneConduitEngineTests.Conduit_EastBoundary_TerminatesCleanly" methodname="Conduit_EastBoundary_TerminatesCleanly" classname="Lattirune.Tests.RuneConduitEngineTests" runstate="Runnable" seed="334233000" result="Passed" start-time="2026-08-20 08:11:01Z" end-time="2026-08-20 08:11:01Z" duration="0.000261" asserts="0">
              <properties>
                <property name="retryIteration" value="0" />
                <property name="repeatIteration" value="0" />
              </properties>
            </test-case>
            <test-case id="1660" name="Conduit_EastRay_TraversesCorrectCoordinates" fullname="Lattirune.Tests.RuneConduitEngineTests.Conduit_EastRay_TraversesCorrectCoordinates" methodname="Conduit_EastRay_TraversesCorrectCoordinates" classname="Lattirune.Tests.RuneConduitEngineTests" runstate="Runnable" seed="1238358494" result="Passed" start-time="2026-08-20 08:11:01Z" end-time="2026-08-20 08:11:01Z" duration="0.000244" asserts="0">
              <properties>
                <property name="retryIteration" value="0" />
                <property name="repeatIteration" value="0" />
              </properties>
            </test-case>
            <test-case id="1667" name="Conduit_InvalidOrigin_ReturnsInvalidOriginReason" fullname="Lattirune.Tests.RuneConduitEngineTests.Conduit_InvalidOrigin_ReturnsInvalidOriginReason" methodname="Conduit_InvalidOrigin_ReturnsInvalidOriginReason" classname="Lattirune.Tests.RuneConduitEngineTests" runstate="Runnable" seed="675871423" result="Passed" start-time="2026-08-20 08:11:01Z" end-time="2026-08-20 08:11:01Z" duration="0.000252" asserts="0">
              <properties>
                <property name="retryIteration" value="0" />
                <property name="repeatIteration" value="0" />
              </properties>
            </test-case>
            <test-case id="1668" name="Conduit_LockedCell_StopsAtLockedBoundary" fullname="Lattirune.Tests.RuneConduitEngineTests.Conduit_LockedCell_StopsAtLockedBoundary" methodname="Conduit_LockedCell_StopsAtLockedBoundary" classname="Lattirune.Tests.RuneConduitEngineTests" runstate="Runnable" seed="202602990" result="Passed" start-time="2026-08-20 08:11:01Z" end-time="2026-08-20 08:11:01Z" duration="0.000145" asserts="0">
              <properties>
                <property name="retryIteration" value="0" />
                <property name="repeatIteration" value="0" />
              </properties>
            </test-case>
            <test-case id="1672" name="Conduit_MultipleIndependentConduits_CalculatesIndependently" fullname="Lattirune.Tests.RuneConduitEngineTests.Conduit_MultipleIndependentConduits_CalculatesIndependently" methodname="Conduit_MultipleIndependentConduits_CalculatesIndependently" classname="Lattirune.Tests.RuneConduitEngineTests" runstate="Runnable" seed="1571358019" result="Passed" start-time="2026-08-20 08:11:01Z" end-time="2026-08-20 08:11:01Z" duration="0.001198" asserts="0">
              <properties>
                <property name="retryIteration" value="0" />
                <property name="repeatIteration" value="0" />
              </properties>
            </test-case>
            <test-case id="1663" name="Conduit_NorthBoundary_TerminatesCleanly" fullname="Lattirune.Tests.RuneConduitEngineTests.Conduit_NorthBoundary_TerminatesCleanly" methodname="Conduit_NorthBoundary_TerminatesCleanly" classname="Lattirune.Tests.RuneConduitEngineTests" runstate="Runnable" seed="643808223" result="Passed" start-time="2026-08-20 08:11:01Z" end-time="2026-08-20 08:11:01Z" duration="0.000178" asserts="0">
              <properties>
                <property name="retryIteration" value="0" />
                <property name="repeatIteration" value="0" />
              </properties>
            </test-case>
            <test-case id="1658" name="Conduit_NorthRay_TraversesCorrectCoordinates" fullname="Lattirune.Tests.RuneConduitEngineTests.Conduit_NorthRay_TraversesCorrectCoordinates" methodname="Conduit_NorthRay_TraversesCorrectCoordinates" classname="Lattirune.Tests.RuneConduitEngineTests" runstate="Runnable" seed="1468362158" result="Passed" start-time="2026-08-20 08:11:01Z" end-time="2026-08-20 08:11:01Z" duration="0.000232" asserts="0">
              <properties>
                <property name="retryIteration" value="0" />
                <property name="repeatIteration" value="0" />
              </properties>
            </test-case>
            <test-case id="1671" name="Conduit_NoTarget_ReturnsFalseHasTarget" fullname="Lattirune.Tests.RuneConduitEngineTests.Conduit_NoTarget_ReturnsFalseHasTarget" methodname="Conduit_NoTarget_ReturnsFalseHasTarget" classname="Lattirune.Tests.RuneConduitEngineTests" runstate="Runnable" seed="1363106785" result="Passed" start-time="2026-08-20 08:11:01Z" end-time="2026-08-20 08:11:01Z" duration="0.000320" asserts="0">
              <properties>
                <property name="retryIteration" value="0" />
                <property name="repeatIteration" value="0" />
              </properties>
            </test-case>
            <test-case id="1669" name="Conduit_OccupiedCell_PassThroughAndInsulatorModes" fullname="Lattirune.Tests.RuneConduitEngineTests.Conduit_OccupiedCell_PassThroughAndInsulatorModes" methodname="Conduit_OccupiedCell_PassThroughAndInsulatorModes" classname="Lattirune.Tests.RuneConduitEngineTests" runstate="Runnable" seed="1497726468" result="Passed" start-time="2026-08-20 08:11:01Z" end-time="2026-08-20 08:11:01Z" duration="0.000348" asserts="0">
              <properties>
                <property name="retryIteration" value="0" />
                <property name="repeatIteration" value="0" />
              </properties>
            </test-case>
            <test-case id="1662" name="Conduit_RangeLimit_TerminatesWhenRangeReached" fullname="Lattirune.Tests.RuneConduitEngineTests.Conduit_RangeLimit_TerminatesWhenRangeReached" methodname="Conduit_RangeLimit_TerminatesWhenRangeReached" classname="Lattirune.Tests.RuneConduitEngineTests" runstate="Runnable" seed="722075668" result="Passed" start-time="2026-08-20 08:11:01Z" end-time="2026-08-20 08:11:01Z" duration="0.000206" asserts="0">
              <properties>
                <property name="retryIteration" value="0" />
                <property name="repeatIteration" value="0" />
              </properties>
            </test-case>
            <test-case id="1664" name="Conduit_SouthBoundary_TerminatesCleanly" fullname="Lattirune.Tests.RuneConduitEngineTests.Conduit_SouthBoundary_TerminatesCleanly" methodname="Conduit_SouthBoundary_TerminatesCleanly" classname="Lattirune.Tests.RuneConduitEngineTests" runstate="Runnable" seed="225564635" result="Passed" start-time="2026-08-20 08:11:01Z" end-time="2026-08-20 08:11:01Z" duration="0.000167" asserts="0">
              <properties>
                <property name="retryIteration" value="0" />
                <property name="repeatIteration" value="0" />
              </properties>
            </test-case>
            <test-case id="1659" name="Conduit_SouthRay_TraversesCorrectCoordinates" fullname="Lattirune.Tests.RuneConduitEngineTests.Conduit_SouthRay_TraversesCorrectCoordinates" methodname="Conduit_SouthRay_TraversesCorrectCoordinates" classname="Lattirune.Tests.RuneConduitEngineTests" runstate="Runnable" seed="1259435160" result="Passed" start-time="2026-08-20 08:11:01Z" end-time="2026-08-20 08:11:01Z" duration="0.000229" asserts="0">
              <properties>
                <property name="retryIteration" value="0" />
                <property name="repeatIteration" value="0" />
              </properties>
            </test-case>
            <test-case id="1670" name="Conduit_TargetDetection_DetectsTargetAndStops" fullname="Lattirune.Tests.RuneConduitEngineTests.Conduit_TargetDetection_DetectsTargetAndStops" methodname="Conduit_TargetDetection_DetectsTargetAndStops" classname="Lattirune.Tests.RuneConduitEngineTests" runstate="Runnable" seed="297864795" result="Passed" start-time="2026-08-20 08:11:01Z" end-time="2026-08-20 08:11:01Z" duration="0.000314" asserts="0">
              <properties>
                <property name="retryIteration" value="0" />
                <property name="repeatIteration" value="0" />
              </properties>
            </test-case>
            <test-case id="1666" name="Conduit_WestBoundary_TerminatesCleanly" fullname="Lattirune.Tests.RuneConduitEngineTests.Conduit_WestBoundary_TerminatesCleanly" methodname="Conduit_WestBoundary_TerminatesCleanly" classname="Lattirune.Tests.RuneConduitEngineTests" runstate="Runnable" seed="128637801" result="Passed" start-time="2026-08-20 08:11:01Z" end-time="2026-08-20 08:11:01Z" duration="0.000175" asserts="0">
              <properties>
                <property name="retryIteration" value="0" />
                <property name="repeatIteration" value="0" />
              </properties>
            </test-case>
            <test-case id="1661" name="Conduit_WestRay_TraversesCorrectCoordinates" fullname="Lattirune.Tests.RuneConduitEngineTests.Conduit_WestRay_TraversesCorrectCoordinates" methodname="Conduit_WestRay_TraversesCorrectCoordinates" classname="Lattirune.Tests.RuneConduitEngineTests" runstate="Runnable" seed="1433883324" result="Passed" start-time="2026-08-20 08:11:01Z" end-time="2026-08-20 08:11:01Z" duration="0.000218" asserts="0">
              <properties>
                <property name="retryIteration" value="0" />
                <property name="repeatIteration" value="0" />
              </properties>
            </test-case>
          </test-suite>
          <test-suite type="TestFixture" id="1673" name="RunEventIntegrationTests" fullname="Lattirune.Tests.RunEventIntegrationTests" classname="Lattirune.Tests.RunEventIntegrationTests" runstate="Runnable" testcasecount="6" result="Passed" start-time="2026-08-20 08:11:01Z" end-time="2026-08-20 08:11:01Z" duration="0.005395" total="6" passed="6" failed="0" inconclusive="0" skipped="0" asserts="0">
            <properties />
            <test-case id="1678" name="EventPresenter_ReproducibleEventSequenceWithSameSeed" fullname="Lattirune.Tests.RunEventIntegrationTests.EventPresenter_ReproducibleEventSequenceWithSameSeed" methodname="EventPresenter_ReproducibleEventSequenceWithSameSeed" classname="Lattirune.Tests.RunEventIntegrationTests" runstate="Runnable" seed="1793128729" result="Passed" start-time="2026-08-20 08:11:01Z" end-time="2026-08-20 08:11:01Z" duration="0.000995" asserts="0">
              <properties>
                <property name="retryIteration" value="0" />
                <property name="repeatIteration" value="0" />
              </properties>
            </test-case>
            <test-case id="1675" name="EventTrigger_ExcludesMerchantCampfireAndBossFloors" fullname="Lattirune.Tests.RunEventIntegrationTests.EventTrigger_ExcludesMerchantCampfireAndBossFloors" methodname="EventTrigger_ExcludesMerchantCampfireAndBossFloors" classname="Lattirune.Tests.RunEventIntegrationTests" runstate="Runnable" seed="622461745" result="Passed" start-time="2026-08-20 08:11:01Z" end-time="2026-08-20 08:11:01Z" duration="0.000440" asserts="0">
              <properties>
                <property name="retryIteration" value="0" />
                <property name="repeatIteration" value="0" />
              </properties>
            </test-case>
            <test-case id="1674" name="EventTrigger_NeverTriggersDuringActiveCombat" fullname="Lattirune.Tests.RunEventIntegrationTests.EventTrigger_NeverTriggersDuringActiveCombat" methodname="EventTrigger_NeverTriggersDuringActiveCombat" classname="Lattirune.Tests.RunEventIntegrationTests" runstate="Runnable" seed="686073591" result="Passed" start-time="2026-08-20 08:11:01Z" end-time="2026-08-20 08:11:01Z" duration="0.000531" asserts="0">
              <properties>
                <property name="retryIteration" value="0" />
                <property name="repeatIteration" value="0" />
              </properties>
            </test-case>
            <test-case id="1677" name="RunEventMobilePanel_ChoiceExecution_UpdatesResourcesAndModifiersImmediately" fullname="Lattirune.Tests.RunEventIntegrationTests.RunEventMobilePanel_ChoiceExecution_UpdatesResourcesAndModifiersImmediately" methodname="RunEventMobilePanel_ChoiceExecution_UpdatesResourcesAndModifiersImmediately" classname="Lattirune.Tests.RunEventIntegrationTests" runstate="Runnable" seed="355923875" result="Passed" start-time="2026-08-20 08:11:01Z" end-time="2026-08-20 08:11:01Z" duration="0.000806" asserts="0">
              <properties>
                <property name="retryIteration" value="0" />
                <property name="repeatIteration" value="0" />
              </properties>
            </test-case>
            <test-case id="1676" name="RunEventPresenter_PausesRunAndPresentsEligibleEvent" fullname="Lattirune.Tests.RunEventIntegrationTests.RunEventPresenter_PausesRunAndPresentsEligibleEvent" methodname="RunEventPresenter_PausesRunAndPresentsEligibleEvent" classname="Lattirune.Tests.RunEventIntegrationTests" runstate="Runnable" seed="250386119" result="Passed" start-time="2026-08-20 08:11:01Z" end-time="2026-08-20 08:11:01Z" duration="0.001466" asserts="0">
              <properties>
                <property name="retryIteration" value="0" />
                <property name="repeatIteration" value="0" />
              </properties>
            </test-case>
            <test-case id="1679" name="SaveCompatibility_SaveVersionRemainsOneAndLegacyLoadsSafely" fullname="Lattirune.Tests.RunEventIntegrationTests.SaveCompatibility_SaveVersionRemainsOneAndLegacyLoadsSafely" methodname="SaveCompatibility_SaveVersionRemainsOneAndLegacyLoadsSafely" classname="Lattirune.Tests.RunEventIntegrationTests" runstate="Runnable" seed="1219327768" result="Passed" start-time="2026-08-20 08:11:01Z" end-time="2026-08-20 08:11:01Z" duration="0.000271" asserts="0">
              <properties>
                <property name="retryIteration" value="0" />
                <property name="repeatIteration" value="0" />
              </properties>
            </test-case>
          </test-suite>
          <test-suite type="TestFixture" id="1680" name="RunEventSystemTests" fullname="Lattirune.Tests.RunEventSystemTests" classname="Lattirune.Tests.RunEventSystemTests" runstate="Runnable" testcasecount="17" result="Passed" start-time="2026-08-20 08:11:01Z" end-time="2026-08-20 08:11:01Z" duration="0.010264" total="17" passed="17" failed="0" inconclusive="0" skipped="0" asserts="0">
            <properties />
            <test-case id="1683" name="CanonicalDatabase_ContainsAtLeastEightValidEvents" fullname="Lattirune.Tests.RunEventSystemTests.CanonicalDatabase_ContainsAtLeastEightValidEvents" methodname="CanonicalDatabase_ContainsAtLeastEightValidEvents" classname="Lattirune.Tests.RunEventSystemTests" runstate="Runnable" seed="161906381" result="Passed" start-time="2026-08-20 08:11:01Z" end-time="2026-08-20 08:11:01Z" duration="0.000812" asserts="0">
              <properties>
                <property name="retryIteration" value="0" />
                <property name="repeatIteration" value="0" />
              </properties>
            </test-case>
            <test-case id="1684" name="EventDatabase_FloorFiltering_RespectsFloorConstraints" fullname="Lattirune.Tests.RunEventSystemTests.EventDatabase_FloorFiltering_RespectsFloorConstraints" methodname="EventDatabase_FloorFiltering_RespectsFloorConstraints" classname="Lattirune.Tests.RunEventSystemTests" runstate="Runnable" seed="1591603207" result="Passed" start-time="2026-08-20 08:11:01Z" end-time="2026-08-20 08:11:01Z" duration="0.000588" asserts="0">
              <properties>
                <property name="retryIteration" value="0" />
                <property name="repeatIteration" value="0" />
              </properties>
            </test-case>
            <test-case id="1681" name="EventDefinition_CreationAndValidation_PassesForValidData" fullname="Lattirune.Tests.RunEventSystemTests.EventDefinition_CreationAndValidation_PassesForValidData" methodname="EventDefinition_CreationAndValidation_PassesForValidData" classname="Lattirune.Tests.RunEventSystemTests" runstate="Runnable" seed="1245917761" result="Passed" start-time="2026-08-20 08:11:01Z" end-time="2026-08-20 08:11:01Z" duration="0.000505" asserts="0">
              <properties>
                <property name="retryIteration" value="0" />
                <property name="repeatIteration" value="0" />
              </properties>
            </test-case>
            <test-case id="1682" name="EventDefinition_InvalidMetadata_IsProperlyRejected" fullname="Lattirune.Tests.RunEventSystemTests.EventDefinition_InvalidMetadata_IsProperlyRejected" methodname="EventDefinition_InvalidMetadata_IsProperlyRejected" classname="Lattirune.Tests.RunEventSystemTests" runstate="Runnable" seed="739394108" result="Passed" start-time="2026-08-20 08:11:01Z" end-time="2026-08-20 08:11:01Z" duration="0.000392" asserts="0">
              <properties>
                <property name="retryIteration" value="0" />
                <property name="repeatIteration" value="0" />
              </properties>
            </test-case>
            <test-case id="1695" name="EventService_CursedTreasury_AppliesGoldAndCurseModifier" fullname="Lattirune.Tests.RunEventSystemTests.EventService_CursedTreasury_AppliesGoldAndCurseModifier" methodname="EventService_CursedTreasury_AppliesGoldAndCurseModifier" classname="Lattirune.Tests.RunEventSystemTests" runstate="Runnable" seed="1004755187" result="Passed" start-time="2026-08-20 08:11:01Z" end-time="2026-08-20 08:11:01Z" duration="0.000721" asserts="0">
              <properties>
                <property name="retryIteration" value="0" />
                <property name="repeatIteration" value="0" />
              </properties>
            </test-case>
            <test-case id="1685" name="EventService_DeterministicRNG_SameSeedProducesIdenticalSelections" fullname="Lattirune.Tests.RunEventSystemTests.EventService_DeterministicRNG_SameSeedProducesIdenticalSelections" methodname="EventService_DeterministicRNG_SameSeedProducesIdenticalSelections" classname="Lattirune.Tests.RunEventSystemTests" runstate="Runnable" seed="1182286405" result="Passed" start-time="2026-08-20 08:11:01Z" end-time="2026-08-20 08:11:01Z" duration="0.000662" asserts="0">
              <properties>
                <property name="retryIteration" value="0" />
                <property name="repeatIteration" value="0" />
              </properties>
            </test-case>
            <test-case id="1694" name="EventService_FullTransactionExecution_AppliesOutcomesAccurately" fullname="Lattirune.Tests.RunEventSystemTests.EventService_FullTransactionExecution_AppliesOutcomesAccurately" methodname="EventService_FullTransactionExecution_AppliesOutcomesAccurately" classname="Lattirune.Tests.RunEventSystemTests" runstate="Runnable" seed="468680011" result="Passed" start-time="2026-08-20 08:11:01Z" end-time="2026-08-20 08:11:01Z" duration="0.000715" asserts="0">
              <properties>
                <property name="retryIteration" value="0" />
                <property name="repeatIteration" value="0" />
              </properties>
            </test-case>
            <test-case id="1686" name="EventService_ZeroWeightEvents_AreIgnoredInSelection" fullname="Lattirune.Tests.RunEventSystemTests.EventService_ZeroWeightEvents_AreIgnoredInSelection" methodname="EventService_ZeroWeightEvents_AreIgnoredInSelection" classname="Lattirune.Tests.RunEventSystemTests" runstate="Runnable" seed="948476460" result="Passed" start-time="2026-08-20 08:11:01Z" end-time="2026-08-20 08:11:01Z" duration="0.000640" asserts="0">
              <properties>
                <property name="retryIteration" value="0" />
                <property name="repeatIteration" value="0" />
              </properties>
            </test-case>
            <test-case id="1692" name="RunEventResolver_DuplicateModifier_IsRejected" fullname="Lattirune.Tests.RunEventSystemTests.RunEventResolver_DuplicateModifier_IsRejected" methodname="RunEventResolver_DuplicateModifier_IsRejected" classname="Lattirune.Tests.RunEventSystemTests" runstate="Runnable" seed="776884620" result="Passed" start-time="2026-08-20 08:11:01Z" end-time="2026-08-20 08:11:01Z" duration="0.000465" asserts="0">
              <properties>
                <property name="retryIteration" value="0" />
                <property name="repeatIteration" value="0" />
              </properties>
            </test-case>
            <test-case id="1688" name="RunEventResolver_GoldCostAndReward_CalculatesAccurateDelta" fullname="Lattirune.Tests.RunEventSystemTests.RunEventResolver_GoldCostAndReward_CalculatesAccurateDelta" methodname="RunEventResolver_GoldCostAndReward_CalculatesAccurateDelta" classname="Lattirune.Tests.RunEventSystemTests" runstate="Runnable" seed="1412374253" result="Passed" start-time="2026-08-20 08:11:01Z" end-time="2026-08-20 08:11:01Z" duration="0.000337" asserts="0">
              <properties>
                <property name="retryIteration" value="0" />
                <property name="repeatIteration" value="0" />
              </properties>
            </test-case>
            <test-case id="1691" name="RunEventResolver_HealthRestoration_CalculatesPositiveHpDelta" fullname="Lattirune.Tests.RunEventSystemTests.RunEventResolver_HealthRestoration_CalculatesPositiveHpDelta" methodname="RunEventResolver_HealthRestoration_CalculatesPositiveHpDelta" classname="Lattirune.Tests.RunEventSystemTests" runstate="Runnable" seed="2103556691" result="Passed" start-time="2026-08-20 08:11:01Z" end-time="2026-08-20 08:11:01Z" duration="0.000333" asserts="0">
              <properties>
                <property name="retryIteration" value="0" />
                <property name="repeatIteration" value="0" />
              </properties>
            </test-case>
            <test-case id="1690" name="RunEventResolver_HealthSacrificeAndLethalRejection" fullname="Lattirune.Tests.RunEventSystemTests.RunEventResolver_HealthSacrificeAndLethalRejection" methodname="RunEventResolver_HealthSacrificeAndLethalRejection" classname="Lattirune.Tests.RunEventSystemTests" runstate="Runnable" seed="708004159" result="Passed" start-time="2026-08-20 08:11:01Z" end-time="2026-08-20 08:11:01Z" duration="0.000369" asserts="0">
              <properties>
                <property name="retryIteration" value="0" />
                <property name="repeatIteration" value="0" />
              </properties>
            </test-case>
            <test-case id="1689" name="RunEventResolver_InsufficientGold_ReturnsFailure" fullname="Lattirune.Tests.RunEventSystemTests.RunEventResolver_InsufficientGold_ReturnsFailure" methodname="RunEventResolver_InsufficientGold_ReturnsFailure" classname="Lattirune.Tests.RunEventSystemTests" runstate="Runnable" seed="2009037547" result="Passed" start-time="2026-08-20 08:11:01Z" end-time="2026-08-20 08:11:01Z" duration="0.000372" asserts="0">
              <properties>
                <property name="retryIteration" value="0" />
                <property name="repeatIteration" value="0" />
              </properties>
            </test-case>
            <test-case id="1687" name="RunEventResolver_IsPure_DoesNotMutateInputs" fullname="Lattirune.Tests.RunEventSystemTests.RunEventResolver_IsPure_DoesNotMutateInputs" methodname="RunEventResolver_IsPure_DoesNotMutateInputs" classname="Lattirune.Tests.RunEventSystemTests" runstate="Runnable" seed="961580821" result="Passed" start-time="2026-08-20 08:11:01Z" end-time="2026-08-20 08:11:01Z" duration="0.000416" asserts="0">
              <properties>
                <property name="retryIteration" value="0" />
                <property name="repeatIteration" value="0" />
              </properties>
            </test-case>
            <test-case id="1693" name="RunEventResolver_OneTimeUseChoice_IsRejectedIfAlreadyConsumed" fullname="Lattirune.Tests.RunEventSystemTests.RunEventResolver_OneTimeUseChoice_IsRejectedIfAlreadyConsumed" methodname="RunEventResolver_OneTimeUseChoice_IsRejectedIfAlreadyConsumed" classname="Lattirune.Tests.RunEventSystemTests" runstate="Runnable" seed="785423116" result="Passed" start-time="2026-08-20 08:11:01Z" end-time="2026-08-20 08:11:01Z" duration="0.000370" asserts="0">
              <properties>
                <property name="retryIteration" value="0" />
                <property name="repeatIteration" value="0" />
              </properties>
            </test-case>
            <test-case id="1697" name="SaveCompatibility_LegacySave_LoadsWithoutEventSystemErrors" fullname="Lattirune.Tests.RunEventSystemTests.SaveCompatibility_LegacySave_LoadsWithoutEventSystemErrors" methodname="SaveCompatibility_LegacySave_LoadsWithoutEventSystemErrors" classname="Lattirune.Tests.RunEventSystemTests" runstate="Runnable" seed="1681603914" result="Passed" start-time="2026-08-20 08:11:01Z" end-time="2026-08-20 08:11:01Z" duration="0.000259" asserts="0">
              <properties>
                <property name="retryIteration" value="0" />
                <property name="repeatIteration" value="0" />
              </properties>
            </test-case>
            <test-case id="1696" name="SaveCompatibility_SaveVersionRemainsOne" fullname="Lattirune.Tests.RunEventSystemTests.SaveCompatibility_SaveVersionRemainsOne" methodname="SaveCompatibility_SaveVersionRemainsOne" classname="Lattirune.Tests.RunEventSystemTests" runstate="Runnable" seed="2046192664" result="Passed" start-time="2026-08-20 08:11:01Z" end-time="2026-08-20 08:11:01Z" duration="0.000169" asserts="0">
              <properties>
                <property name="retryIteration" value="0" />
                <property name="repeatIteration" value="0" />
              </properties>
            </test-case>
          </test-suite>
          <test-suite type="TestFixture" id="1698" name="RunManagerTests" fullname="Lattirune.Tests.RunManagerTests" classname="Lattirune.Tests.RunManagerTests" runstate="Runnable" testcasecount="5" result="Failed" site="Child" start-time="2026-08-20 08:11:01Z" end-time="2026-08-20 08:11:01Z" duration="0.004516" total="5" passed="4" failed="1" inconclusive="0" skipped="0" asserts="0">
            <properties />
            <failure>
              <message><![CDATA[One or more child tests had errors]]></message>
            </failure>
            <test-case id="1703" name="RunManager_EliteEncounter_AssignsEliteAffix" fullname="Lattirune.Tests.RunManagerTests.RunManager_EliteEncounter_AssignsEliteAffix" methodname="RunManager_EliteEncounter_AssignsEliteAffix" classname="Lattirune.Tests.RunManagerTests" runstate="Runnable" seed="1269638239" result="Failed" start-time="2026-08-20 08:11:01Z" end-time="2026-08-20 08:11:01Z" duration="0.000891" asserts="0">
              <properties>
                <property name="retryIteration" value="0" />
                <property name="repeatIteration" value="0" />
              </properties>
              <failure>
                <message><![CDATA[  Floor 5 enemy must have an active Elite Affix.
  Expected: True
  But was:  False
]]></message>
                <stack-trace><![CDATA[at Lattirune.Tests.RunManagerTests.RunManager_EliteEncounter_AssignsEliteAffix () [0x0001c] in C:\GAME PLAN\Assets\_Project\Tests\RunManagerTests.cs:165
]]></stack-trace>
              </failure>
            </test-case>
            <test-case id="1700" name="RunManager_EncounterSetup_InitializesEnemyStatsCorrectly" fullname="Lattirune.Tests.RunManagerTests.RunManager_EncounterSetup_InitializesEnemyStatsCorrectly" methodname="RunManager_EncounterSetup_InitializesEnemyStatsCorrectly" classname="Lattirune.Tests.RunManagerTests" runstate="Runnable" seed="834396002" result="Passed" start-time="2026-08-20 08:11:01Z" end-time="2026-08-20 08:11:01Z" duration="0.000452" asserts="0">
              <properties>
                <property name="retryIteration" value="0" />
                <property name="repeatIteration" value="0" />
              </properties>
            </test-case>
            <test-case id="1702" name="RunManager_EndlessMode_ScalesEnemyHpAndAttack" fullname="Lattirune.Tests.RunManagerTests.RunManager_EndlessMode_ScalesEnemyHpAndAttack" methodname="RunManager_EndlessMode_ScalesEnemyHpAndAttack" classname="Lattirune.Tests.RunManagerTests" runstate="Runnable" seed="975956883" result="Passed" start-time="2026-08-20 08:11:01Z" end-time="2026-08-20 08:11:01Z" duration="0.000861" asserts="0">
              <properties>
                <property name="retryIteration" value="0" />
                <property name="repeatIteration" value="0" />
              </properties>
            </test-case>
            <test-case id="1701" name="RunManager_SaveData_PersistsAndRestoresRunState" fullname="Lattirune.Tests.RunManagerTests.RunManager_SaveData_PersistsAndRestoresRunState" methodname="RunManager_SaveData_PersistsAndRestoresRunState" classname="Lattirune.Tests.RunManagerTests" runstate="Runnable" seed="1654842075" result="Passed" start-time="2026-08-20 08:11:01Z" end-time="2026-08-20 08:11:01Z" duration="0.000661" asserts="0">
              <properties>
                <property name="retryIteration" value="0" />
                <property name="repeatIteration" value="0" />
              </properties>
            </test-case>
            <test-case id="1699" name="RunManager_ThreeFloorProgression_CompletesRunOnFinalBoss" fullname="Lattirune.Tests.RunManagerTests.RunManager_ThreeFloorProgression_CompletesRunOnFinalBoss" methodname="RunManager_ThreeFloorProgression_CompletesRunOnFinalBoss" classname="Lattirune.Tests.RunManagerTests" runstate="Runnable" seed="1434531753" result="Passed" start-time="2026-08-20 08:11:01Z" end-time="2026-08-20 08:11:01Z" duration="0.000680" asserts="0">
              <properties>
                <property name="retryIteration" value="0" />
                <property name="repeatIteration" value="0" />
              </properties>
            </test-case>
          </test-suite>
          <test-suite type="TestFixture" id="1704" name="RunModifierGameplayIntegrationTests" fullname="Lattirune.Tests.RunModifierGameplayIntegrationTests" classname="Lattirune.Tests.RunModifierGameplayIntegrationTests" runstate="Runnable" testcasecount="5" result="Passed" start-time="2026-08-20 08:11:01Z" end-time="2026-08-20 08:11:01Z" duration="0.003723" total="5" passed="5" failed="0" inconclusive="0" skipped="0" asserts="0">
            <properties />
            <test-case id="1707" name="CurseOfVulnerability_ReducesEffectivePlayerArmor" fullname="Lattirune.Tests.RunModifierGameplayIntegrationTests.CurseOfVulnerability_ReducesEffectivePlayerArmor" methodname="CurseOfVulnerability_ReducesEffectivePlayerArmor" classname="Lattirune.Tests.RunModifierGameplayIntegrationTests" runstate="Runnable" seed="527379348" result="Passed" start-time="2026-08-20 08:11:01Z" end-time="2026-08-20 08:11:01Z" duration="0.000601" asserts="0">
              <properties>
                <property name="retryIteration" value="0" />
                <property name="repeatIteration" value="0" />
              </properties>
            </test-case>
            <test-case id="1705" name="DamageMultiplier_IncreasesPlayerDamageInCombat" fullname="Lattirune.Tests.RunModifierGameplayIntegrationTests.DamageMultiplier_IncreasesPlayerDamageInCombat" methodname="DamageMultiplier_IncreasesPlayerDamageInCombat" classname="Lattirune.Tests.RunModifierGameplayIntegrationTests" runstate="Runnable" seed="1036137062" result="Passed" start-time="2026-08-20 08:11:01Z" end-time="2026-08-20 08:11:01Z" duration="0.000485" asserts="0">
              <properties>
                <property name="retryIteration" value="0" />
                <property name="repeatIteration" value="0" />
              </properties>
            </test-case>
            <test-case id="1706" name="ElementalDamageBonus_ScalesActiveRuneBonus" fullname="Lattirune.Tests.RunModifierGameplayIntegrationTests.ElementalDamageBonus_ScalesActiveRuneBonus" methodname="ElementalDamageBonus_ScalesActiveRuneBonus" classname="Lattirune.Tests.RunModifierGameplayIntegrationTests" runstate="Runnable" seed="1902417667" result="Passed" start-time="2026-08-20 08:11:01Z" end-time="2026-08-20 08:11:01Z" duration="0.000475" asserts="0">
              <properties>
                <property name="retryIteration" value="0" />
                <property name="repeatIteration" value="0" />
              </properties>
            </test-case>
            <test-case id="1708" name="GoldMultiplier_ScalesEncounterVictoryGold" fullname="Lattirune.Tests.RunModifierGameplayIntegrationTests.GoldMultiplier_ScalesEncounterVictoryGold" methodname="GoldMultiplier_ScalesEncounterVictoryGold" classname="Lattirune.Tests.RunModifierGameplayIntegrationTests" runstate="Runnable" seed="1133094359" result="Passed" start-time="2026-08-20 08:11:01Z" end-time="2026-08-20 08:11:01Z" duration="0.000789" asserts="0">
              <properties>
                <property name="retryIteration" value="0" />
                <property name="repeatIteration" value="0" />
              </properties>
            </test-case>
            <test-case id="1709" name="IronShell_IncreasesEffectivePlayerArmor" fullname="Lattirune.Tests.RunModifierGameplayIntegrationTests.IronShell_IncreasesEffectivePlayerArmor" methodname="IronShell_IncreasesEffectivePlayerArmor" classname="Lattirune.Tests.RunModifierGameplayIntegrationTests" runstate="Runnable" seed="707587219" result="Passed" start-time="2026-08-20 08:11:01Z" end-time="2026-08-20 08:11:01Z" duration="0.000512" asserts="0">
              <properties>
                <property name="retryIteration" value="0" />
                <property name="repeatIteration" value="0" />
              </properties>
            </test-case>
          </test-suite>
          <test-suite type="TestFixture" id="1710" name="RunStateMachineTests" fullname="Lattirune.Tests.RunStateMachineTests" classname="Lattirune.Tests.RunStateMachineTests" runstate="Runnable" testcasecount="8" result="Passed" start-time="2026-08-20 08:11:01Z" end-time="2026-08-20 08:11:01Z" duration="0.005417" total="8" passed="8" failed="0" inconclusive="0" skipped="0" asserts="0">
            <properties />
            <test-case id="1711" name="DungeonData_ValidatesCorrectly" fullname="Lattirune.Tests.RunStateMachineTests.DungeonData_ValidatesCorrectly" methodname="DungeonData_ValidatesCorrectly" classname="Lattirune.Tests.RunStateMachineTests" runstate="Runnable" seed="909508658" result="Passed" start-time="2026-08-20 08:11:01Z" end-time="2026-08-20 08:11:01Z" duration="0.000686" asserts="0">
              <properties>
                <property name="retryIteration" value="0" />
                <property name="repeatIteration" value="0" />
              </properties>
            </test-case>
            <test-case id="1713" name="EncounterData_ValidatesCorrectly" fullname="Lattirune.Tests.RunStateMachineTests.EncounterData_ValidatesCorrectly" methodname="EncounterData_ValidatesCorrectly" classname="Lattirune.Tests.RunStateMachineTests" runstate="Runnable" seed="1971561221" result="Passed" start-time="2026-08-20 08:11:01Z" end-time="2026-08-20 08:11:01Z" duration="0.000467" asserts="0">
              <properties>
                <property name="retryIteration" value="0" />
                <property name="repeatIteration" value="0" />
              </properties>
            </test-case>
            <test-case id="1712" name="FloorData_ValidatesCorrectly" fullname="Lattirune.Tests.RunStateMachineTests.FloorData_ValidatesCorrectly" methodname="FloorData_ValidatesCorrectly" classname="Lattirune.Tests.RunStateMachineTests" runstate="Runnable" seed="482347680" result="Passed" start-time="2026-08-20 08:11:01Z" end-time="2026-08-20 08:11:01Z" duration="0.000483" asserts="0">
              <properties>
                <property name="retryIteration" value="0" />
                <property name="repeatIteration" value="0" />
              </properties>
            </test-case>
            <test-case id="1717" name="RunManager_CombatDefeat_TransitionsToDefeated" fullname="Lattirune.Tests.RunStateMachineTests.RunManager_CombatDefeat_TransitionsToDefeated" methodname="RunManager_CombatDefeat_TransitionsToDefeated" classname="Lattirune.Tests.RunStateMachineTests" runstate="Runnable" seed="1330339839" result="Passed" start-time="2026-08-20 08:11:01Z" end-time="2026-08-20 08:11:01Z" duration="0.000596" asserts="0">
              <properties>
                <property name="retryIteration" value="0" />
                <property name="repeatIteration" value="0" />
              </properties>
            </test-case>
            <test-case id="1718" name="RunManager_ResetRun_ReturnsToNotStarted" fullname="Lattirune.Tests.RunStateMachineTests.RunManager_ResetRun_ReturnsToNotStarted" methodname="RunManager_ResetRun_ReturnsToNotStarted" classname="Lattirune.Tests.RunStateMachineTests" runstate="Runnable" seed="105160181" result="Passed" start-time="2026-08-20 08:11:01Z" end-time="2026-08-20 08:11:01Z" duration="0.000443" asserts="0">
              <properties>
                <property name="retryIteration" value="0" />
                <property name="repeatIteration" value="0" />
              </properties>
            </test-case>
            <test-case id="1716" name="RunManager_StartEncounterCombat_TransitionsToEncounterActive" fullname="Lattirune.Tests.RunStateMachineTests.RunManager_StartEncounterCombat_TransitionsToEncounterActive" methodname="RunManager_StartEncounterCombat_TransitionsToEncounterActive" classname="Lattirune.Tests.RunStateMachineTests" runstate="Runnable" seed="1320981649" result="Passed" start-time="2026-08-20 08:11:01Z" end-time="2026-08-20 08:11:01Z" duration="0.000410" asserts="0">
              <properties>
                <property name="retryIteration" value="0" />
                <property name="repeatIteration" value="0" />
              </properties>
            </test-case>
            <test-case id="1715" name="RunManager_StartRun_TransitionsToFloorPreparing" fullname="Lattirune.Tests.RunStateMachineTests.RunManager_StartRun_TransitionsToFloorPreparing" methodname="RunManager_StartRun_TransitionsToFloorPreparing" classname="Lattirune.Tests.RunStateMachineTests" runstate="Runnable" seed="1986659472" result="Passed" start-time="2026-08-20 08:11:01Z" end-time="2026-08-20 08:11:01Z" duration="0.000557" asserts="0">
              <properties>
                <property name="retryIteration" value="0" />
                <property name="repeatIteration" value="0" />
              </properties>
            </test-case>
            <test-case id="1714" name="RunState_InitialStateIsNotStarted" fullname="Lattirune.Tests.RunStateMachineTests.RunState_InitialStateIsNotStarted" methodname="RunState_InitialStateIsNotStarted" classname="Lattirune.Tests.RunStateMachineTests" runstate="Runnable" seed="213427959" result="Passed" start-time="2026-08-20 08:11:01Z" end-time="2026-08-20 08:11:01Z" duration="0.000449" asserts="0">
              <properties>
                <property name="retryIteration" value="0" />
                <property name="repeatIteration" value="0" />
              </properties>
            </test-case>
          </test-suite>
          <test-suite type="TestFixture" id="1719" name="SaveEncryptionTests" fullname="Lattirune.Tests.SaveEncryptionTests" classname="Lattirune.Tests.SaveEncryptionTests" runstate="Runnable" testcasecount="4" result="Passed" start-time="2026-08-20 08:11:01Z" end-time="2026-08-20 08:11:01Z" duration="0.027576" total="4" passed="4" failed="0" inconclusive="0" skipped="0" asserts="0">
            <properties />
            <test-case id="1722" name="SaveEncryption_CorruptBytes_ReturnsNullGracefully" fullname="Lattirune.Tests.SaveEncryptionTests.SaveEncryption_CorruptBytes_ReturnsNullGracefully" methodname="SaveEncryption_CorruptBytes_ReturnsNullGracefully" classname="Lattirune.Tests.SaveEncryptionTests" runstate="Runnable" seed="744684322" result="Passed" start-time="2026-08-20 08:11:01Z" end-time="2026-08-20 08:11:01Z" duration="0.010714" asserts="0">
              <properties>
                <property name="retryIteration" value="0" />
                <property name="repeatIteration" value="0" />
              </properties>
              <output><![CDATA[[Lattirune.Save] Decryption failed (file corrupted or modified): Offset and length were out of bounds for the array or count is greater than the number of elements from index to the end of the source collection.
]]></output>
            </test-case>
            <test-case id="1723" name="SaveEncryption_EmptyOrNullInput_HandledSafely" fullname="Lattirune.Tests.SaveEncryptionTests.SaveEncryption_EmptyOrNullInput_HandledSafely" methodname="SaveEncryption_EmptyOrNullInput_HandledSafely" classname="Lattirune.Tests.SaveEncryptionTests" runstate="Runnable" seed="634847901" result="Passed" start-time="2026-08-20 08:11:01Z" end-time="2026-08-20 08:11:01Z" duration="0.000214" asserts="0">
              <properties>
                <property name="retryIteration" value="0" />
                <property name="repeatIteration" value="0" />
              </properties>
            </test-case>
            <test-case id="1721" name="SaveEncryption_EncryptedBytes_DoNotMatchPlainJson" fullname="Lattirune.Tests.SaveEncryptionTests.SaveEncryption_EncryptedBytes_DoNotMatchPlainJson" methodname="SaveEncryption_EncryptedBytes_DoNotMatchPlainJson" classname="Lattirune.Tests.SaveEncryptionTests" runstate="Runnable" seed="1844152781" result="Passed" start-time="2026-08-20 08:11:01Z" end-time="2026-08-20 08:11:01Z" duration="0.005596" asserts="0">
              <properties>
                <property name="retryIteration" value="0" />
                <property name="repeatIteration" value="0" />
              </properties>
            </test-case>
            <test-case id="1720" name="SaveEncryption_RoundTrip_ReturnsOriginalString" fullname="Lattirune.Tests.SaveEncryptionTests.SaveEncryption_RoundTrip_ReturnsOriginalString" methodname="SaveEncryption_RoundTrip_ReturnsOriginalString" classname="Lattirune.Tests.SaveEncryptionTests" runstate="Runnable" seed="96059042" result="Passed" start-time="2026-08-20 08:11:01Z" end-time="2026-08-20 08:11:01Z" duration="0.010214" asserts="0">
              <properties>
                <property name="retryIteration" value="0" />
                <property name="repeatIteration" value="0" />
              </properties>
            </test-case>
          </test-suite>
          <test-suite type="TestFixture" id="1724" name="SaveSerializerTests" fullname="Lattirune.Tests.SaveSerializerTests" classname="Lattirune.Tests.SaveSerializerTests" runstate="Runnable" testcasecount="3" result="Passed" start-time="2026-08-20 08:11:01Z" end-time="2026-08-20 08:11:01Z" duration="0.002781" total="3" passed="3" failed="0" inconclusive="0" skipped="0" asserts="0">
            <properties />
            <test-case id="1726" name="SaveSerializer_NullInput_ReturnsNullGracefully" fullname="Lattirune.Tests.SaveSerializerTests.SaveSerializer_NullInput_ReturnsNullGracefully" methodname="SaveSerializer_NullInput_ReturnsNullGracefully" classname="Lattirune.Tests.SaveSerializerTests" runstate="Runnable" seed="1811666979" result="Passed" start-time="2026-08-20 08:11:01Z" end-time="2026-08-20 08:11:01Z" duration="0.001399" asserts="0">
              <properties>
                <property name="retryIteration" value="0" />
                <property name="repeatIteration" value="0" />
              </properties>
              <output><![CDATA[[Lattirune.Save] Cannot serialize null SaveData.
[Lattirune.Save] Cannot deserialize null or empty JSON string.
[Lattirune.Save] Cannot deserialize null or empty JSON string.
]]></output>
            </test-case>
            <test-case id="1727" name="SaveSerializer_SaveVersion_PreservedCorrectly" fullname="Lattirune.Tests.SaveSerializerTests.SaveSerializer_SaveVersion_PreservedCorrectly" methodname="SaveSerializer_SaveVersion_PreservedCorrectly" classname="Lattirune.Tests.SaveSerializerTests" runstate="Runnable" seed="1613716757" result="Passed" start-time="2026-08-20 08:11:01Z" end-time="2026-08-20 08:11:01Z" duration="0.000211" asserts="0">
              <properties>
                <property name="retryIteration" value="0" />
                <property name="repeatIteration" value="0" />
              </properties>
            </test-case>
            <test-case id="1725" name="SaveSerializer_SerializesAndDeserializes_MatchesOriginal" fullname="Lattirune.Tests.SaveSerializerTests.SaveSerializer_SerializesAndDeserializes_MatchesOriginal" methodname="SaveSerializer_SerializesAndDeserializes_MatchesOriginal" classname="Lattirune.Tests.SaveSerializerTests" runstate="Runnable" seed="280523293" result="Passed" start-time="2026-08-20 08:11:01Z" end-time="2026-08-20 08:11:01Z" duration="0.000352" asserts="0">
              <properties>
                <property name="retryIteration" value="0" />
                <property name="repeatIteration" value="0" />
              </properties>
            </test-case>
          </test-suite>
          <test-suite type="TestFixture" id="1728" name="SaveSystemTests" fullname="Lattirune.Tests.SaveSystemTests" classname="Lattirune.Tests.SaveSystemTests" runstate="Runnable" testcasecount="6" result="Passed" start-time="2026-08-20 08:11:01Z" end-time="2026-08-20 08:11:02Z" duration="0.165663" total="6" passed="6" failed="0" inconclusive="0" skipped="0" asserts="0">
            <properties />
            <test-case id="1731" name="SaveSystem_CorruptPrimary_RecoversFromBackup" fullname="Lattirune.Tests.SaveSystemTests.SaveSystem_CorruptPrimary_RecoversFromBackup" methodname="SaveSystem_CorruptPrimary_RecoversFromBackup" classname="Lattirune.Tests.SaveSystemTests" runstate="Runnable" seed="1702102237" result="Passed" start-time="2026-08-20 08:11:01Z" end-time="2026-08-20 08:11:02Z" duration="0.069671" asserts="0">
              <properties>
                <property name="retryIteration" value="0" />
                <property name="repeatIteration" value="0" />
              </properties>
              <output><![CDATA[[Lattirune.Save] Save file written successfully.
[Lattirune.Save] Save file written successfully.
[Lattirune.Save] Decryption failed (file corrupted or modified): Offset and length were out of bounds for the array or count is greater than the number of elements from index to the end of the source collection.
[Lattirune.Save] Primary save corrupted or unreadable. Attempting backup recovery...
[Lattirune.Save] Successfully recovered save from backup.
]]></output>
            </test-case>
            <test-case id="1732" name="SaveSystem_CorruptPrimaryAndBackup_CreatesSafeDefault" fullname="Lattirune.Tests.SaveSystemTests.SaveSystem_CorruptPrimaryAndBackup_CreatesSafeDefault" methodname="SaveSystem_CorruptPrimaryAndBackup_CreatesSafeDefault" classname="Lattirune.Tests.SaveSystemTests" runstate="Runnable" seed="2135892873" result="Passed" start-time="2026-08-20 08:11:02Z" end-time="2026-08-20 08:11:02Z" duration="0.025326" asserts="0">
              <properties>
                <property name="retryIteration" value="0" />
                <property name="repeatIteration" value="0" />
              </properties>
              <output><![CDATA[[Lattirune.Save] Decryption failed (file corrupted or modified): Offset and length were out of bounds for the array or count is greater than the number of elements from index to the end of the source collection.
[Lattirune.Save] Primary save corrupted or unreadable. Attempting backup recovery...
[Lattirune.Save] Decryption failed (file corrupted or modified): Offset and length were out of bounds for the array or count is greater than the number of elements from index to the end of the source collection.
[Lattirune.Save] Both primary and backup saves are corrupt. Creating clean default profile.
[Lattirune.Save] Save file written successfully.
]]></output>
            </test-case>
            <test-case id="1733" name="SaveSystem_DeleteSave_CleansFiles" fullname="Lattirune.Tests.SaveSystemTests.SaveSystem_DeleteSave_CleansFiles" methodname="SaveSystem_DeleteSave_CleansFiles" classname="Lattirune.Tests.SaveSystemTests" runstate="Runnable" seed="107603837" result="Passed" start-time="2026-08-20 08:11:02Z" end-time="2026-08-20 08:11:02Z" duration="0.009096" asserts="0">
              <properties>
                <property name="retryIteration" value="0" />
                <property name="repeatIteration" value="0" />
              </properties>
              <output><![CDATA[[Lattirune.Save] Save file written successfully.
[Lattirune.Save] Save files deleted.
]]></output>
            </test-case>
            <test-case id="1730" name="SaveSystem_MissingSave_ReturnsNoSaveWithDefaultProfile" fullname="Lattirune.Tests.SaveSystemTests.SaveSystem_MissingSave_ReturnsNoSaveWithDefaultProfile" methodname="SaveSystem_MissingSave_ReturnsNoSaveWithDefaultProfile" classname="Lattirune.Tests.SaveSystemTests" runstate="Runnable" seed="1676964463" result="Passed" start-time="2026-08-20 08:11:02Z" end-time="2026-08-20 08:11:02Z" duration="0.001236" asserts="0">
              <properties>
                <property name="retryIteration" value="0" />
                <property name="repeatIteration" value="0" />
              </properties>
            </test-case>
            <test-case id="1729" name="SaveSystem_SaveAndLoad_PreservesDataCorrectly" fullname="Lattirune.Tests.SaveSystemTests.SaveSystem_SaveAndLoad_PreservesDataCorrectly" methodname="SaveSystem_SaveAndLoad_PreservesDataCorrectly" classname="Lattirune.Tests.SaveSystemTests" runstate="Runnable" seed="1409510201" result="Passed" start-time="2026-08-20 08:11:02Z" end-time="2026-08-20 08:11:02Z" duration="0.027053" asserts="0">
              <properties>
                <property name="retryIteration" value="0" />
                <property name="repeatIteration" value="0" />
              </properties>
              <output><![CDATA[[Lattirune.Save] Save file written successfully.
]]></output>
            </test-case>
            <test-case id="1734" name="SaveSystem_SettingsRoundTrip_PreservedAndClamped" fullname="Lattirune.Tests.SaveSystemTests.SaveSystem_SettingsRoundTrip_PreservedAndClamped" methodname="SaveSystem_SettingsRoundTrip_PreservedAndClamped" classname="Lattirune.Tests.SaveSystemTests" runstate="Runnable" seed="786657899" result="Passed" start-time="2026-08-20 08:11:02Z" end-time="2026-08-20 08:11:02Z" duration="0.031989" asserts="0">
              <properties>
                <property name="retryIteration" value="0" />
                <property name="repeatIteration" value="0" />
              </properties>
              <output><![CDATA[[Lattirune.Save] Save file written successfully.
]]></output>
            </test-case>
          </test-suite>
          <test-suite type="TestFixture" id="1735" name="SaveValidatorTests" fullname="Lattirune.Tests.SaveValidatorTests" classname="Lattirune.Tests.SaveValidatorTests" runstate="Runnable" testcasecount="6" result="Passed" start-time="2026-08-20 08:11:02Z" end-time="2026-08-20 08:11:02Z" duration="0.008627" total="6" passed="6" failed="0" inconclusive="0" skipped="0" asserts="0">
            <properties />
            <test-case id="1738" name="SaveValidator_InvalidGridCoordinates_Rejected" fullname="Lattirune.Tests.SaveValidatorTests.SaveValidator_InvalidGridCoordinates_Rejected" methodname="SaveValidator_InvalidGridCoordinates_Rejected" classname="Lattirune.Tests.SaveValidatorTests" runstate="Runnable" seed="1718525714" result="Passed" start-time="2026-08-20 08:11:02Z" end-time="2026-08-20 08:11:02Z" duration="0.000715" asserts="0">
              <properties>
                <property name="retryIteration" value="0" />
                <property name="repeatIteration" value="0" />
              </properties>
            </test-case>
            <test-case id="1739" name="SaveValidator_InvalidRotation_Rejected" fullname="Lattirune.Tests.SaveValidatorTests.SaveValidator_InvalidRotation_Rejected" methodname="SaveValidator_InvalidRotation_Rejected" classname="Lattirune.Tests.SaveValidatorTests" runstate="Runnable" seed="865129062" result="Passed" start-time="2026-08-20 08:11:02Z" end-time="2026-08-20 08:11:02Z" duration="0.000309" asserts="0">
              <properties>
                <property name="retryIteration" value="0" />
                <property name="repeatIteration" value="0" />
              </properties>
            </test-case>
            <test-case id="1740" name="SaveValidator_InvalidSettingsVolume_Rejected" fullname="Lattirune.Tests.SaveValidatorTests.SaveValidator_InvalidSettingsVolume_Rejected" methodname="SaveValidator_InvalidSettingsVolume_Rejected" classname="Lattirune.Tests.SaveValidatorTests" runstate="Runnable" seed="1906800301" result="Passed" start-time="2026-08-20 08:11:02Z" end-time="2026-08-20 08:11:02Z" duration="0.000283" asserts="0">
              <properties>
                <property name="retryIteration" value="0" />
                <property name="repeatIteration" value="0" />
              </properties>
            </test-case>
            <test-case id="1737" name="SaveValidator_InvalidVersion_Rejected" fullname="Lattirune.Tests.SaveValidatorTests.SaveValidator_InvalidVersion_Rejected" methodname="SaveValidator_InvalidVersion_Rejected" classname="Lattirune.Tests.SaveValidatorTests" runstate="Runnable" seed="1790031570" result="Passed" start-time="2026-08-20 08:11:02Z" end-time="2026-08-20 08:11:02Z" duration="0.000239" asserts="0">
              <properties>
                <property name="retryIteration" value="0" />
                <property name="repeatIteration" value="0" />
              </properties>
            </test-case>
            <test-case id="1741" name="SaveValidator_NullSaveData_Rejected" fullname="Lattirune.Tests.SaveValidatorTests.SaveValidator_NullSaveData_Rejected" methodname="SaveValidator_NullSaveData_Rejected" classname="Lattirune.Tests.SaveValidatorTests" runstate="Runnable" seed="1408187798" result="Passed" start-time="2026-08-20 08:11:02Z" end-time="2026-08-20 08:11:02Z" duration="0.000219" asserts="0">
              <properties>
                <property name="retryIteration" value="0" />
                <property name="repeatIteration" value="0" />
              </properties>
            </test-case>
            <test-case id="1736" name="SaveValidator_ValidSaveData_PassesValidation" fullname="Lattirune.Tests.SaveValidatorTests.SaveValidator_ValidSaveData_PassesValidation" methodname="SaveValidator_ValidSaveData_PassesValidation" classname="Lattirune.Tests.SaveValidatorTests" runstate="Runnable" seed="1991471256" result="Passed" start-time="2026-08-20 08:11:02Z" end-time="2026-08-20 08:11:02Z" duration="0.000395" asserts="0">
              <properties>
                <property name="retryIteration" value="0" />
                <property name="repeatIteration" value="0" />
              </properties>
            </test-case>
          </test-suite>
          <test-suite type="TestFixture" id="1742" name="StoreAssetReadinessTests" fullname="Lattirune.Tests.StoreAssetReadinessTests" classname="Lattirune.Tests.StoreAssetReadinessTests" runstate="Runnable" testcasecount="13" result="Passed" start-time="2026-08-20 08:11:02Z" end-time="2026-08-20 08:11:02Z" duration="0.007707" total="13" passed="13" failed="0" inconclusive="0" skipped="0" asserts="0">
            <properties />
            <test-case id="1753" name="StoreAssets_NoFakePrivacyUrlExists" fullname="Lattirune.Tests.StoreAssetReadinessTests.StoreAssets_NoFakePrivacyUrlExists" methodname="StoreAssets_NoFakePrivacyUrlExists" classname="Lattirune.Tests.StoreAssetReadinessTests" runstate="Runnable" seed="2089429489" result="Passed" start-time="2026-08-20 08:11:02Z" end-time="2026-08-20 08:11:02Z" duration="0.000529" asserts="0">
              <properties>
                <property name="retryIteration" value="0" />
                <property name="repeatIteration" value="0" />
              </properties>
            </test-case>
            <test-case id="1743" name="StoreAssets_PackageIdentifier_Matches" fullname="Lattirune.Tests.StoreAssetReadinessTests.StoreAssets_PackageIdentifier_Matches" methodname="StoreAssets_PackageIdentifier_Matches" classname="Lattirune.Tests.StoreAssetReadinessTests" runstate="Runnable" seed="918224819" result="Passed" start-time="2026-08-20 08:11:02Z" end-time="2026-08-20 08:11:02Z" duration="0.000264" asserts="0">
              <properties>
                <property name="retryIteration" value="0" />
                <property name="repeatIteration" value="0" />
              </properties>
            </test-case>
            <test-case id="1751" name="StoreAssets_PrivacyPolicyDoc_Exists" fullname="Lattirune.Tests.StoreAssetReadinessTests.StoreAssets_PrivacyPolicyDoc_Exists" methodname="StoreAssets_PrivacyPolicyDoc_Exists" classname="Lattirune.Tests.StoreAssetReadinessTests" runstate="Runnable" seed="1056735047" result="Passed" start-time="2026-08-20 08:11:02Z" end-time="2026-08-20 08:11:02Z" duration="0.000214" asserts="0">
              <properties>
                <property name="retryIteration" value="0" />
                <property name="repeatIteration" value="0" />
              </properties>
            </test-case>
            <test-case id="1749" name="StoreAssets_PrivacyPolicyHostingGuideDoc_Exists" fullname="Lattirune.Tests.StoreAssetReadinessTests.StoreAssets_PrivacyPolicyHostingGuideDoc_Exists" methodname="StoreAssets_PrivacyPolicyHostingGuideDoc_Exists" classname="Lattirune.Tests.StoreAssetReadinessTests" runstate="Runnable" seed="288809606" result="Passed" start-time="2026-08-20 08:11:02Z" end-time="2026-08-20 08:11:02Z" duration="0.000251" asserts="0">
              <properties>
                <property name="retryIteration" value="0" />
                <property name="repeatIteration" value="0" />
              </properties>
            </test-case>
            <test-case id="1754" name="StoreAssets_ReleaseArtifactsIgnored_ByGit" fullname="Lattirune.Tests.StoreAssetReadinessTests.StoreAssets_ReleaseArtifactsIgnored_ByGit" methodname="StoreAssets_ReleaseArtifactsIgnored_ByGit" classname="Lattirune.Tests.StoreAssetReadinessTests" runstate="Runnable" seed="1872737663" result="Passed" start-time="2026-08-20 08:11:02Z" end-time="2026-08-20 08:11:02Z" duration="0.000247" asserts="0">
              <properties>
                <property name="retryIteration" value="0" />
                <property name="repeatIteration" value="0" />
              </properties>
            </test-case>
            <test-case id="1746" name="StoreAssets_SaveVersion_Matches" fullname="Lattirune.Tests.StoreAssetReadinessTests.StoreAssets_SaveVersion_Matches" methodname="StoreAssets_SaveVersion_Matches" classname="Lattirune.Tests.StoreAssetReadinessTests" runstate="Runnable" seed="1581579556" result="Passed" start-time="2026-08-20 08:11:02Z" end-time="2026-08-20 08:11:02Z" duration="0.000232" asserts="0">
              <properties>
                <property name="retryIteration" value="0" />
                <property name="repeatIteration" value="0" />
              </properties>
            </test-case>
            <test-case id="1748" name="StoreAssets_ScreenshotCapturePlanDoc_Exists" fullname="Lattirune.Tests.StoreAssetReadinessTests.StoreAssets_ScreenshotCapturePlanDoc_Exists" methodname="StoreAssets_ScreenshotCapturePlanDoc_Exists" classname="Lattirune.Tests.StoreAssetReadinessTests" runstate="Runnable" seed="151991539" result="Passed" start-time="2026-08-20 08:11:02Z" end-time="2026-08-20 08:11:02Z" duration="0.000228" asserts="0">
              <properties>
                <property name="retryIteration" value="0" />
                <property name="repeatIteration" value="0" />
              </properties>
            </test-case>
            <test-case id="1755" name="StoreAssets_SigningSecrets_NotTracked" fullname="Lattirune.Tests.StoreAssetReadinessTests.StoreAssets_SigningSecrets_NotTracked" methodname="StoreAssets_SigningSecrets_NotTracked" classname="Lattirune.Tests.StoreAssetReadinessTests" runstate="Runnable" seed="988330313" result="Passed" start-time="2026-08-20 08:11:02Z" end-time="2026-08-20 08:11:02Z" duration="0.000275" asserts="0">
              <properties>
                <property name="retryIteration" value="0" />
                <property name="repeatIteration" value="0" />
              </properties>
            </test-case>
            <test-case id="1747" name="StoreAssets_StoreAssetManifestDoc_Exists" fullname="Lattirune.Tests.StoreAssetReadinessTests.StoreAssets_StoreAssetManifestDoc_Exists" methodname="StoreAssets_StoreAssetManifestDoc_Exists" classname="Lattirune.Tests.StoreAssetReadinessTests" runstate="Runnable" seed="1914256044" result="Passed" start-time="2026-08-20 08:11:02Z" end-time="2026-08-20 08:11:02Z" duration="0.000498" asserts="0">
              <properties>
                <property name="retryIteration" value="0" />
                <property name="repeatIteration" value="0" />
              </properties>
            </test-case>
            <test-case id="1750" name="StoreAssets_StoreListingDoc_Exists" fullname="Lattirune.Tests.StoreAssetReadinessTests.StoreAssets_StoreListingDoc_Exists" methodname="StoreAssets_StoreListingDoc_Exists" classname="Lattirune.Tests.StoreAssetReadinessTests" runstate="Runnable" seed="2080592509" result="Passed" start-time="2026-08-20 08:11:02Z" end-time="2026-08-20 08:11:02Z" duration="0.000274" asserts="0">
              <properties>
                <property name="retryIteration" value="0" />
                <property name="repeatIteration" value="0" />
              </properties>
            </test-case>
            <test-case id="1752" name="StoreAssets_SubmissionChecklistDoc_Exists" fullname="Lattirune.Tests.StoreAssetReadinessTests.StoreAssets_SubmissionChecklistDoc_Exists" methodname="StoreAssets_SubmissionChecklistDoc_Exists" classname="Lattirune.Tests.StoreAssetReadinessTests" runstate="Runnable" seed="443050595" result="Passed" start-time="2026-08-20 08:11:02Z" end-time="2026-08-20 08:11:02Z" duration="0.000224" asserts="0">
              <properties>
                <property name="retryIteration" value="0" />
                <property name="repeatIteration" value="0" />
              </properties>
            </test-case>
            <test-case id="1745" name="StoreAssets_VersionCode_Matches" fullname="Lattirune.Tests.StoreAssetReadinessTests.StoreAssets_VersionCode_Matches" methodname="StoreAssets_VersionCode_Matches" classname="Lattirune.Tests.StoreAssetReadinessTests" runstate="Runnable" seed="1357190240" result="Passed" start-time="2026-08-20 08:11:02Z" end-time="2026-08-20 08:11:02Z" duration="0.000293" asserts="0">
              <properties>
                <property name="retryIteration" value="0" />
                <property name="repeatIteration" value="0" />
              </properties>
            </test-case>
            <test-case id="1744" name="StoreAssets_VersionName_Matches" fullname="Lattirune.Tests.StoreAssetReadinessTests.StoreAssets_VersionName_Matches" methodname="StoreAssets_VersionName_Matches" classname="Lattirune.Tests.StoreAssetReadinessTests" runstate="Runnable" seed="1358691801" result="Passed" start-time="2026-08-20 08:11:02Z" end-time="2026-08-20 08:11:02Z" duration="0.000206" asserts="0">
              <properties>
                <property name="retryIteration" value="0" />
                <property name="repeatIteration" value="0" />
              </properties>
            </test-case>
          </test-suite>
          <test-suite type="TestFixture" id="1756" name="SynergyMatrixTests" fullname="Lattirune.Tests.SynergyMatrixTests" classname="Lattirune.Tests.SynergyMatrixTests" runstate="Runnable" testcasecount="9" result="Passed" start-time="2026-08-20 08:11:02Z" end-time="2026-08-20 08:11:02Z" duration="0.023120" total="9" passed="9" failed="0" inconclusive="0" skipped="0" asserts="0">
            <properties />
            <test-case id="1764" name="SynergyMatrix_DatabaseValidation_DetectsDuplicatesAndErrors" fullname="Lattirune.Tests.SynergyMatrixTests.SynergyMatrix_DatabaseValidation_DetectsDuplicatesAndErrors" methodname="SynergyMatrix_DatabaseValidation_DetectsDuplicatesAndErrors" classname="Lattirune.Tests.SynergyMatrixTests" runstate="Runnable" seed="1860980080" result="Passed" start-time="2026-08-20 08:11:02Z" end-time="2026-08-20 08:11:02Z" duration="0.001373" asserts="0">
              <properties>
                <property name="retryIteration" value="0" />
                <property name="repeatIteration" value="0" />
              </properties>
            </test-case>
            <test-case id="1757" name="SynergyMatrix_FireRune_Plus_Sword_ResolvesFlameboundEdge" fullname="Lattirune.Tests.SynergyMatrixTests.SynergyMatrix_FireRune_Plus_Sword_ResolvesFlameboundEdge" methodname="SynergyMatrix_FireRune_Plus_Sword_ResolvesFlameboundEdge" classname="Lattirune.Tests.SynergyMatrixTests" runstate="Runnable" seed="1114652438" result="Passed" start-time="2026-08-20 08:11:02Z" end-time="2026-08-20 08:11:02Z" duration="0.001139" asserts="0">
              <properties>
                <property name="retryIteration" value="0" />
                <property name="repeatIteration" value="0" />
              </properties>
            </test-case>
            <test-case id="1758" name="SynergyMatrix_IceRune_Plus_Shield_ResolvesGlacialBastion" fullname="Lattirune.Tests.SynergyMatrixTests.SynergyMatrix_IceRune_Plus_Shield_ResolvesGlacialBastion" methodname="SynergyMatrix_IceRune_Plus_Shield_ResolvesGlacialBastion" classname="Lattirune.Tests.SynergyMatrixTests" runstate="Runnable" seed="1679020087" result="Passed" start-time="2026-08-20 08:11:02Z" end-time="2026-08-20 08:11:02Z" duration="0.001302" asserts="0">
              <properties>
                <property name="retryIteration" value="0" />
                <property name="repeatIteration" value="0" />
              </properties>
            </test-case>
            <test-case id="1765" name="SynergyMatrix_ItemDataSO_RemainsImmutable" fullname="Lattirune.Tests.SynergyMatrixTests.SynergyMatrix_ItemDataSO_RemainsImmutable" methodname="SynergyMatrix_ItemDataSO_RemainsImmutable" classname="Lattirune.Tests.SynergyMatrixTests" runstate="Runnable" seed="909806556" result="Passed" start-time="2026-08-20 08:11:02Z" end-time="2026-08-20 08:11:02Z" duration="0.000860" asserts="0">
              <properties>
                <property name="retryIteration" value="0" />
                <property name="repeatIteration" value="0" />
              </properties>
            </test-case>
            <test-case id="1759" name="SynergyMatrix_LightningRune_Plus_Weapon_ResolvesStormSurge" fullname="Lattirune.Tests.SynergyMatrixTests.SynergyMatrix_LightningRune_Plus_Weapon_ResolvesStormSurge" methodname="SynergyMatrix_LightningRune_Plus_Weapon_ResolvesStormSurge" classname="Lattirune.Tests.SynergyMatrixTests" runstate="Runnable" seed="948996706" result="Passed" start-time="2026-08-20 08:11:02Z" end-time="2026-08-20 08:11:02Z" duration="0.000730" asserts="0">
              <properties>
                <property name="retryIteration" value="0" />
                <property name="repeatIteration" value="0" />
              </properties>
            </test-case>
            <test-case id="1761" name="SynergyMatrix_LightRune_Plus_Relic_ResolvesRadiantDawn" fullname="Lattirune.Tests.SynergyMatrixTests.SynergyMatrix_LightRune_Plus_Relic_ResolvesRadiantDawn" methodname="SynergyMatrix_LightRune_Plus_Relic_ResolvesRadiantDawn" classname="Lattirune.Tests.SynergyMatrixTests" runstate="Runnable" seed="990287567" result="Passed" start-time="2026-08-20 08:11:02Z" end-time="2026-08-20 08:11:02Z" duration="0.000875" asserts="0">
              <properties>
                <property name="retryIteration" value="0" />
                <property name="repeatIteration" value="0" />
              </properties>
            </test-case>
            <test-case id="1762" name="SynergyMatrix_MismatchedItemCategory_RejectsSynergy" fullname="Lattirune.Tests.SynergyMatrixTests.SynergyMatrix_MismatchedItemCategory_RejectsSynergy" methodname="SynergyMatrix_MismatchedItemCategory_RejectsSynergy" classname="Lattirune.Tests.SynergyMatrixTests" runstate="Runnable" seed="433257290" result="Passed" start-time="2026-08-20 08:11:02Z" end-time="2026-08-20 08:11:02Z" duration="0.000726" asserts="0">
              <properties>
                <property name="retryIteration" value="0" />
                <property name="repeatIteration" value="0" />
              </properties>
            </test-case>
            <test-case id="1763" name="SynergyMatrix_MultipleItemInstances_RemainIndependent" fullname="Lattirune.Tests.SynergyMatrixTests.SynergyMatrix_MultipleItemInstances_RemainIndependent" methodname="SynergyMatrix_MultipleItemInstances_RemainIndependent" classname="Lattirune.Tests.SynergyMatrixTests" runstate="Runnable" seed="711173558" result="Passed" start-time="2026-08-20 08:11:02Z" end-time="2026-08-20 08:11:02Z" duration="0.001214" asserts="0">
              <properties>
                <property name="retryIteration" value="0" />
                <property name="repeatIteration" value="0" />
              </properties>
            </test-case>
            <test-case id="1760" name="SynergyMatrix_PoisonRune_Plus_Weapon_ResolvesVenomousStrike" fullname="Lattirune.Tests.SynergyMatrixTests.SynergyMatrix_PoisonRune_Plus_Weapon_ResolvesVenomousStrike" methodname="SynergyMatrix_PoisonRune_Plus_Weapon_ResolvesVenomousStrike" classname="Lattirune.Tests.SynergyMatrixTests" runstate="Runnable" seed="116262521" result="Passed" start-time="2026-08-20 08:11:02Z" end-time="2026-08-20 08:11:02Z" duration="0.000939" asserts="0">
              <properties>
                <property name="retryIteration" value="0" />
                <property name="repeatIteration" value="0" />
              </properties>
            </test-case>
          </test-suite>
          <test-suite type="TestFixture" id="1766" name="SynergySystemTests" fullname="Lattirune.Tests.SynergySystemTests" classname="Lattirune.Tests.SynergySystemTests" runstate="Runnable" testcasecount="8" result="Passed" start-time="2026-08-20 08:11:02Z" end-time="2026-08-20 08:11:02Z" duration="0.008835" total="8" passed="8" failed="0" inconclusive="0" skipped="0" asserts="0">
            <properties />
            <test-case id="1773" name="Synergy_Events_FireActivationAndDeactivationExactlyOnce" fullname="Lattirune.Tests.SynergySystemTests.Synergy_Events_FireActivationAndDeactivationExactlyOnce" methodname="Synergy_Events_FireActivationAndDeactivationExactlyOnce" classname="Lattirune.Tests.SynergySystemTests" runstate="Runnable" seed="1776713703" result="Passed" start-time="2026-08-20 08:11:02Z" end-time="2026-08-20 08:11:02Z" duration="0.001498" asserts="0">
              <properties>
                <property name="retryIteration" value="0" />
                <property name="repeatIteration" value="0" />
              </properties>
            </test-case>
            <test-case id="1768" name="Synergy_FireRuneAndNonSword_DoesNotActivate" fullname="Lattirune.Tests.SynergySystemTests.Synergy_FireRuneAndNonSword_DoesNotActivate" methodname="Synergy_FireRuneAndNonSword_DoesNotActivate" classname="Lattirune.Tests.SynergySystemTests" runstate="Runnable" seed="1068167530" result="Passed" start-time="2026-08-20 08:11:02Z" end-time="2026-08-20 08:11:02Z" duration="0.000709" asserts="0">
              <properties>
                <property name="retryIteration" value="0" />
                <property name="repeatIteration" value="0" />
              </properties>
            </test-case>
            <test-case id="1767" name="Synergy_FireRuneAndSword_ActivatesFlameboundEdge" fullname="Lattirune.Tests.SynergySystemTests.Synergy_FireRuneAndSword_ActivatesFlameboundEdge" methodname="Synergy_FireRuneAndSword_ActivatesFlameboundEdge" classname="Lattirune.Tests.SynergySystemTests" runstate="Runnable" seed="1707287592" result="Passed" start-time="2026-08-20 08:11:02Z" end-time="2026-08-20 08:11:02Z" duration="0.000719" asserts="0">
              <properties>
                <property name="retryIteration" value="0" />
                <property name="repeatIteration" value="0" />
              </properties>
            </test-case>
            <test-case id="1769" name="Synergy_FireRuneOutsideRange_DoesNotActivate" fullname="Lattirune.Tests.SynergySystemTests.Synergy_FireRuneOutsideRange_DoesNotActivate" methodname="Synergy_FireRuneOutsideRange_DoesNotActivate" classname="Lattirune.Tests.SynergySystemTests" runstate="Runnable" seed="1599524572" result="Passed" start-time="2026-08-20 08:11:02Z" end-time="2026-08-20 08:11:02Z" duration="0.000661" asserts="0">
              <properties>
                <property name="retryIteration" value="0" />
                <property name="repeatIteration" value="0" />
              </properties>
            </test-case>
            <test-case id="1770" name="Synergy_ItemDataSO_RemainsImmutableDuringEvaluation" fullname="Lattirune.Tests.SynergySystemTests.Synergy_ItemDataSO_RemainsImmutableDuringEvaluation" methodname="Synergy_ItemDataSO_RemainsImmutableDuringEvaluation" classname="Lattirune.Tests.SynergySystemTests" runstate="Runnable" seed="1185682019" result="Passed" start-time="2026-08-20 08:11:02Z" end-time="2026-08-20 08:11:02Z" duration="0.000750" asserts="0">
              <properties>
                <property name="retryIteration" value="0" />
                <property name="repeatIteration" value="0" />
              </properties>
            </test-case>
            <test-case id="1772" name="Synergy_MovingSwordAway_DeactivatesSynergyCleanly" fullname="Lattirune.Tests.SynergySystemTests.Synergy_MovingSwordAway_DeactivatesSynergyCleanly" methodname="Synergy_MovingSwordAway_DeactivatesSynergyCleanly" classname="Lattirune.Tests.SynergySystemTests" runstate="Runnable" seed="1941214091" result="Passed" start-time="2026-08-20 08:11:02Z" end-time="2026-08-20 08:11:02Z" duration="0.001127" asserts="0">
              <properties>
                <property name="retryIteration" value="0" />
                <property name="repeatIteration" value="0" />
              </properties>
            </test-case>
            <test-case id="1771" name="Synergy_MultipleSwords_OnlyActivatesConnectedSword" fullname="Lattirune.Tests.SynergySystemTests.Synergy_MultipleSwords_OnlyActivatesConnectedSword" methodname="Synergy_MultipleSwords_OnlyActivatesConnectedSword" classname="Lattirune.Tests.SynergySystemTests" runstate="Runnable" seed="760469247" result="Passed" start-time="2026-08-20 08:11:02Z" end-time="2026-08-20 08:11:02Z" duration="0.001425" asserts="0">
              <properties>
                <property name="retryIteration" value="0" />
                <property name="repeatIteration" value="0" />
              </properties>
            </test-case>
            <test-case id="1774" name="Synergy_NonFireRune_DoesNotTriggerFireSword" fullname="Lattirune.Tests.SynergySystemTests.Synergy_NonFireRune_DoesNotTriggerFireSword" methodname="Synergy_NonFireRune_DoesNotTriggerFireSword" classname="Lattirune.Tests.SynergySystemTests" runstate="Runnable" seed="604058208" result="Passed" start-time="2026-08-20 08:11:02Z" end-time="2026-08-20 08:11:02Z" duration="0.000673" asserts="0">
              <properties>
                <property name="retryIteration" value="0" />
                <property name="repeatIteration" value="0" />
              </properties>
            </test-case>
          </test-suite>
          <test-suite type="TestFixture" id="1775" name="TenFloorDungeonProgressionTests" fullname="Lattirune.Tests.TenFloorDungeonProgressionTests" classname="Lattirune.Tests.TenFloorDungeonProgressionTests" runstate="Runnable" testcasecount="4" result="Failed" site="Child" start-time="2026-08-20 08:11:02Z" end-time="2026-08-20 08:11:02Z" duration="0.005347" total="4" passed="3" failed="1" inconclusive="0" skipped="0" asserts="0">
            <properties />
            <failure>
              <message><![CDATA[One or more child tests had errors]]></message>
            </failure>
            <test-case id="1779" name="TenFloorDungeon_ConsecutiveRuns_ResetAndTrackIndependently" fullname="Lattirune.Tests.TenFloorDungeonProgressionTests.TenFloorDungeon_ConsecutiveRuns_ResetAndTrackIndependently" methodname="TenFloorDungeon_ConsecutiveRuns_ResetAndTrackIndependently" classname="Lattirune.Tests.TenFloorDungeonProgressionTests" runstate="Runnable" seed="144477436" result="Passed" start-time="2026-08-20 08:11:02Z" end-time="2026-08-20 08:11:02Z" duration="0.001023" asserts="0">
              <properties>
                <property name="retryIteration" value="0" />
                <property name="repeatIteration" value="0" />
              </properties>
            </test-case>
            <test-case id="1776" name="TenFloorDungeon_Definition_Contains10FloorsAndCorrectEncounters" fullname="Lattirune.Tests.TenFloorDungeonProgressionTests.TenFloorDungeon_Definition_Contains10FloorsAndCorrectEncounters" methodname="TenFloorDungeon_Definition_Contains10FloorsAndCorrectEncounters" classname="Lattirune.Tests.TenFloorDungeonProgressionTests" runstate="Runnable" seed="1991690856" result="Passed" start-time="2026-08-20 08:11:02Z" end-time="2026-08-20 08:11:02Z" duration="0.000805" asserts="0">
              <properties>
                <property name="retryIteration" value="0" />
                <property name="repeatIteration" value="0" />
              </properties>
            </test-case>
            <test-case id="1777" name="TenFloorDungeon_Full10FloorRun_Floor1ToFloor10LichLord_ReachesRunComplete" fullname="Lattirune.Tests.TenFloorDungeonProgressionTests.TenFloorDungeon_Full10FloorRun_Floor1ToFloor10LichLord_ReachesRunComplete" methodname="TenFloorDungeon_Full10FloorRun_Floor1ToFloor10LichLord_ReachesRunComplete" classname="Lattirune.Tests.TenFloorDungeonProgressionTests" runstate="Runnable" seed="29049889" result="Passed" start-time="2026-08-20 08:11:02Z" end-time="2026-08-20 08:11:02Z" duration="0.000956" asserts="0">
              <properties>
                <property name="retryIteration" value="0" />
                <property name="repeatIteration" value="0" />
              </properties>
            </test-case>
            <test-case id="1778" name="TenFloorDungeon_MidRunSaveAndRestore_RestoresFloorIndexCorrectly" fullname="Lattirune.Tests.TenFloorDungeonProgressionTests.TenFloorDungeon_MidRunSaveAndRestore_RestoresFloorIndexCorrectly" methodname="TenFloorDungeon_MidRunSaveAndRestore_RestoresFloorIndexCorrectly" classname="Lattirune.Tests.TenFloorDungeonProgressionTests" runstate="Runnable" seed="1460255478" result="Failed" start-time="2026-08-20 08:11:02Z" end-time="2026-08-20 08:11:02Z" duration="0.001061" asserts="0">
              <properties>
                <property name="retryIteration" value="0" />
                <property name="repeatIteration" value="0" />
              </properties>
              <failure>
                <message><![CDATA[  Expected string length 16 but was 13. Strings differ at index 0.
  Expected: "Armored Skeleton"
  But was:  "Grave Goliath"
  -----------^
]]></message>
                <stack-trace><![CDATA[at Lattirune.Tests.TenFloorDungeonProgressionTests.TenFloorDungeon_MidRunSaveAndRestore_RestoresFloorIndexCorrectly () [0x0013f] in C:\GAME PLAN\Assets\_Project\Tests\TenFloorDungeonProgressionTests.cs:162
]]></stack-trace>
              </failure>
              <output><![CDATA[Saving results to: C:/Users/k deswanth/AppData/LocalLow/Developer/Lattirune\TestResults.xml
]]></output>
            </test-case>
          </test-suite>
        </test-suite>
      </test-suite>
    </test-suite>
  </test-suite>
</test-run>